[{"stream_name":"stderr","time":9.012452667,"data":"Using Python 3.12.13 environment at: /usr\n"}
,{"stream_name":"stderr","time":9.266629405,"data":"Resolved 159 packages in 152ms\n"}
,{"stream_name":"stderr","time":46.77291218,"data":"Prepared 123 packages in 37.50s\n"}
,{"stream_name":"stderr","time":53.157609114,"data":"Uninstalled 93 packages in 6.38s\n"}
,{"stream_name":"stderr","time":53.61892868,"data":"Installed 123 packages in 460ms\n"}
,{"stream_name":"stderr","time":53.619791775,"data":" - absl-py==1.4.0\n"}
,{"stream_name":"stderr","time":53.619807301,"data":" + absl-py==2.5.0\n"}
,{"stream_name":"stderr","time":53.619812937,"data":" - accelerate==1.13.0\n"}
,{"stream_name":"stderr","time":53.619818423,"data":" + accelerate==1.14.0\n"}
,{"stream_name":"stderr","time":53.619823712,"data":" - aiohappyeyeballs==2.6.1\n"}
,{"stream_name":"stderr","time":53.619829007999996,"data":" + aiohappyeyeballs==2.7.1\n"}
,{"stream_name":"stderr","time":53.619834145,"data":" - aiohttp==3.13.5\n"}
,{"stream_name":"stderr","time":53.619839382,"data":" + aiohttp==3.14.3\n"}
,{"stream_name":"stderr","time":53.619844745,"data":" - alembic==1.18.4\n"}
,{"stream_name":"stderr","time":53.619862058,"data":" + alembic==1.18.5\n"}
,{"stream_name":"stderr","time":53.619867582,"data":" - annotated-doc==0.0.4\n"}
,{"stream_name":"stderr","time":53.619920158,"data":" + annotated-doc==0.0.5\n"}
,{"stream_name":"stderr","time":53.619999479,"data":" - annotated-types==0.7.0\n"}
,{"stream_name":"stderr","time":53.620050698,"data":" + annotated-types==0.8.0\n"}
,{"stream_name":"stderr","time":53.62013187,"data":" - anyio==4.13.0\n"}
,{"stream_name":"stderr","time":53.620222014,"data":" + anyio==4.14.2\n"}
,{"stream_name":"stderr","time":53.620462608,"data":" - asttokens==3.0.1\n"}
,{"stream_name":"stderr","time":53.620477008,"data":" + asttokens==3.0.2\n"}
,{"stream_name":"stderr","time":53.620483039,"data":" + async-lru==2.3.0\n"}
,{"stream_name":"stderr","time":53.620488609,"data":" - beautifulsoup4==4.13.5\n"}
,{"stream_name":"stderr","time":53.620567123,"data":" + beautifulsoup4==4.15.0\n"}
,{"stream_name":"stderr","time":53.620575477,"data":" - blinker==1.9.0\n"}
,{"stream_name":"stderr","time":53.620609049,"data":" + blinker==1.7.0\n"}
,{"stream_name":"stderr","time":53.620670919,"data":" - certifi==2026.4.22\n"}
,{"stream_name":"stderr","time":53.620723696,"data":" + certifi==2026.7.22\n"}
,{"stream_name":"stderr","time":53.620817626,"data":" - cffi==2.0.0\n"}
,{"stream_name":"stderr","time":53.620850231,"data":" + cffi==2.1.0\n"}
,{"stream_name":"stderr","time":53.620908057,"data":" - charset-normalizer==3.4.7\n"}
,{"stream_name":"stderr","time":53.620980629,"data":" + charset-normalizer==3.4.9\n"}
,{"stream_name":"stderr","time":53.621074989,"data":" - click==8.3.3\n"}
,{"stream_name":"stderr","time":53.621084462,"data":" + click==8.4.2\n"}
,{"stream_name":"stderr","time":53.621126275,"data":" - cloudpathlib==0.23.0\n"}
,{"stream_name":"stderr","time":53.621189158,"data":" + cloudpathlib==0.24.0\n"}
,{"stream_name":"stderr","time":53.621228676,"data":" - cryptography==43.0.3\n"}
,{"stream_name":"stderr","time":53.621286409,"data":" + cryptography==41.0.7\n"}
,{"stream_name":"stderr","time":53.621475721,"data":" + cuda-bindings==12.9.4\n"}
,{"stream_name":"stderr","time":53.621490705,"data":" + cuda-pathfinder==1.2.2\n"}
,{"stream_name":"stderr","time":53.621546412,"data":" + cuda-toolkit==12.6.3\n"}
,{"stream_name":"stderr","time":53.621556242,"data":" + evaluate==0.4.6\n"}
,{"stream_name":"stderr","time":53.621579896,"data":" + executing==2.2.1\n"}
,{"stream_name":"stderr","time":53.621625781,"data":" + fasttext-numpy2==0.10.4\n"}
,{"stream_name":"stderr","time":53.621709601,"data":" - filelock==3.29.0\n"}
,{"stream_name":"stderr","time":53.621768448,"data":" + filelock==3.32.2\n"}
,{"stream_name":"stderr","time":53.621810341,"data":" - fonttools==4.62.1\n"}
,{"stream_name":"stderr","time":53.621882501,"data":" + fonttools==4.63.0\n"}
,{"stream_name":"stderr","time":53.621936047,"data":" - fsspec==2025.3.0\n"}
,{"stream_name":"stderr","time":53.621972341,"data":" + fsspec==2026.4.0\n"}
,{"stream_name":"stderr","time":53.622060885,"data":" - gitpython==3.1.47\n"}
,{"stream_name":"stderr","time":53.622089047,"data":" + gitpython==3.1.57\n"}
,{"stream_name":"stderr","time":53.622164707,"data":" - greenlet==3.4.0\n"}
,{"stream_name":"stderr","time":53.62222107,"data":" + greenlet==3.5.4\n"}
,{"stream_name":"stderr","time":53.622248396,"data":" - grpcio==1.81.1\n"}
,{"stream_name":"stderr","time":53.622347583,"data":" + grpcio==1.83.0\n"}
,{"stream_name":"stderr","time":53.622376273,"data":" - hf-xet==1.4.3\n"}
,{"stream_name":"stderr","time":53.622408957,"data":" + hf-xet==1.5.2\n"}
,{"stream_name":"stderr","time":53.622491437,"data":" - httplib2==0.31.2\n"}
,{"stream_name":"stderr","time":53.622538439,"data":" + httplib2==0.20.4\n"}
,{"stream_name":"stderr","time":53.622593443,"data":" - huggingface-hub==1.11.0\n"}
,{"stream_name":"stderr","time":53.622697343,"data":" + huggingface-hub==1.26.0\n"}
,{"stream_name":"stderr","time":53.622712436,"data":" - idna==3.13\n"}
,{"stream_name":"stderr","time":53.622780681,"data":" + idna==3.18\n"}
,{"stream_name":"stderr","time":53.622836703,"data":" - imageio==2.37.3\n"}
,{"stream_name":"stderr","time":53.622879492,"data":" + imageio==2.37.4\n"}
,{"stream_name":"stderr","time":53.622928619,"data":" + ioai-env==0.2.0\n"}
,{"stream_name":"stderr","time":53.622983951,"data":" - lightgbm==4.6.0\n"}
,{"stream_name":"stderr","time":53.623046256,"data":" + lightgbm==4.7.0\n"}
,{"stream_name":"stderr","time":53.623105045,"data":" - llvmlite==0.43.0\n"}
,{"stream_name":"stderr","time":53.623162723,"data":" + llvmlite==0.48.0\n"}
,{"stream_name":"stderr","time":53.623238883,"data":" - mako==1.3.11\n"}
,{"stream_name":"stderr","time":53.623267076,"data":" + mako==1.3.12\n"}
,{"stream_name":"stderr","time":53.62332016,"data":" - markdown==3.10.2\n"}
,{"stream_name":"stderr","time":53.623376415,"data":" + markdown==3.10.3\n"}
,{"stream_name":"stderr","time":53.623446286,"data":" - markdown-it-py==4.0.0\n"}
,{"stream_name":"stderr","time":53.623489077,"data":" + markdown-it-py==4.2.0\n"}
,{"stream_name":"stderr","time":53.62354907,"data":" - matplotlib==3.10.0\n"}
,{"stream_name":"stderr","time":53.623623161,"data":" + matplotlib==3.11.1\n"}
,{"stream_name":"stderr","time":53.623659081,"data":" - msgpack==1.1.2\n"}
,{"stream_name":"stderr","time":53.623765878,"data":" + msgpack==1.2.1\n"}
,{"stream_name":"stderr","time":53.623789571,"data":" - multiprocess==0.70.16\n"}
,{"stream_name":"stderr","time":53.623842273,"data":" + multiprocess==0.70.19\n"}
,{"stream_name":"stderr","time":53.62390237,"data":" - narwhals==2.20.0\n"}
,{"stream_name":"stderr","time":53.62395075,"data":" + narwhals==2.24.0\n"}
,{"stream_name":"stderr","time":53.624043566,"data":" + nest-asyncio2==1.7.2\n"}
,{"stream_name":"stderr","time":53.624059253,"data":" - nltk==3.9.1\n"}
,{"stream_name":"stderr","time":53.624141193,"data":" + nltk==3.10.0\n"}
,{"stream_name":"stderr","time":53.624167721,"data":" - numba==0.60.0\n"}
,{"stream_name":"stderr","time":53.624221358,"data":" + numba==0.66.0\n"}
,{"stream_name":"stderr","time":53.624283315,"data":" - numpy==2.0.2\n"}
,{"stream_name":"stderr","time":53.62435828,"data":" + numpy==2.4.6\n"}
,{"stream_name":"stderr","time":53.624421004,"data":" + nvidia-cublas-cu12==12.6.4.1\n"}
,{"stream_name":"stderr","time":53.624491338,"data":" + nvidia-cuda-cupti-cu12==12.6.80\n"}
,{"stream_name":"stderr","time":53.624586738,"data":" + nvidia-cuda-nvrtc-cu12==12.6.85\n"}
,{"stream_name":"stderr","time":53.624631203,"data":" + nvidia-cuda-runtime-cu12==12.6.77\n"}
,{"stream_name":"stderr","time":53.624667051,"data":" + nvidia-cudnn-cu12==9.10.2.21\n"}
,{"stream_name":"stderr","time":53.624775665,"data":" + nvidia-cufft-cu12==11.3.0.4\n"}
,{"stream_name":"stderr","time":53.624847815,"data":" + nvidia-cufile-cu12==1.11.1.6\n"}
,{"stream_name":"stderr","time":53.624957981,"data":" + nvidia-curand-cu12==10.3.7.77\n"}
,{"stream_name":"stderr","time":53.624965318,"data":" + nvidia-cusolver-cu12==11.7.1.2\n"}
,{"stream_name":"stderr","time":53.625010903,"data":" + nvidia-cusparse-cu12==12.5.4.2\n"}
,{"stream_name":"stderr","time":53.625058478,"data":" + nvidia-cusparselt-cu12==0.7.1\n"}
,{"stream_name":"stderr","time":53.625136488,"data":" - nvidia-nccl-cu12==2.30.4\n"}
,{"stream_name":"stderr","time":53.625165908,"data":" + nvidia-nccl-cu12==2.29.3\n"}
,{"stream_name":"stderr","time":53.625234871,"data":" + nvidia-nvjitlink-cu12==12.6.85\n"}
,{"stream_name":"stderr","time":53.625276468,"data":" + nvidia-nvshmem-cu12==3.4.5\n"}
,{"stream_name":"stderr","time":53.625328405,"data":" + nvidia-nvtx-cu12==12.6.77\n"}
,{"stream_name":"stderr","time":53.625386764,"data":" - oauthlib==3.3.1\n"}
,{"stream_name":"stderr","time":53.625476984,"data":" + oauthlib==3.2.2\n"}
,{"stream_name":"stderr","time":53.625539842,"data":" - opencv-python==4.13.0.92\n"}
,{"stream_name":"stderr","time":53.625616211,"data":" + opencv-python==5.0.0.93\n"}
,{"stream_name":"stderr","time":53.625646628,"data":" - opencv-python-headless==4.13.0.92\n"}
,{"stream_name":"stderr","time":53.625716582,"data":" + opencv-python-headless==5.0.0.93\n"}
,{"stream_name":"stderr","time":53.625781821,"data":" - packaging==26.1\n"}
,{"stream_name":"stderr","time":53.625820656,"data":" + packaging==26.2\n"}
,{"stream_name":"stderr","time":53.625878499,"data":" - pandas==2.3.3\n"}
,{"stream_name":"stderr","time":53.625941931,"data":" + pandas==3.0.5\n"}
,{"stream_name":"stderr","time":53.625990726,"data":" - pillow==11.3.0\n"}
,{"stream_name":"stderr","time":53.626046564,"data":" + pillow==12.3.0\n"}
,{"stream_name":"stderr","time":53.626117629,"data":" - platformdirs==4.9.6\n"}
,{"stream_name":"stderr","time":53.626149417,"data":" + platformdirs==4.11.0\n"}
,{"stream_name":"stderr","time":53.626205909,"data":" - plotly==5.24.1\n"}
,{"stream_name":"stderr","time":53.626266227,"data":" + plotly==6.9.0\n"}
,{"stream_name":"stderr","time":53.626314732,"data":" - polars==1.35.2\n"}
,{"stream_name":"stderr","time":53.626388172,"data":" + polars==1.43.0\n"}
,{"stream_name":"stderr","time":53.626463465,"data":" - polars-runtime-32==1.35.2\n"}
,{"stream_name":"stderr","time":53.627295602,"data":" + polars-runtime-32==1.43.0\n"}
,{"stream_name":"stderr","time":53.627307401,"data":" - prompt-toolkit==3.0.52\n"}
,{"stream_name":"stderr","time":53.627312332,"data":" + prompt-toolkit==3.0.53\n"}
,{"stream_name":"stderr","time":53.627330211,"data":" - propcache==0.4.1\n"}
,{"stream_name":"stderr","time":53.627341404,"data":" + propcache==0.5.2\n"}
,{"stream_name":"stderr","time":53.627346283,"data":" - protobuf==5.29.5\n"}
,{"stream_name":"stderr","time":53.627350708,"data":" + protobuf==7.35.1\n"}
,{"stream_name":"stderr","time":53.627355227,"data":" - psutil==5.9.5\n"}
,{"stream_name":"stderr","time":53.627359705,"data":" + psutil==7.2.2\n"}
,{"stream_name":"stderr","time":53.627364375,"data":" + pure-eval==0.2.3\n"}
,{"stream_name":"stderr","time":53.627368632,"data":" - pyarrow==24.0.0\n"}
,{"stream_name":"stderr","time":53.627373057,"data":" + pyarrow==25.0.0\n"}
,{"stream_name":"stderr","time":53.627377424,"data":" - pydantic==2.12.3\n"}
,{"stream_name":"stderr","time":53.627382045,"data":" + pydantic==2.13.4\n"}
,{"stream_name":"stderr","time":53.627386418,"data":" - pydantic-core==2.41.4\n"}
,{"stream_name":"stderr","time":53.627403403,"data":" + pydantic-core==2.46.4\n"}
,{"stream_name":"stderr","time":53.627408399,"data":" - pyjwt==2.12.1\n"}
,{"stream_name":"stderr","time":53.627471894,"data":" + pyjwt==2.7.0\n"}
,{"stream_name":"stderr","time":53.627520397,"data":" - pyparsing==3.3.2\n"}
,{"stream_name":"stderr","time":53.627581394,"data":" + pyparsing==3.1.1\n"}
,{"stream_name":"stderr","time":53.627637037,"data":" - regex==2025.11.3\n"}
,{"stream_name":"stderr","time":53.627686609,"data":" + regex==2026.7.19\n"}
,{"stream_name":"stderr","time":53.627756422,"data":" - requests==2.32.4\n"}
,{"stream_name":"stderr","time":53.627819144,"data":" + requests==2.34.2\n"}
,{"stream_name":"stderr","time":53.627889883,"data":" - rich==13.9.4\n"}
,{"stream_name":"stderr","time":53.627944038,"data":" + rich==15.0.0\n"}
,{"stream_name":"stderr","time":53.627974117,"data":" - rpds-py==0.30.0\n"}
,{"stream_name":"stderr","time":53.628055754,"data":" + rpds-py==2026.6.3\n"}
,{"stream_name":"stderr","time":53.628081857,"data":" - safetensors==0.7.0\n"}
,{"stream_name":"stderr","time":53.628134344,"data":" + safetensors==0.8.0\n"}
,{"stream_name":"stderr","time":53.628192033,"data":" - scikit-image==0.25.2\n"}
,{"stream_name":"stderr","time":53.628264517,"data":" + scikit-image==0.26.0\n"}
,{"stream_name":"stderr","time":53.628327458,"data":" - scikit-learn==1.6.1\n"}
,{"stream_name":"stderr","time":53.628390076,"data":" + scikit-learn==1.9.0\n"}
,{"stream_name":"stderr","time":53.628407876,"data":" - scipy==1.16.3\n"}
,{"stream_name":"stderr","time":53.628538481,"data":" + scipy==1.18.0\n"}
,{"stream_name":"stderr","time":53.628545018,"data":" - sentence-transformers==5.4.1\n"}
,{"stream_name":"stderr","time":53.628598006,"data":" + sentence-transformers==5.6.1\n"}
,{"stream_name":"stderr","time":53.628719631,"data":" - setuptools==81.0.0\n"}
,{"stream_name":"stderr","time":53.628726928,"data":" + setuptools==83.0.0\n"}
,{"stream_name":"stderr","time":53.628765748,"data":" - smart-open==7.6.0\n"}
,{"stream_name":"stderr","time":53.628827963,"data":" + smart-open==8.0.1\n"}
,{"stream_name":"stderr","time":53.628904131,"data":" - soundfile==0.13.1\n"}
,{"stream_name":"stderr","time":53.628929719,"data":" + soundfile==0.14.0\n"}
,{"stream_name":"stderr","time":53.629037941,"data":" - soupsieve==2.8.3\n"}
,{"stream_name":"stderr","time":53.629080881,"data":" + soupsieve==2.9.1\n"}
,{"stream_name":"stderr","time":53.629111736,"data":" - soxr==1.0.0\n"}
,{"stream_name":"stderr","time":53.629162959,"data":" + soxr==1.1.0\n"}
,{"stream_name":"stderr","time":53.629201793,"data":" - sqlalchemy==2.0.49\n"}
,{"stream_name":"stderr","time":53.629270696,"data":" + sqlalchemy==2.0.51\n"}
,{"stream_name":"stderr","time":53.629311246,"data":" + stack-data==0.6.3\n"}
,{"stream_name":"stderr","time":53.629369457,"data":" + standard-aifc==3.13.0\n"}
,{"stream_name":"stderr","time":53.629421463,"data":" + standard-chunk==3.13.0\n"}
,{"stream_name":"stderr","time":53.629500891,"data":" + standard-sunau==3.13.0\n"}
,{"stream_name":"stderr","time":53.629559566,"data":" - stringzilla==4.6.0\n"}
,{"stream_name":"stderr","time":53.629647598,"data":" + stringzilla==5.0.7\n"}
,{"stream_name":"stderr","time":53.629687506,"data":" - tensorboard==2.20.0\n"}
,{"stream_name":"stderr","time":53.629772901,"data":" + tensorboard==2.21.0\n"}
,{"stream_name":"stderr","time":53.629800722,"data":" - tifffile==2026.4.11\n"}
,{"stream_name":"stderr","time":53.629886812,"data":" + tifffile==2026.7.31\n"}
,{"stream_name":"stderr","time":53.629962313,"data":" - torch==2.10.0+cpu (from https://download.pytorch.org/whl/cpu/torch-2.10.0%2Bcpu-cp312-cp312-manylinux_2_28_x86_64.whl)\n"}
,{"stream_name":"stderr","time":53.630015969,"data":" + torch==2.13.0\n"}
,{"stream_name":"stderr","time":53.630130964,"data":" - torchaudio==2.10.0+cpu (from https://download.pytorch.org/whl/cpu/torchaudio-2.10.0%2Bcpu-cp312-cp312-manylinux_2_28_x86_64.whl)\n"}
,{"stream_name":"stderr","time":53.63019879,"data":" + torchaudio==2.11.0\n"}
,{"stream_name":"stderr","time":53.630268446,"data":" - torchvision==0.25.0+cpu (from https://download.pytorch.org/whl/cpu/torchvision-0.25.0%2Bcpu-cp312-cp312-manylinux_2_28_x86_64.whl)\n"}
,{"stream_name":"stderr","time":53.630345334,"data":" + torchvision==0.28.0\n"}
,{"stream_name":"stderr","time":53.630363344,"data":" - tqdm==4.67.3\n"}
,{"stream_name":"stderr","time":53.630417202,"data":" + tqdm==4.69.1\n"}
,{"stream_name":"stderr","time":53.63049778,"data":" - traitlets==5.15.1\n"}
,{"stream_name":"stderr","time":53.630575122,"data":" + traitlets==5.16.0\n"}
,{"stream_name":"stderr","time":53.63062453,"data":" - transformers==5.0.0\n"}
,{"stream_name":"stderr","time":53.630665122,"data":" + transformers==5.14.1\n"}
,{"stream_name":"stderr","time":53.630752125,"data":" + triton==3.7.1\n"}
,{"stream_name":"stderr","time":53.630792913,"data":" + trl==1.9.0\n"}
,{"stream_name":"stderr","time":53.630841048,"data":" - typer==0.24.2\n"}
,{"stream_name":"stderr","time":53.630906984,"data":" + typer==0.27.0\n"}
,{"stream_name":"stderr","time":53.630980934,"data":" - typing-extensions==4.15.0\n"}
,{"stream_name":"stderr","time":53.631017056,"data":" + typing-extensions==4.16.0\n"}
,{"stream_name":"stderr","time":53.63109599,"data":" - tzdata==2026.1\n"}
,{"stream_name":"stderr","time":53.631113046,"data":" + tzdata==2026.3\n"}
,{"stream_name":"stderr","time":53.631162578,"data":" - urllib3==2.5.0\n"}
,{"stream_name":"stderr","time":53.631228582,"data":" + urllib3==2.7.0\n"}
,{"stream_name":"stderr","time":53.631286151,"data":" - wcwidth==0.6.0\n"}
,{"stream_name":"stderr","time":53.631330545,"data":" + wcwidth==0.8.2\n"}
,{"stream_name":"stderr","time":53.631387881,"data":" - wrapt==2.1.2\n"}
,{"stream_name":"stderr","time":53.631446625,"data":" + wrapt==2.3.0\n"}
,{"stream_name":"stderr","time":53.63150913,"data":" - xgboost==3.2.0\n"}
,{"stream_name":"stderr","time":53.63155862,"data":" + xgboost==3.3.0\n"}
,{"stream_name":"stderr","time":53.631604444,"data":" - xxhash==3.6.0\n"}
,{"stream_name":"stderr","time":53.631662822,"data":" + xxhash==3.8.1\n"}
,{"stream_name":"stderr","time":53.631718804,"data":" - yarl==1.23.0\n"}
,{"stream_name":"stderr","time":53.631817165,"data":" + yarl==1.24.5\n"}
,{"stream_name":"stdout","time":53.6397278,"data":"IOAI environment ready (wheels from /kaggle/input/datasets/kamalkhan/ioai-2026-wheel-dataset)\n"}
,{"stream_name":"stdout","time":78.354068815,"data":"training segments: 32913 | features: 190000\n"}
,{"stream_name":"stdout","time":85.76394759,"data":"wrote /kaggle/working/submission.csv with 760 rows\n"}
,{"stream_name":"stdout","time":89.552950354,"data":"dev score: 93.563 | exact: 349/380 | MAE: 19.04\n"}
,{"stream_name":"stderr","time":92.708381335,"data":"/usr/local/lib/python3.12/dist-packages/mistune.py:435: SyntaxWarning: invalid escape sequence '\\|'\n"}
,{"stream_name":"stderr","time":92.708425355,"data":"  cells[i][c] = re.sub('\\\\\\\\\\|', '|', cell)\n"}
,{"stream_name":"stderr","time":93.076925094,"data":"/usr/local/lib/python3.12/dist-packages/nbconvert/filters/filter_links.py:36: SyntaxWarning: invalid escape sequence '\\_'\n"}
,{"stream_name":"stderr","time":93.076965768,"data":"  text = re.sub(r'_', '\\_', text) # Escape underscores in display text\n"}
,{"stream_name":"stderr","time":94.047301961,"data":"[NbConvertApp] Converting notebook __script__.ipynb to html\n"}
,{"stream_name":"stderr","time":95.987207315,"data":"[NbConvertApp] Writing 322287 bytes to __results__.html\n"}
]