[{"stream_name":"stderr","time":9.304547524,"data":"Using Python 3.12.13 environment at: /usr\n"}
,{"stream_name":"stderr","time":9.606199266,"data":"Resolved 159 packages in 174ms\n"}
,{"stream_name":"stderr","time":50.070472579,"data":"Prepared 123 packages in 40.46s\n"}
,{"stream_name":"stderr","time":58.29604178,"data":"Uninstalled 93 packages in 8.22s\n"}
,{"stream_name":"stderr","time":58.837887141,"data":"Installed 123 packages in 541ms\n"}
,{"stream_name":"stderr","time":58.838079094,"data":" - absl-py==1.4.0\n"}
,{"stream_name":"stderr","time":58.838102618,"data":" + absl-py==2.5.0\n"}
,{"stream_name":"stderr","time":58.83814526,"data":" - accelerate==1.13.0\n"}
,{"stream_name":"stderr","time":58.838190686,"data":" + accelerate==1.14.0\n"}
,{"stream_name":"stderr","time":58.838519015,"data":" - aiohappyeyeballs==2.6.1\n"}
,{"stream_name":"stderr","time":58.838540424,"data":" + aiohappyeyeballs==2.7.1\n"}
,{"stream_name":"stderr","time":58.838545791,"data":" - aiohttp==3.13.5\n"}
,{"stream_name":"stderr","time":58.838550833,"data":" + aiohttp==3.14.3\n"}
,{"stream_name":"stderr","time":58.838555877,"data":" - alembic==1.18.4\n"}
,{"stream_name":"stderr","time":58.838569539,"data":" + alembic==1.18.5\n"}
,{"stream_name":"stderr","time":58.838611618,"data":" - annotated-doc==0.0.4\n"}
,{"stream_name":"stderr","time":58.838676661,"data":" + annotated-doc==0.0.5\n"}
,{"stream_name":"stderr","time":58.838735315,"data":" - annotated-types==0.7.0\n"}
,{"stream_name":"stderr","time":58.838788043,"data":" + annotated-types==0.8.0\n"}
,{"stream_name":"stderr","time":58.838842074,"data":" - anyio==4.13.0\n"}
,{"stream_name":"stderr","time":58.840526227,"data":" + anyio==4.14.2\n"}
,{"stream_name":"stderr","time":58.840558743,"data":" - asttokens==3.0.1\n"}
,{"stream_name":"stderr","time":58.840564236,"data":" + asttokens==3.0.2\n"}
,{"stream_name":"stderr","time":58.840569081,"data":" + async-lru==2.3.0\n"}
,{"stream_name":"stderr","time":58.840573494,"data":" - beautifulsoup4==4.13.5\n"}
,{"stream_name":"stderr","time":58.840578185,"data":" + beautifulsoup4==4.15.0\n"}
,{"stream_name":"stderr","time":58.840582847,"data":" - blinker==1.9.0\n"}
,{"stream_name":"stderr","time":58.840587518,"data":" + blinker==1.7.0\n"}
,{"stream_name":"stderr","time":58.840592036,"data":" - certifi==2026.4.22\n"}
,{"stream_name":"stderr","time":58.840596349,"data":" + certifi==2026.7.22\n"}
,{"stream_name":"stderr","time":58.840601063,"data":" - cffi==2.0.0\n"}
,{"stream_name":"stderr","time":58.840605958,"data":" + cffi==2.1.0\n"}
,{"stream_name":"stderr","time":58.84061065,"data":" - charset-normalizer==3.4.7\n"}
,{"stream_name":"stderr","time":58.840615572,"data":" + charset-normalizer==3.4.9\n"}
,{"stream_name":"stderr","time":58.84062083,"data":" - click==8.3.3\n"}
,{"stream_name":"stderr","time":58.840626005,"data":" + click==8.4.2\n"}
,{"stream_name":"stderr","time":58.840631001,"data":" - cloudpathlib==0.23.0\n"}
,{"stream_name":"stderr","time":58.840636043,"data":" + cloudpathlib==0.24.0\n"}
,{"stream_name":"stderr","time":58.840641393,"data":" - cryptography==43.0.3\n"}
,{"stream_name":"stderr","time":58.840646382,"data":" + cryptography==41.0.7\n"}
,{"stream_name":"stderr","time":58.840651377,"data":" + cuda-bindings==12.9.4\n"}
,{"stream_name":"stderr","time":58.840656943,"data":" + cuda-pathfinder==1.2.2\n"}
,{"stream_name":"stderr","time":58.840770862,"data":" + cuda-toolkit==12.6.3\n"}
,{"stream_name":"stderr","time":58.840796155,"data":" + evaluate==0.4.6\n"}
,{"stream_name":"stderr","time":58.840802834,"data":" + executing==2.2.1\n"}
,{"stream_name":"stderr","time":58.840886182,"data":" + fasttext-numpy2==0.10.4\n"}
,{"stream_name":"stderr","time":58.840890633,"data":" - filelock==3.29.0\n"}
,{"stream_name":"stderr","time":58.840986262,"data":" + filelock==3.32.2\n"}
,{"stream_name":"stderr","time":58.840995457,"data":" - fonttools==4.62.1\n"}
,{"stream_name":"stderr","time":58.841009471,"data":" + fonttools==4.63.0\n"}
,{"stream_name":"stderr","time":58.841057262,"data":" - fsspec==2025.3.0\n"}
,{"stream_name":"stderr","time":58.841112505,"data":" + fsspec==2026.4.0\n"}
,{"stream_name":"stderr","time":58.841185728,"data":" - gitpython==3.1.47\n"}
,{"stream_name":"stderr","time":58.841209564,"data":" + gitpython==3.1.57\n"}
,{"stream_name":"stderr","time":58.841259082,"data":" - greenlet==3.4.0\n"}
,{"stream_name":"stderr","time":58.841355622,"data":" + greenlet==3.5.4\n"}
,{"stream_name":"stderr","time":58.841385411,"data":" - grpcio==1.81.1\n"}
,{"stream_name":"stderr","time":58.841467936,"data":" + grpcio==1.83.0\n"}
,{"stream_name":"stderr","time":58.841483219,"data":" - hf-xet==1.4.3\n"}
,{"stream_name":"stderr","time":58.841602808,"data":" + hf-xet==1.5.2\n"}
,{"stream_name":"stderr","time":58.841609471,"data":" - httplib2==0.31.2\n"}
,{"stream_name":"stderr","time":58.84162513,"data":" + httplib2==0.20.4\n"}
,{"stream_name":"stderr","time":58.841671069,"data":" - huggingface-hub==1.11.0\n"}
,{"stream_name":"stderr","time":58.841725364,"data":" + huggingface-hub==1.26.0\n"}
,{"stream_name":"stderr","time":58.841752286,"data":" - idna==3.13\n"}
,{"stream_name":"stderr","time":58.841794569,"data":" + idna==3.18\n"}
,{"stream_name":"stderr","time":58.84184612,"data":" - imageio==2.37.3\n"}
,{"stream_name":"stderr","time":58.841888505,"data":" + imageio==2.37.4\n"}
,{"stream_name":"stderr","time":58.841931778,"data":" + ioai-env==0.2.0\n"}
,{"stream_name":"stderr","time":58.841979414,"data":" - lightgbm==4.6.0\n"}
,{"stream_name":"stderr","time":58.842028864,"data":" + lightgbm==4.7.0\n"}
,{"stream_name":"stderr","time":58.842093011,"data":" - llvmlite==0.43.0\n"}
,{"stream_name":"stderr","time":58.842123303,"data":" + llvmlite==0.48.0\n"}
,{"stream_name":"stderr","time":58.842176035,"data":" - mako==1.3.11\n"}
,{"stream_name":"stderr","time":58.842238377,"data":" + mako==1.3.12\n"}
,{"stream_name":"stderr","time":58.842328737,"data":" - markdown==3.10.2\n"}
,{"stream_name":"stderr","time":58.842346825,"data":" + markdown==3.10.3\n"}
,{"stream_name":"stderr","time":58.842398984,"data":" - markdown-it-py==4.0.0\n"}
,{"stream_name":"stderr","time":58.842675936,"data":" + markdown-it-py==4.2.0\n"}
,{"stream_name":"stderr","time":58.842690849,"data":" - matplotlib==3.10.0\n"}
,{"stream_name":"stderr","time":58.842695534,"data":" + matplotlib==3.11.1\n"}
,{"stream_name":"stderr","time":58.842783426,"data":" - msgpack==1.1.2\n"}
,{"stream_name":"stderr","time":58.842794869,"data":" + msgpack==1.2.1\n"}
,{"stream_name":"stderr","time":58.842799088,"data":" - multiprocess==0.70.16\n"}
,{"stream_name":"stderr","time":58.842837134,"data":" + multiprocess==0.70.19\n"}
,{"stream_name":"stderr","time":58.842877644,"data":" - narwhals==2.20.0\n"}
,{"stream_name":"stderr","time":58.842944979,"data":" + narwhals==2.24.0\n"}
,{"stream_name":"stderr","time":58.842993187,"data":" + nest-asyncio2==1.7.2\n"}
,{"stream_name":"stderr","time":58.843024409,"data":" - nltk==3.9.1\n"}
,{"stream_name":"stderr","time":58.843069595,"data":" + nltk==3.10.0\n"}
,{"stream_name":"stderr","time":58.843137753,"data":" - numba==0.60.0\n"}
,{"stream_name":"stderr","time":58.843221337,"data":" + numba==0.66.0\n"}
,{"stream_name":"stderr","time":58.843441681,"data":" - numpy==2.0.2\n"}
,{"stream_name":"stderr","time":58.843461267,"data":" + numpy==2.4.6\n"}
,{"stream_name":"stderr","time":58.843465573,"data":" + nvidia-cublas-cu12==12.6.4.1\n"}
,{"stream_name":"stderr","time":58.843469391,"data":" + nvidia-cuda-cupti-cu12==12.6.80\n"}
,{"stream_name":"stderr","time":58.843473632,"data":" + nvidia-cuda-nvrtc-cu12==12.6.85\n"}
,{"stream_name":"stderr","time":58.843522242,"data":" + nvidia-cuda-runtime-cu12==12.6.77\n"}
,{"stream_name":"stderr","time":58.843558152,"data":" + nvidia-cudnn-cu12==9.10.2.21\n"}
,{"stream_name":"stderr","time":58.843597832,"data":" + nvidia-cufft-cu12==11.3.0.4\n"}
,{"stream_name":"stderr","time":58.843681438,"data":" + nvidia-cufile-cu12==1.11.1.6\n"}
,{"stream_name":"stderr","time":58.843706493,"data":" + nvidia-curand-cu12==10.3.7.77\n"}
,{"stream_name":"stderr","time":58.843787808,"data":" + nvidia-cusolver-cu12==11.7.1.2\n"}
,{"stream_name":"stderr","time":58.843870664,"data":" + nvidia-cusparse-cu12==12.5.4.2\n"}
,{"stream_name":"stderr","time":58.843941003,"data":" + nvidia-cusparselt-cu12==0.7.1\n"}
,{"stream_name":"stderr","time":58.843987384,"data":" - nvidia-nccl-cu12==2.30.4\n"}
,{"stream_name":"stderr","time":58.844038421,"data":" + nvidia-nccl-cu12==2.29.3\n"}
,{"stream_name":"stderr","time":58.844099823,"data":" + nvidia-nvjitlink-cu12==12.6.85\n"}
,{"stream_name":"stderr","time":58.844146253,"data":" + nvidia-nvshmem-cu12==3.4.5\n"}
,{"stream_name":"stderr","time":58.844177939,"data":" + nvidia-nvtx-cu12==12.6.77\n"}
,{"stream_name":"stderr","time":58.844245018,"data":" - oauthlib==3.3.1\n"}
,{"stream_name":"stderr","time":58.844321577,"data":" + oauthlib==3.2.2\n"}
,{"stream_name":"stderr","time":58.844592799,"data":" - opencv-python==4.13.0.92\n"}
,{"stream_name":"stderr","time":58.844603599,"data":" + opencv-python==5.0.0.93\n"}
,{"stream_name":"stderr","time":58.844607481,"data":" - opencv-python-headless==4.13.0.92\n"}
,{"stream_name":"stderr","time":58.844611549,"data":" + opencv-python-headless==5.0.0.93\n"}
,{"stream_name":"stderr","time":58.844615401,"data":" - packaging==26.1\n"}
,{"stream_name":"stderr","time":58.844661073,"data":" + packaging==26.2\n"}
,{"stream_name":"stderr","time":58.844666197,"data":" - pandas==2.3.3\n"}
,{"stream_name":"stderr","time":58.844702484,"data":" + pandas==3.0.5\n"}
,{"stream_name":"stderr","time":58.844765203,"data":" - pillow==11.3.0\n"}
,{"stream_name":"stderr","time":58.844838815,"data":" + pillow==12.3.0\n"}
,{"stream_name":"stderr","time":58.844851465,"data":" - platformdirs==4.9.6\n"}
,{"stream_name":"stderr","time":58.844911914,"data":" + platformdirs==4.11.0\n"}
,{"stream_name":"stderr","time":58.844980842,"data":" - plotly==5.24.1\n"}
,{"stream_name":"stderr","time":58.844994512,"data":" + plotly==6.9.0\n"}
,{"stream_name":"stderr","time":58.845085918,"data":" - polars==1.35.2\n"}
,{"stream_name":"stderr","time":58.845099659,"data":" + polars==1.43.0\n"}
,{"stream_name":"stderr","time":58.845148492,"data":" - polars-runtime-32==1.35.2\n"}
,{"stream_name":"stderr","time":58.84520333,"data":" + polars-runtime-32==1.43.0\n"}
,{"stream_name":"stderr","time":58.845262406,"data":" - prompt-toolkit==3.0.52\n"}
,{"stream_name":"stderr","time":58.845324974,"data":" + prompt-toolkit==3.0.53\n"}
,{"stream_name":"stderr","time":58.845404941,"data":" - propcache==0.4.1\n"}
,{"stream_name":"stderr","time":58.845529847,"data":" + propcache==0.5.2\n"}
,{"stream_name":"stderr","time":58.845537105,"data":" - protobuf==5.29.5\n"}
,{"stream_name":"stderr","time":58.845541274,"data":" + protobuf==7.35.1\n"}
,{"stream_name":"stderr","time":58.84556936,"data":" - psutil==5.9.5\n"}
,{"stream_name":"stderr","time":58.845827914,"data":" + psutil==7.2.2\n"}
,{"stream_name":"stderr","time":58.845846094,"data":" + pure-eval==0.2.3\n"}
,{"stream_name":"stderr","time":58.845850231,"data":" - pyarrow==24.0.0\n"}
,{"stream_name":"stderr","time":58.845854509,"data":" + pyarrow==25.0.0\n"}
,{"stream_name":"stderr","time":58.845944316,"data":" - pydantic==2.12.3\n"}
,{"stream_name":"stderr","time":58.845954329,"data":" + pydantic==2.13.4\n"}
,{"stream_name":"stderr","time":58.845958128,"data":" - pydantic-core==2.41.4\n"}
,{"stream_name":"stderr","time":58.845995373,"data":" + pydantic-core==2.46.4\n"}
,{"stream_name":"stderr","time":58.846013923,"data":" - pyjwt==2.12.1\n"}
,{"stream_name":"stderr","time":58.846067686,"data":" + pyjwt==2.7.0\n"}
,{"stream_name":"stderr","time":58.846117633,"data":" - pyparsing==3.3.2\n"}
,{"stream_name":"stderr","time":58.84616349,"data":" + pyparsing==3.1.1\n"}
,{"stream_name":"stderr","time":58.846250354,"data":" - regex==2025.11.3\n"}
,{"stream_name":"stderr","time":58.846312343,"data":" + regex==2026.7.19\n"}
,{"stream_name":"stderr","time":58.846321693,"data":" - requests==2.32.4\n"}
,{"stream_name":"stderr","time":58.846392692,"data":" + requests==2.34.2\n"}
,{"stream_name":"stderr","time":58.84642264,"data":" - rich==13.9.4\n"}
,{"stream_name":"stderr","time":58.846479658,"data":" + rich==15.0.0\n"}
,{"stream_name":"stderr","time":58.846537587,"data":" - rpds-py==0.30.0\n"}
,{"stream_name":"stderr","time":58.846601035,"data":" + rpds-py==2026.6.3\n"}
,{"stream_name":"stderr","time":58.846650824,"data":" - safetensors==0.7.0\n"}
,{"stream_name":"stderr","time":58.846705269,"data":" + safetensors==0.8.0\n"}
,{"stream_name":"stderr","time":58.846761305,"data":" - scikit-image==0.25.2\n"}
,{"stream_name":"stderr","time":58.84684958,"data":" + scikit-image==0.26.0\n"}
,{"stream_name":"stderr","time":58.846888925,"data":" - scikit-learn==1.6.1\n"}
,{"stream_name":"stderr","time":58.846949323,"data":" + scikit-learn==1.9.0\n"}
,{"stream_name":"stderr","time":58.846984769,"data":" - scipy==1.16.3\n"}
,{"stream_name":"stderr","time":58.847068713,"data":" + scipy==1.18.0\n"}
,{"stream_name":"stderr","time":58.847089962,"data":" - sentence-transformers==5.4.1\n"}
,{"stream_name":"stderr","time":58.84713658,"data":" + sentence-transformers==5.6.1\n"}
,{"stream_name":"stderr","time":58.847205926,"data":" - setuptools==81.0.0\n"}
,{"stream_name":"stderr","time":58.847263843,"data":" + setuptools==83.0.0\n"}
,{"stream_name":"stderr","time":58.847313802,"data":" - smart-open==7.6.0\n"}
,{"stream_name":"stderr","time":58.847345975,"data":" + smart-open==8.0.1\n"}
,{"stream_name":"stderr","time":58.847416278,"data":" - soundfile==0.13.1\n"}
,{"stream_name":"stderr","time":58.847465212,"data":" + soundfile==0.14.0\n"}
,{"stream_name":"stderr","time":58.847493605,"data":" - soupsieve==2.8.3\n"}
,{"stream_name":"stderr","time":58.847579025,"data":" + soupsieve==2.9.1\n"}
,{"stream_name":"stderr","time":58.847608187,"data":" - soxr==1.0.0\n"}
,{"stream_name":"stderr","time":58.847685249,"data":" + soxr==1.1.0\n"}
,{"stream_name":"stderr","time":58.847738323,"data":" - sqlalchemy==2.0.49\n"}
,{"stream_name":"stderr","time":58.84776044,"data":" + sqlalchemy==2.0.51\n"}
,{"stream_name":"stderr","time":58.847809803,"data":" + stack-data==0.6.3\n"}
,{"stream_name":"stderr","time":58.847851293,"data":" + standard-aifc==3.13.0\n"}
,{"stream_name":"stderr","time":58.847894693,"data":" + standard-chunk==3.13.0\n"}
,{"stream_name":"stderr","time":58.847954959,"data":" + standard-sunau==3.13.0\n"}
,{"stream_name":"stderr","time":58.848017764,"data":" - stringzilla==4.6.0\n"}
,{"stream_name":"stderr","time":58.848055055,"data":" + stringzilla==5.0.7\n"}
,{"stream_name":"stderr","time":58.848103174,"data":" - tensorboard==2.20.0\n"}
,{"stream_name":"stderr","time":58.848153909,"data":" + tensorboard==2.21.0\n"}
,{"stream_name":"stderr","time":58.848189203,"data":" - tifffile==2026.4.11\n"}
,{"stream_name":"stderr","time":58.848279155,"data":" + tifffile==2026.7.31\n"}
,{"stream_name":"stderr","time":58.848339598,"data":" - torch==2.10.0+cpu (from https://download.pytorch.org/whl/cpu/torch-2.10.0%2Bcpu-cp312-cp312-manylinux_2_28_x86_64.whl)\n"}
,{"stream_name":"stderr","time":58.848394281,"data":" + torch==2.13.0\n"}
,{"stream_name":"stderr","time":58.848480137,"data":" - torchaudio==2.10.0+cpu (from https://download.pytorch.org/whl/cpu/torchaudio-2.10.0%2Bcpu-cp312-cp312-manylinux_2_28_x86_64.whl)\n"}
,{"stream_name":"stderr","time":58.848544106,"data":" + torchaudio==2.11.0\n"}
,{"stream_name":"stderr","time":58.848621262,"data":" - torchvision==0.25.0+cpu (from https://download.pytorch.org/whl/cpu/torchvision-0.25.0%2Bcpu-cp312-cp312-manylinux_2_28_x86_64.whl)\n"}
,{"stream_name":"stderr","time":58.848687671,"data":" + torchvision==0.28.0\n"}
,{"stream_name":"stderr","time":58.848726212,"data":" - tqdm==4.67.3\n"}
,{"stream_name":"stderr","time":58.848770424,"data":" + tqdm==4.69.1\n"}
,{"stream_name":"stderr","time":58.848838794,"data":" - traitlets==5.15.1\n"}
,{"stream_name":"stderr","time":58.848880695,"data":" + traitlets==5.16.0\n"}
,{"stream_name":"stderr","time":58.848930694,"data":" - transformers==5.0.0\n"}
,{"stream_name":"stderr","time":58.848980458,"data":" + transformers==5.14.1\n"}
,{"stream_name":"stderr","time":58.849053541,"data":" + triton==3.7.1\n"}
,{"stream_name":"stderr","time":58.849153857,"data":" + trl==1.9.0\n"}
,{"stream_name":"stderr","time":58.849160734,"data":" - typer==0.24.2\n"}
,{"stream_name":"stderr","time":58.849227108,"data":" + typer==0.27.0\n"}
,{"stream_name":"stderr","time":58.849246177,"data":" - typing-extensions==4.15.0\n"}
,{"stream_name":"stderr","time":58.849316691,"data":" + typing-extensions==4.16.0\n"}
,{"stream_name":"stderr","time":58.849347776,"data":" - tzdata==2026.1\n"}
,{"stream_name":"stderr","time":58.849408257,"data":" + tzdata==2026.3\n"}
,{"stream_name":"stderr","time":58.84944994,"data":" - urllib3==2.5.0\n"}
,{"stream_name":"stderr","time":58.84947659,"data":" + urllib3==2.7.0\n"}
,{"stream_name":"stderr","time":58.84952457,"data":" - wcwidth==0.6.0\n"}
,{"stream_name":"stderr","time":58.849585221,"data":" + wcwidth==0.8.2\n"}
,{"stream_name":"stderr","time":58.84963494,"data":" - wrapt==2.1.2\n"}
,{"stream_name":"stderr","time":58.849678283,"data":" + wrapt==2.3.0\n"}
,{"stream_name":"stderr","time":58.849732646,"data":" - xgboost==3.2.0\n"}
,{"stream_name":"stderr","time":58.849765282,"data":" + xgboost==3.3.0\n"}
,{"stream_name":"stderr","time":58.849831208,"data":" - xxhash==3.6.0\n"}
,{"stream_name":"stderr","time":58.84987846,"data":" + xxhash==3.8.1\n"}
,{"stream_name":"stderr","time":58.849923799,"data":" - yarl==1.23.0\n"}
,{"stream_name":"stderr","time":58.849974514,"data":" + yarl==1.24.5\n"}
,{"stream_name":"stdout","time":58.858817266,"data":"IOAI environment ready (wheels from /kaggle/input/datasets/kamalkhan/ioai-2026-wheel-dataset)\n"}
,{"stream_name":"stdout","time":93.022334671,"data":"training segments: 43040 | features: 190000\n"}
,{"stream_name":"stdout","time":101.855464436,"data":"wrote /kaggle/working/submission.csv with 760 rows\n"}
,{"stream_name":"stdout","time":106.294501529,"data":"in-sample refit dev check: 100.000 | exact: 380/380 | MAE: 0.00\n"}
,{"stream_name":"stderr","time":109.971456963,"data":"/usr/local/lib/python3.12/dist-packages/mistune.py:435: SyntaxWarning: invalid escape sequence '\\|'\n"}
,{"stream_name":"stderr","time":109.971498885,"data":"  cells[i][c] = re.sub('\\\\\\\\\\|', '|', cell)\n"}
,{"stream_name":"stderr","time":110.401515886,"data":"/usr/local/lib/python3.12/dist-packages/nbconvert/filters/filter_links.py:36: SyntaxWarning: invalid escape sequence '\\_'\n"}
,{"stream_name":"stderr","time":110.401553078,"data":"  text = re.sub(r'_', '\\_', text) # Escape underscores in display text\n"}
,{"stream_name":"stderr","time":113.31839068,"data":"[NbConvertApp] Converting notebook __script__.ipynb to html\n"}
,{"stream_name":"stderr","time":115.334730308,"data":"[NbConvertApp] Writing 322821 bytes to __results__.html\n"}
]