[{"stream_name":"stderr","time":8.686034279,"data":"Using Python 3.12.13 environment at: /usr\n"}
,{"stream_name":"stderr","time":8.983601319,"data":"Resolved 159 packages in 170ms\n"}
,{"stream_name":"stderr","time":50.849407981,"data":"Prepared 123 packages in 41.86s\n"}
,{"stream_name":"stderr","time":57.258711781,"data":"Uninstalled 93 packages in 6.40s\n"}
,{"stream_name":"stderr","time":58.214398588,"data":"Installed 123 packages in 955ms\n"}
,{"stream_name":"stderr","time":58.21503992,"data":" - absl-py==1.4.0\n"}
,{"stream_name":"stderr","time":58.215067238,"data":" + absl-py==2.5.0\n"}
,{"stream_name":"stderr","time":58.215073969,"data":" - accelerate==1.13.0\n"}
,{"stream_name":"stderr","time":58.215082463,"data":" + accelerate==1.14.0\n"}
,{"stream_name":"stderr","time":58.215184568,"data":" - aiohappyeyeballs==2.6.1\n"}
,{"stream_name":"stderr","time":58.215444004,"data":" + aiohappyeyeballs==2.7.1\n"}
,{"stream_name":"stderr","time":58.21545888,"data":" - aiohttp==3.13.5\n"}
,{"stream_name":"stderr","time":58.215464454,"data":" + aiohttp==3.14.3\n"}
,{"stream_name":"stderr","time":58.215469753,"data":" - alembic==1.18.4\n"}
,{"stream_name":"stderr","time":58.215475588,"data":" + alembic==1.18.5\n"}
,{"stream_name":"stderr","time":58.215480858,"data":" - annotated-doc==0.0.4\n"}
,{"stream_name":"stderr","time":58.215497035,"data":" + annotated-doc==0.0.5\n"}
,{"stream_name":"stderr","time":58.215528946,"data":" - annotated-types==0.7.0\n"}
,{"stream_name":"stderr","time":58.215574714,"data":" + annotated-types==0.8.0\n"}
,{"stream_name":"stderr","time":58.215622816,"data":" - anyio==4.13.0\n"}
,{"stream_name":"stderr","time":58.215668242,"data":" + anyio==4.14.2\n"}
,{"stream_name":"stderr","time":58.215716241,"data":" - asttokens==3.0.1\n"}
,{"stream_name":"stderr","time":58.215766322,"data":" + asttokens==3.0.2\n"}
,{"stream_name":"stderr","time":58.21581003,"data":" + async-lru==2.3.0\n"}
,{"stream_name":"stderr","time":58.215872931,"data":" - beautifulsoup4==4.13.5\n"}
,{"stream_name":"stderr","time":58.215924132,"data":" + beautifulsoup4==4.15.0\n"}
,{"stream_name":"stderr","time":58.216025043,"data":" - blinker==1.9.0\n"}
,{"stream_name":"stderr","time":58.216036003,"data":" + blinker==1.7.0\n"}
,{"stream_name":"stderr","time":58.216071678,"data":" - certifi==2026.4.22\n"}
,{"stream_name":"stderr","time":58.216122642,"data":" + certifi==2026.7.22\n"}
,{"stream_name":"stderr","time":58.216245609,"data":" - cffi==2.0.0\n"}
,{"stream_name":"stderr","time":58.216354668,"data":" + cffi==2.1.0\n"}
,{"stream_name":"stderr","time":58.216362608,"data":" - charset-normalizer==3.4.7\n"}
,{"stream_name":"stderr","time":58.216368145,"data":" + charset-normalizer==3.4.9\n"}
,{"stream_name":"stderr","time":58.216391759,"data":" - click==8.3.3\n"}
,{"stream_name":"stderr","time":58.216512967,"data":" + click==8.4.2\n"}
,{"stream_name":"stderr","time":58.216601461,"data":" - cloudpathlib==0.23.0\n"}
,{"stream_name":"stderr","time":58.216609598,"data":" + cloudpathlib==0.24.0\n"}
,{"stream_name":"stderr","time":58.216615741,"data":" - cryptography==43.0.3\n"}
,{"stream_name":"stderr","time":58.217090689,"data":" + cryptography==41.0.7\n"}
,{"stream_name":"stderr","time":58.217106761,"data":" + cuda-bindings==12.9.4\n"}
,{"stream_name":"stderr","time":58.217112025,"data":" + cuda-pathfinder==1.2.2\n"}
,{"stream_name":"stderr","time":58.217117357,"data":" + cuda-toolkit==12.6.3\n"}
,{"stream_name":"stderr","time":58.217122162,"data":" + evaluate==0.4.6\n"}
,{"stream_name":"stderr","time":58.217127129,"data":" + executing==2.2.1\n"}
,{"stream_name":"stderr","time":58.217148263,"data":" + fasttext-numpy2==0.10.4\n"}
,{"stream_name":"stderr","time":58.2171523,"data":" - filelock==3.29.0\n"}
,{"stream_name":"stderr","time":58.217156125,"data":" + filelock==3.32.2\n"}
,{"stream_name":"stderr","time":58.217234688,"data":" - fonttools==4.62.1\n"}
,{"stream_name":"stderr","time":58.217245357,"data":" + fonttools==4.63.0\n"}
,{"stream_name":"stderr","time":58.217250067,"data":" - fsspec==2025.3.0\n"}
,{"stream_name":"stderr","time":58.217295615,"data":" + fsspec==2026.4.0\n"}
,{"stream_name":"stderr","time":58.217302003,"data":" - gitpython==3.1.47\n"}
,{"stream_name":"stderr","time":58.217339341,"data":" + gitpython==3.1.57\n"}
,{"stream_name":"stderr","time":58.217410574,"data":" - greenlet==3.4.0\n"}
,{"stream_name":"stderr","time":58.217458445,"data":" + greenlet==3.5.4\n"}
,{"stream_name":"stderr","time":58.217488766,"data":" - grpcio==1.81.1\n"}
,{"stream_name":"stderr","time":58.217549569,"data":" + grpcio==1.83.0\n"}
,{"stream_name":"stderr","time":58.217589443,"data":" - hf-xet==1.4.3\n"}
,{"stream_name":"stderr","time":58.217639069,"data":" + hf-xet==1.5.2\n"}
,{"stream_name":"stderr","time":58.217689423,"data":" - httplib2==0.31.2\n"}
,{"stream_name":"stderr","time":58.217770133,"data":" + httplib2==0.20.4\n"}
,{"stream_name":"stderr","time":58.217783857,"data":" - huggingface-hub==1.11.0\n"}
,{"stream_name":"stderr","time":58.217841214,"data":" + huggingface-hub==1.26.0\n"}
,{"stream_name":"stderr","time":58.217871021,"data":" - idna==3.13\n"}
,{"stream_name":"stderr","time":58.217911304,"data":" + idna==3.18\n"}
,{"stream_name":"stderr","time":58.21800795,"data":" - imageio==2.37.3\n"}
,{"stream_name":"stderr","time":58.21806996,"data":" + imageio==2.37.4\n"}
,{"stream_name":"stderr","time":58.218121423,"data":" + ioai-env==0.2.0\n"}
,{"stream_name":"stderr","time":58.218140557,"data":" - lightgbm==4.6.0\n"}
,{"stream_name":"stderr","time":58.218321214,"data":" + lightgbm==4.7.0\n"}
,{"stream_name":"stderr","time":58.218401783,"data":" - llvmlite==0.43.0\n"}
,{"stream_name":"stderr","time":58.218408855,"data":" + llvmlite==0.48.0\n"}
,{"stream_name":"stderr","time":58.218446625,"data":" - mako==1.3.11\n"}
,{"stream_name":"stderr","time":58.218452373,"data":" + mako==1.3.12\n"}
,{"stream_name":"stderr","time":58.218485331,"data":" - markdown==3.10.2\n"}
,{"stream_name":"stderr","time":58.218570838,"data":" + markdown==3.10.3\n"}
,{"stream_name":"stderr","time":58.218579438,"data":" - markdown-it-py==4.0.0\n"}
,{"stream_name":"stderr","time":58.218623963,"data":" + markdown-it-py==4.2.0\n"}
,{"stream_name":"stderr","time":58.218657214,"data":" - matplotlib==3.10.0\n"}
,{"stream_name":"stderr","time":58.218721739,"data":" + matplotlib==3.11.1\n"}
,{"stream_name":"stderr","time":58.218797743,"data":" - msgpack==1.1.2\n"}
,{"stream_name":"stderr","time":58.218935807,"data":" + msgpack==1.2.1\n"}
,{"stream_name":"stderr","time":58.218996187,"data":" - multiprocess==0.70.16\n"}
,{"stream_name":"stderr","time":58.219004971,"data":" + multiprocess==0.70.19\n"}
,{"stream_name":"stderr","time":58.219009007,"data":" - narwhals==2.20.0\n"}
,{"stream_name":"stderr","time":58.21905057,"data":" + narwhals==2.24.0\n"}
,{"stream_name":"stderr","time":58.21908889,"data":" + nest-asyncio2==1.7.2\n"}
,{"stream_name":"stderr","time":58.219188329,"data":" - nltk==3.9.1\n"}
,{"stream_name":"stderr","time":58.219241469,"data":" + nltk==3.10.0\n"}
,{"stream_name":"stderr","time":58.219319573,"data":" - numba==0.60.0\n"}
,{"stream_name":"stderr","time":58.219327669,"data":" + numba==0.66.0\n"}
,{"stream_name":"stderr","time":58.219375562,"data":" - numpy==2.0.2\n"}
,{"stream_name":"stderr","time":58.219397795,"data":" + numpy==2.4.6\n"}
,{"stream_name":"stderr","time":58.219470193,"data":" + nvidia-cublas-cu12==12.6.4.1\n"}
,{"stream_name":"stderr","time":58.219492857,"data":" + nvidia-cuda-cupti-cu12==12.6.80\n"}
,{"stream_name":"stderr","time":58.219550208,"data":" + nvidia-cuda-nvrtc-cu12==12.6.85\n"}
,{"stream_name":"stderr","time":58.219588631,"data":" + nvidia-cuda-runtime-cu12==12.6.77\n"}
,{"stream_name":"stderr","time":58.219656368,"data":" + nvidia-cudnn-cu12==9.10.2.21\n"}
,{"stream_name":"stderr","time":58.21972824,"data":" + nvidia-cufft-cu12==11.3.0.4\n"}
,{"stream_name":"stderr","time":58.219758016,"data":" + nvidia-cufile-cu12==1.11.1.6\n"}
,{"stream_name":"stderr","time":58.219810742,"data":" + nvidia-curand-cu12==10.3.7.77\n"}
,{"stream_name":"stderr","time":58.219907682,"data":" + nvidia-cusolver-cu12==11.7.1.2\n"}
,{"stream_name":"stderr","time":58.219978914,"data":" + nvidia-cusparse-cu12==12.5.4.2\n"}
,{"stream_name":"stderr","time":58.220008503,"data":" + nvidia-cusparselt-cu12==0.7.1\n"}
,{"stream_name":"stderr","time":58.220079446,"data":" - nvidia-nccl-cu12==2.30.4\n"}
,{"stream_name":"stderr","time":58.220086845,"data":" + nvidia-nccl-cu12==2.29.3\n"}
,{"stream_name":"stderr","time":58.220155257,"data":" + nvidia-nvjitlink-cu12==12.6.85\n"}
,{"stream_name":"stderr","time":58.2202369,"data":" + nvidia-nvshmem-cu12==3.4.5\n"}
,{"stream_name":"stderr","time":58.220320043,"data":" + nvidia-nvtx-cu12==12.6.77\n"}
,{"stream_name":"stderr","time":58.22032686,"data":" - oauthlib==3.3.1\n"}
,{"stream_name":"stderr","time":58.220345094,"data":" + oauthlib==3.2.2\n"}
,{"stream_name":"stderr","time":58.220437565,"data":" - opencv-python==4.13.0.92\n"}
,{"stream_name":"stderr","time":58.220492908,"data":" + opencv-python==5.0.0.93\n"}
,{"stream_name":"stderr","time":58.220553991,"data":" - opencv-python-headless==4.13.0.92\n"}
,{"stream_name":"stderr","time":58.220581437,"data":" + opencv-python-headless==5.0.0.93\n"}
,{"stream_name":"stderr","time":58.220633561,"data":" - packaging==26.1\n"}
,{"stream_name":"stderr","time":58.220669541,"data":" + packaging==26.2\n"}
,{"stream_name":"stderr","time":58.220724852,"data":" - pandas==2.3.3\n"}
,{"stream_name":"stderr","time":58.220764786,"data":" + pandas==3.0.5\n"}
,{"stream_name":"stderr","time":58.220832677,"data":" - pillow==11.3.0\n"}
,{"stream_name":"stderr","time":58.222439427,"data":" + pillow==12.3.0\n"}
,{"stream_name":"stderr","time":58.222471553,"data":" - platformdirs==4.9.6\n"}
,{"stream_name":"stderr","time":58.222476395,"data":" + platformdirs==4.11.0\n"}
,{"stream_name":"stderr","time":58.222479766,"data":" - plotly==5.24.1\n"}
,{"stream_name":"stderr","time":58.222483953,"data":" + plotly==6.9.0\n"}
,{"stream_name":"stderr","time":58.222487975,"data":" - polars==1.35.2\n"}
,{"stream_name":"stderr","time":58.222491423,"data":" + polars==1.43.0\n"}
,{"stream_name":"stderr","time":58.222495442,"data":" - polars-runtime-32==1.35.2\n"}
,{"stream_name":"stderr","time":58.22249974,"data":" + polars-runtime-32==1.43.0\n"}
,{"stream_name":"stderr","time":58.222503839,"data":" - prompt-toolkit==3.0.52\n"}
,{"stream_name":"stderr","time":58.222507868,"data":" + prompt-toolkit==3.0.53\n"}
,{"stream_name":"stderr","time":58.222511935,"data":" - propcache==0.4.1\n"}
,{"stream_name":"stderr","time":58.222535142,"data":" + propcache==0.5.2\n"}
,{"stream_name":"stderr","time":58.222540163,"data":" - protobuf==5.29.5\n"}
,{"stream_name":"stderr","time":58.222544631,"data":" + protobuf==7.35.1\n"}
,{"stream_name":"stderr","time":58.222548784,"data":" - psutil==5.9.5\n"}
,{"stream_name":"stderr","time":58.222552768,"data":" + psutil==7.2.2\n"}
,{"stream_name":"stderr","time":58.222556705,"data":" + pure-eval==0.2.3\n"}
,{"stream_name":"stderr","time":58.222560937,"data":" - pyarrow==24.0.0\n"}
,{"stream_name":"stderr","time":58.222564727,"data":" + pyarrow==25.0.0\n"}
,{"stream_name":"stderr","time":58.222568976,"data":" - pydantic==2.12.3\n"}
,{"stream_name":"stderr","time":58.222573074,"data":" + pydantic==2.13.4\n"}
,{"stream_name":"stderr","time":58.222576814,"data":" - pydantic-core==2.41.4\n"}
,{"stream_name":"stderr","time":58.222581213,"data":" + pydantic-core==2.46.4\n"}
,{"stream_name":"stderr","time":58.222584927,"data":" - pyjwt==2.12.1\n"}
,{"stream_name":"stderr","time":58.222588516,"data":" + pyjwt==2.7.0\n"}
,{"stream_name":"stderr","time":58.222592513,"data":" - pyparsing==3.3.2\n"}
,{"stream_name":"stderr","time":58.22259655,"data":" + pyparsing==3.1.1\n"}
,{"stream_name":"stderr","time":58.222601072,"data":" - regex==2025.11.3\n"}
,{"stream_name":"stderr","time":58.22260568,"data":" + regex==2026.7.19\n"}
,{"stream_name":"stderr","time":58.222609806,"data":" - requests==2.32.4\n"}
,{"stream_name":"stderr","time":58.222614097,"data":" + requests==2.34.2\n"}
,{"stream_name":"stderr","time":58.222618521,"data":" - rich==13.9.4\n"}
,{"stream_name":"stderr","time":58.222622521,"data":" + rich==15.0.0\n"}
,{"stream_name":"stderr","time":58.222626565,"data":" - rpds-py==0.30.0\n"}
,{"stream_name":"stderr","time":58.222631093,"data":" + rpds-py==2026.6.3\n"}
,{"stream_name":"stderr","time":58.222635212,"data":" - safetensors==0.7.0\n"}
,{"stream_name":"stderr","time":58.22263962,"data":" + safetensors==0.8.0\n"}
,{"stream_name":"stderr","time":58.222643681,"data":" - scikit-image==0.25.2\n"}
,{"stream_name":"stderr","time":58.222647953,"data":" + scikit-image==0.26.0\n"}
,{"stream_name":"stderr","time":58.222651636,"data":" - scikit-learn==1.6.1\n"}
,{"stream_name":"stderr","time":58.222658924,"data":" + scikit-learn==1.9.0\n"}
,{"stream_name":"stderr","time":58.222663035,"data":" - scipy==1.16.3\n"}
,{"stream_name":"stderr","time":58.222666796,"data":" + scipy==1.18.0\n"}
,{"stream_name":"stderr","time":58.222670722,"data":" - sentence-transformers==5.4.1\n"}
,{"stream_name":"stderr","time":58.222674428,"data":" + sentence-transformers==5.6.1\n"}
,{"stream_name":"stderr","time":58.222759428,"data":" - setuptools==81.0.0\n"}
,{"stream_name":"stderr","time":58.222777447,"data":" + setuptools==83.0.0\n"}
,{"stream_name":"stderr","time":58.22279136,"data":" - smart-open==7.6.0\n"}
,{"stream_name":"stderr","time":58.222838933,"data":" + smart-open==8.0.1\n"}
,{"stream_name":"stderr","time":58.222882064,"data":" - soundfile==0.13.1\n"}
,{"stream_name":"stderr","time":58.222936097,"data":" + soundfile==0.14.0\n"}
,{"stream_name":"stderr","time":58.223013091,"data":" - soupsieve==2.8.3\n"}
,{"stream_name":"stderr","time":58.223041814,"data":" + soupsieve==2.9.1\n"}
,{"stream_name":"stderr","time":58.223081377,"data":" - soxr==1.0.0\n"}
,{"stream_name":"stderr","time":58.223155495,"data":" + soxr==1.1.0\n"}
,{"stream_name":"stderr","time":58.223206753,"data":" - sqlalchemy==2.0.49\n"}
,{"stream_name":"stderr","time":58.223276217,"data":" + sqlalchemy==2.0.51\n"}
,{"stream_name":"stderr","time":58.223291719,"data":" + stack-data==0.6.3\n"}
,{"stream_name":"stderr","time":58.223347306,"data":" + standard-aifc==3.13.0\n"}
,{"stream_name":"stderr","time":58.22340836,"data":" + standard-chunk==3.13.0\n"}
,{"stream_name":"stderr","time":58.223445293,"data":" + standard-sunau==3.13.0\n"}
,{"stream_name":"stderr","time":58.223497616,"data":" - stringzilla==4.6.0\n"}
,{"stream_name":"stderr","time":58.223587509,"data":" + stringzilla==5.0.7\n"}
,{"stream_name":"stderr","time":58.223623753,"data":" - tensorboard==2.20.0\n"}
,{"stream_name":"stderr","time":58.223646665,"data":" + tensorboard==2.21.0\n"}
,{"stream_name":"stderr","time":58.223710889,"data":" - tifffile==2026.4.11\n"}
,{"stream_name":"stderr","time":58.223756683,"data":" + tifffile==2026.7.31\n"}
,{"stream_name":"stderr","time":58.223831506,"data":" - torch==2.10.0+cpu (from https://download.pytorch.org/whl/cpu/torch-2.10.0%2Bcpu-cp312-cp312-manylinux_2_28_x86_64.whl)\n"}
,{"stream_name":"stderr","time":58.223876031,"data":" + torch==2.13.0\n"}
,{"stream_name":"stderr","time":58.223966066,"data":" - torchaudio==2.10.0+cpu (from https://download.pytorch.org/whl/cpu/torchaudio-2.10.0%2Bcpu-cp312-cp312-manylinux_2_28_x86_64.whl)\n"}
,{"stream_name":"stderr","time":58.224003296,"data":" + torchaudio==2.11.0\n"}
,{"stream_name":"stderr","time":58.224091759,"data":" - torchvision==0.25.0+cpu (from https://download.pytorch.org/whl/cpu/torchvision-0.25.0%2Bcpu-cp312-cp312-manylinux_2_28_x86_64.whl)\n"}
,{"stream_name":"stderr","time":58.224147889,"data":" + torchvision==0.28.0\n"}
,{"stream_name":"stderr","time":58.224200821,"data":" - tqdm==4.67.3\n"}
,{"stream_name":"stderr","time":58.224252726,"data":" + tqdm==4.69.1\n"}
,{"stream_name":"stderr","time":58.224322,"data":" - traitlets==5.15.1\n"}
,{"stream_name":"stderr","time":58.224429973,"data":" + traitlets==5.16.0\n"}
,{"stream_name":"stderr","time":58.224512994,"data":" - transformers==5.0.0\n"}
,{"stream_name":"stderr","time":58.224545971,"data":" + transformers==5.14.1\n"}
,{"stream_name":"stderr","time":58.224600423,"data":" + triton==3.7.1\n"}
,{"stream_name":"stderr","time":58.224679643,"data":" + trl==1.9.0\n"}
,{"stream_name":"stderr","time":58.224699977,"data":" - typer==0.24.2\n"}
,{"stream_name":"stderr","time":58.224770474,"data":" + typer==0.27.0\n"}
,{"stream_name":"stderr","time":58.224806582,"data":" - typing-extensions==4.15.0\n"}
,{"stream_name":"stderr","time":58.224859575,"data":" + typing-extensions==4.16.0\n"}
,{"stream_name":"stderr","time":58.22490518,"data":" - tzdata==2026.1\n"}
,{"stream_name":"stderr","time":58.224982828,"data":" + tzdata==2026.3\n"}
,{"stream_name":"stderr","time":58.22501442,"data":" - urllib3==2.5.0\n"}
,{"stream_name":"stderr","time":58.22505359,"data":" + urllib3==2.7.0\n"}
,{"stream_name":"stderr","time":58.225115465,"data":" - wcwidth==0.6.0\n"}
,{"stream_name":"stderr","time":58.22515168,"data":" + wcwidth==0.8.2\n"}
,{"stream_name":"stderr","time":58.225210445,"data":" - wrapt==2.1.2\n"}
,{"stream_name":"stderr","time":58.225301711,"data":" + wrapt==2.3.0\n"}
,{"stream_name":"stderr","time":58.225315777,"data":" - xgboost==3.2.0\n"}
,{"stream_name":"stderr","time":58.22542913,"data":" + xgboost==3.3.0\n"}
,{"stream_name":"stderr","time":58.225493782,"data":" - xxhash==3.6.0\n"}
,{"stream_name":"stderr","time":58.225596881,"data":" + xxhash==3.8.1\n"}
,{"stream_name":"stderr","time":58.225605714,"data":" - yarl==1.23.0\n"}
,{"stream_name":"stderr","time":58.225627472,"data":" + yarl==1.24.5\n"}
,{"stream_name":"stdout","time":58.233921908,"data":"IOAI environment ready (wheels from /kaggle/input/datasets/kamalkhan/ioai-2026-wheel-dataset)\n"}
,{"stream_name":"stdout","time":95.095948066,"data":"training segments: 30806 | features: 140000\n"}
,{"stream_name":"stdout","time":103.867488567,"data":"wrote /kaggle/working/submission.csv with 760 rows\n"}
,{"stream_name":"stdout","time":108.210352518,"data":"dev score: 94.615 | exact: 353/380 | MAE: 15.82\n"}
,{"stream_name":"stderr","time":111.445493195,"data":"/usr/local/lib/python3.12/dist-packages/mistune.py:435: SyntaxWarning: invalid escape sequence '\\|'\n"}
,{"stream_name":"stderr","time":111.445538832,"data":"  cells[i][c] = re.sub('\\\\\\\\\\|', '|', cell)\n"}
,{"stream_name":"stderr","time":111.824225137,"data":"/usr/local/lib/python3.12/dist-packages/nbconvert/filters/filter_links.py:36: SyntaxWarning: invalid escape sequence '\\_'\n"}
,{"stream_name":"stderr","time":111.824352823,"data":"  text = re.sub(r'_', '\\_', text) # Escape underscores in display text\n"}
,{"stream_name":"stderr","time":112.897305696,"data":"[NbConvertApp] Converting notebook __script__.ipynb to html\n"}
,{"stream_name":"stderr","time":114.791890377,"data":"[NbConvertApp] Writing 324458 bytes to __results__.html\n"}
]