[{"stream_name":"stderr","time":7.624685056,"data":"Using Python 3.12.13 environment at: /usr\n"}
,{"stream_name":"stderr","time":7.839083607,"data":"Resolved 159 packages in 134ms\n"}
,{"stream_name":"stderr","time":45.066463613,"data":"Prepared 123 packages in 37.22s\n"}
,{"stream_name":"stderr","time":50.137644389,"data":"Uninstalled 93 packages in 5.07s\n"}
,{"stream_name":"stderr","time":52.735106372,"data":"Installed 123 packages in 2.59s\n"}
,{"stream_name":"stderr","time":52.735465331,"data":" - absl-py==1.4.0\n"}
,{"stream_name":"stderr","time":52.73548043,"data":" + absl-py==2.5.0\n"}
,{"stream_name":"stderr","time":52.735485831,"data":" - accelerate==1.13.0\n"}
,{"stream_name":"stderr","time":52.735500232,"data":" + accelerate==1.14.0\n"}
,{"stream_name":"stderr","time":52.735530122,"data":" - aiohappyeyeballs==2.6.1\n"}
,{"stream_name":"stderr","time":52.735589597,"data":" + aiohappyeyeballs==2.7.1\n"}
,{"stream_name":"stderr","time":52.73562453,"data":" - aiohttp==3.13.5\n"}
,{"stream_name":"stderr","time":52.73568208,"data":" + aiohttp==3.14.3\n"}
,{"stream_name":"stderr","time":52.735770946,"data":" - alembic==1.18.4\n"}
,{"stream_name":"stderr","time":52.73581166,"data":" + alembic==1.18.5\n"}
,{"stream_name":"stderr","time":52.735833722,"data":" - annotated-doc==0.0.4\n"}
,{"stream_name":"stderr","time":52.73585601,"data":" + annotated-doc==0.0.5\n"}
,{"stream_name":"stderr","time":52.73665346,"data":" - annotated-types==0.7.0\n"}
,{"stream_name":"stderr","time":52.736672066,"data":" + annotated-types==0.8.0\n"}
,{"stream_name":"stderr","time":52.736677807,"data":" - anyio==4.13.0\n"}
,{"stream_name":"stderr","time":52.736716735,"data":" + anyio==4.14.2\n"}
,{"stream_name":"stderr","time":52.736783073,"data":" - asttokens==3.0.1\n"}
,{"stream_name":"stderr","time":52.736828458,"data":" + asttokens==3.0.2\n"}
,{"stream_name":"stderr","time":52.736892383,"data":" + async-lru==2.3.0\n"}
,{"stream_name":"stderr","time":52.736942481,"data":" - beautifulsoup4==4.13.5\n"}
,{"stream_name":"stderr","time":52.737003136,"data":" + beautifulsoup4==4.15.0\n"}
,{"stream_name":"stderr","time":52.737022783,"data":" - blinker==1.9.0\n"}
,{"stream_name":"stderr","time":52.737101944,"data":" + blinker==1.7.0\n"}
,{"stream_name":"stderr","time":52.737151882,"data":" - certifi==2026.4.22\n"}
,{"stream_name":"stderr","time":52.737166738,"data":" + certifi==2026.7.22\n"}
,{"stream_name":"stderr","time":52.737234,"data":" - cffi==2.0.0\n"}
,{"stream_name":"stderr","time":52.737282797,"data":" + cffi==2.1.0\n"}
,{"stream_name":"stderr","time":52.737352278,"data":" - charset-normalizer==3.4.7\n"}
,{"stream_name":"stderr","time":52.737368312,"data":" + charset-normalizer==3.4.9\n"}
,{"stream_name":"stderr","time":52.737408571,"data":" - click==8.3.3\n"}
,{"stream_name":"stderr","time":52.73746007,"data":" + click==8.4.2\n"}
,{"stream_name":"stderr","time":52.737538832,"data":" - cloudpathlib==0.23.0\n"}
,{"stream_name":"stderr","time":52.737586395,"data":" + cloudpathlib==0.24.0\n"}
,{"stream_name":"stderr","time":52.737639846,"data":" - cryptography==43.0.3\n"}
,{"stream_name":"stderr","time":52.737684284,"data":" + cryptography==41.0.7\n"}
,{"stream_name":"stderr","time":52.737793816,"data":" + cuda-bindings==12.9.4\n"}
,{"stream_name":"stderr","time":52.73780856,"data":" + cuda-pathfinder==1.2.2\n"}
,{"stream_name":"stderr","time":52.737821861,"data":" + cuda-toolkit==12.6.3\n"}
,{"stream_name":"stderr","time":52.737938857,"data":" + evaluate==0.4.6\n"}
,{"stream_name":"stderr","time":52.73795081,"data":" + executing==2.2.1\n"}
,{"stream_name":"stderr","time":52.737978119,"data":" + fasttext-numpy2==0.10.4\n"}
,{"stream_name":"stderr","time":52.738037496,"data":" - filelock==3.29.0\n"}
,{"stream_name":"stderr","time":52.738054899,"data":" + filelock==3.32.2\n"}
,{"stream_name":"stderr","time":52.738241132,"data":" - fonttools==4.62.1\n"}
,{"stream_name":"stderr","time":52.738249811,"data":" + fonttools==4.63.0\n"}
,{"stream_name":"stderr","time":52.738253851,"data":" - fsspec==2025.3.0\n"}
,{"stream_name":"stderr","time":52.738266286,"data":" + fsspec==2026.4.0\n"}
,{"stream_name":"stderr","time":52.738303833,"data":" - gitpython==3.1.47\n"}
,{"stream_name":"stderr","time":52.738382494,"data":" + gitpython==3.1.57\n"}
,{"stream_name":"stderr","time":52.738399433,"data":" - greenlet==3.4.0\n"}
,{"stream_name":"stderr","time":52.738446289,"data":" + greenlet==3.5.4\n"}
,{"stream_name":"stderr","time":52.738621158,"data":" - grpcio==1.81.1\n"}
,{"stream_name":"stderr","time":52.738628691,"data":" + grpcio==1.83.0\n"}
,{"stream_name":"stderr","time":52.738632559,"data":" - hf-xet==1.4.3\n"}
,{"stream_name":"stderr","time":52.738648376,"data":" + hf-xet==1.5.2\n"}
,{"stream_name":"stderr","time":52.738683832,"data":" - httplib2==0.31.2\n"}
,{"stream_name":"stderr","time":52.738747256,"data":" + httplib2==0.20.4\n"}
,{"stream_name":"stderr","time":52.738780754,"data":" - huggingface-hub==1.11.0\n"}
,{"stream_name":"stderr","time":52.738823368,"data":" + huggingface-hub==1.26.0\n"}
,{"stream_name":"stderr","time":52.738894015,"data":" - idna==3.13\n"}
,{"stream_name":"stderr","time":52.738921062,"data":" + idna==3.18\n"}
,{"stream_name":"stderr","time":52.738999989,"data":" - imageio==2.37.3\n"}
,{"stream_name":"stderr","time":52.73901327,"data":" + imageio==2.37.4\n"}
,{"stream_name":"stderr","time":52.739056746,"data":" + ioai-env==0.2.0\n"}
,{"stream_name":"stderr","time":52.739107861,"data":" - lightgbm==4.6.0\n"}
,{"stream_name":"stderr","time":52.7391939,"data":" + lightgbm==4.7.0\n"}
,{"stream_name":"stderr","time":52.739206387,"data":" - llvmlite==0.43.0\n"}
,{"stream_name":"stderr","time":52.739265111,"data":" + llvmlite==0.48.0\n"}
,{"stream_name":"stderr","time":52.739317729,"data":" - mako==1.3.11\n"}
,{"stream_name":"stderr","time":52.739353046,"data":" + mako==1.3.12\n"}
,{"stream_name":"stderr","time":52.739410774,"data":" - markdown==3.10.2\n"}
,{"stream_name":"stderr","time":52.739454695,"data":" + markdown==3.10.3\n"}
,{"stream_name":"stderr","time":52.739501582,"data":" - markdown-it-py==4.0.0\n"}
,{"stream_name":"stderr","time":52.739556592,"data":" + markdown-it-py==4.2.0\n"}
,{"stream_name":"stderr","time":52.739592919,"data":" - matplotlib==3.10.0\n"}
,{"stream_name":"stderr","time":52.739652797,"data":" + matplotlib==3.11.1\n"}
,{"stream_name":"stderr","time":52.739688287,"data":" - msgpack==1.1.2\n"}
,{"stream_name":"stderr","time":52.739772926,"data":" + msgpack==1.2.1\n"}
,{"stream_name":"stderr","time":52.739785599,"data":" - multiprocess==0.70.16\n"}
,{"stream_name":"stderr","time":52.739837689,"data":" + multiprocess==0.70.19\n"}
,{"stream_name":"stderr","time":52.739915101,"data":" - narwhals==2.20.0\n"}
,{"stream_name":"stderr","time":52.739950101,"data":" + narwhals==2.24.0\n"}
,{"stream_name":"stderr","time":52.740017351,"data":" + nest-asyncio2==1.7.2\n"}
,{"stream_name":"stderr","time":52.740035943,"data":" - nltk==3.9.1\n"}
,{"stream_name":"stderr","time":52.74008585,"data":" + nltk==3.10.0\n"}
,{"stream_name":"stderr","time":52.740144356,"data":" - numba==0.60.0\n"}
,{"stream_name":"stderr","time":52.740174438,"data":" + numba==0.66.0\n"}
,{"stream_name":"stderr","time":52.740242686,"data":" - numpy==2.0.2\n"}
,{"stream_name":"stderr","time":52.740279015,"data":" + numpy==2.4.6\n"}
,{"stream_name":"stderr","time":52.740336318,"data":" + nvidia-cublas-cu12==12.6.4.1\n"}
,{"stream_name":"stderr","time":52.740387864,"data":" + nvidia-cuda-cupti-cu12==12.6.80\n"}
,{"stream_name":"stderr","time":52.740437356,"data":" + nvidia-cuda-nvrtc-cu12==12.6.85\n"}
,{"stream_name":"stderr","time":52.740478788,"data":" + nvidia-cuda-runtime-cu12==12.6.77\n"}
,{"stream_name":"stderr","time":52.740920776,"data":" + nvidia-cudnn-cu12==9.10.2.21\n"}
,{"stream_name":"stderr","time":52.740938861,"data":" + nvidia-cufft-cu12==11.3.0.4\n"}
,{"stream_name":"stderr","time":52.74094348,"data":" + nvidia-cufile-cu12==1.11.1.6\n"}
,{"stream_name":"stderr","time":52.740947841,"data":" + nvidia-curand-cu12==10.3.7.77\n"}
,{"stream_name":"stderr","time":52.740952421,"data":" + nvidia-cusolver-cu12==11.7.1.2\n"}
,{"stream_name":"stderr","time":52.740956499,"data":" + nvidia-cusparse-cu12==12.5.4.2\n"}
,{"stream_name":"stderr","time":52.740960748,"data":" + nvidia-cusparselt-cu12==0.7.1\n"}
,{"stream_name":"stderr","time":52.740965643,"data":" - nvidia-nccl-cu12==2.30.4\n"}
,{"stream_name":"stderr","time":52.741029613,"data":" + nvidia-nccl-cu12==2.29.3\n"}
,{"stream_name":"stderr","time":52.741053898,"data":" + nvidia-nvjitlink-cu12==12.6.85\n"}
,{"stream_name":"stderr","time":52.741075611,"data":" + nvidia-nvshmem-cu12==3.4.5\n"}
,{"stream_name":"stderr","time":52.741114296,"data":" + nvidia-nvtx-cu12==12.6.77\n"}
,{"stream_name":"stderr","time":52.741158936,"data":" - oauthlib==3.3.1\n"}
,{"stream_name":"stderr","time":52.74127116,"data":" + oauthlib==3.2.2\n"}
,{"stream_name":"stderr","time":52.741288031,"data":" - opencv-python==4.13.0.92\n"}
,{"stream_name":"stderr","time":52.741330716,"data":" + opencv-python==5.0.0.93\n"}
,{"stream_name":"stderr","time":52.741396007,"data":" - opencv-python-headless==4.13.0.92\n"}
,{"stream_name":"stderr","time":52.741473014,"data":" + opencv-python-headless==5.0.0.93\n"}
,{"stream_name":"stderr","time":52.741496277,"data":" - packaging==26.1\n"}
,{"stream_name":"stderr","time":52.741529425,"data":" + packaging==26.2\n"}
,{"stream_name":"stderr","time":52.741585103,"data":" - pandas==2.3.3\n"}
,{"stream_name":"stderr","time":52.741638822,"data":" + pandas==3.0.5\n"}
,{"stream_name":"stderr","time":52.741717812,"data":" - pillow==11.3.0\n"}
,{"stream_name":"stderr","time":52.741725462,"data":" + pillow==12.3.0\n"}
,{"stream_name":"stderr","time":52.74176549,"data":" - platformdirs==4.9.6\n"}
,{"stream_name":"stderr","time":52.742016749,"data":" + platformdirs==4.11.0\n"}
,{"stream_name":"stderr","time":52.742035009,"data":" - plotly==5.24.1\n"}
,{"stream_name":"stderr","time":52.742039093,"data":" + plotly==6.9.0\n"}
,{"stream_name":"stderr","time":52.742043304,"data":" - polars==1.35.2\n"}
,{"stream_name":"stderr","time":52.742080516,"data":" + polars==1.43.0\n"}
,{"stream_name":"stderr","time":52.742087833,"data":" - polars-runtime-32==1.35.2\n"}
,{"stream_name":"stderr","time":52.742133638,"data":" + polars-runtime-32==1.43.0\n"}
,{"stream_name":"stderr","time":52.742162324,"data":" - prompt-toolkit==3.0.52\n"}
,{"stream_name":"stderr","time":52.742239568,"data":" + prompt-toolkit==3.0.53\n"}
,{"stream_name":"stderr","time":52.742303782,"data":" - propcache==0.4.1\n"}
,{"stream_name":"stderr","time":52.742322941,"data":" + propcache==0.5.2\n"}
,{"stream_name":"stderr","time":52.742410733,"data":" - protobuf==5.29.5\n"}
,{"stream_name":"stderr","time":52.742418403,"data":" + protobuf==7.35.1\n"}
,{"stream_name":"stderr","time":52.742472557,"data":" - psutil==5.9.5\n"}
,{"stream_name":"stderr","time":52.74251715,"data":" + psutil==7.2.2\n"}
,{"stream_name":"stderr","time":52.742558462,"data":" + pure-eval==0.2.3\n"}
,{"stream_name":"stderr","time":52.743177026,"data":" - pyarrow==24.0.0\n"}
,{"stream_name":"stderr","time":52.743199431,"data":" + pyarrow==25.0.0\n"}
,{"stream_name":"stderr","time":52.743203831,"data":" - pydantic==2.12.3\n"}
,{"stream_name":"stderr","time":52.743208046,"data":" + pydantic==2.13.4\n"}
,{"stream_name":"stderr","time":52.743211295,"data":" - pydantic-core==2.41.4\n"}
,{"stream_name":"stderr","time":52.743215318,"data":" + pydantic-core==2.46.4\n"}
,{"stream_name":"stderr","time":52.743223194,"data":" - pyjwt==2.12.1\n"}
,{"stream_name":"stderr","time":52.743227435,"data":" + pyjwt==2.7.0\n"}
,{"stream_name":"stderr","time":52.743231208,"data":" - pyparsing==3.3.2\n"}
,{"stream_name":"stderr","time":52.743234934,"data":" + pyparsing==3.1.1\n"}
,{"stream_name":"stderr","time":52.743238803,"data":" - regex==2025.11.3\n"}
,{"stream_name":"stderr","time":52.743242574,"data":" + regex==2026.7.19\n"}
,{"stream_name":"stderr","time":52.743246918,"data":" - requests==2.32.4\n"}
,{"stream_name":"stderr","time":52.743296356,"data":" + requests==2.34.2\n"}
,{"stream_name":"stderr","time":52.743304081,"data":" - rich==13.9.4\n"}
,{"stream_name":"stderr","time":52.743356439,"data":" + rich==15.0.0\n"}
,{"stream_name":"stderr","time":52.74343468,"data":" - rpds-py==0.30.0\n"}
,{"stream_name":"stderr","time":52.743463735,"data":" + rpds-py==2026.6.3\n"}
,{"stream_name":"stderr","time":52.743526167,"data":" - safetensors==0.7.0\n"}
,{"stream_name":"stderr","time":52.743559647,"data":" + safetensors==0.8.0\n"}
,{"stream_name":"stderr","time":52.743627377,"data":" - scikit-image==0.25.2\n"}
,{"stream_name":"stderr","time":52.743702937,"data":" + scikit-image==0.26.0\n"}
,{"stream_name":"stderr","time":52.743745996,"data":" - scikit-learn==1.6.1\n"}
,{"stream_name":"stderr","time":52.74375114,"data":" + scikit-learn==1.9.0\n"}
,{"stream_name":"stderr","time":52.743795289,"data":" - scipy==1.16.3\n"}
,{"stream_name":"stderr","time":52.743840478,"data":" + scipy==1.18.0\n"}
,{"stream_name":"stderr","time":52.743911614,"data":" - sentence-transformers==5.4.1\n"}
,{"stream_name":"stderr","time":52.743948915,"data":" + sentence-transformers==5.6.1\n"}
,{"stream_name":"stderr","time":52.743997513,"data":" - setuptools==81.0.0\n"}
,{"stream_name":"stderr","time":52.744059924,"data":" + setuptools==83.0.0\n"}
,{"stream_name":"stderr","time":52.744093481,"data":" - smart-open==7.6.0\n"}
,{"stream_name":"stderr","time":52.744137403,"data":" + smart-open==8.0.1\n"}
,{"stream_name":"stderr","time":52.744185862,"data":" - soundfile==0.13.1\n"}
,{"stream_name":"stderr","time":52.744247833,"data":" + soundfile==0.14.0\n"}
,{"stream_name":"stderr","time":52.744287502,"data":" - soupsieve==2.8.3\n"}
,{"stream_name":"stderr","time":52.744334372,"data":" + soupsieve==2.9.1\n"}
,{"stream_name":"stderr","time":52.744431962,"data":" - soxr==1.0.0\n"}
,{"stream_name":"stderr","time":52.744438464,"data":" + soxr==1.1.0\n"}
,{"stream_name":"stderr","time":52.744489554,"data":" - sqlalchemy==2.0.49\n"}
,{"stream_name":"stderr","time":52.744522089,"data":" + sqlalchemy==2.0.51\n"}
,{"stream_name":"stderr","time":52.744574997,"data":" + stack-data==0.6.3\n"}
,{"stream_name":"stderr","time":52.744629293,"data":" + standard-aifc==3.13.0\n"}
,{"stream_name":"stderr","time":52.744696452,"data":" + standard-chunk==3.13.0\n"}
,{"stream_name":"stderr","time":52.744726522,"data":" + standard-sunau==3.13.0\n"}
,{"stream_name":"stderr","time":52.744764348,"data":" - stringzilla==4.6.0\n"}
,{"stream_name":"stderr","time":52.744819881,"data":" + stringzilla==5.0.7\n"}
,{"stream_name":"stderr","time":52.74485492,"data":" - tensorboard==2.20.0\n"}
,{"stream_name":"stderr","time":52.74497763,"data":" + tensorboard==2.21.0\n"}
,{"stream_name":"stderr","time":52.74498927,"data":" - tifffile==2026.4.11\n"}
,{"stream_name":"stderr","time":52.745036021,"data":" + tifffile==2026.7.31\n"}
,{"stream_name":"stderr","time":52.745110774,"data":" - torch==2.10.0+cpu (from https://download.pytorch.org/whl/cpu/torch-2.10.0%2Bcpu-cp312-cp312-manylinux_2_28_x86_64.whl)\n"}
,{"stream_name":"stderr","time":52.74515911,"data":" + torch==2.13.0\n"}
,{"stream_name":"stderr","time":52.745251951,"data":" - torchaudio==2.10.0+cpu (from https://download.pytorch.org/whl/cpu/torchaudio-2.10.0%2Bcpu-cp312-cp312-manylinux_2_28_x86_64.whl)\n"}
,{"stream_name":"stderr","time":52.745293631,"data":" + torchaudio==2.11.0\n"}
,{"stream_name":"stderr","time":52.745406409,"data":" - torchvision==0.25.0+cpu (from https://download.pytorch.org/whl/cpu/torchvision-0.25.0%2Bcpu-cp312-cp312-manylinux_2_28_x86_64.whl)\n"}
,{"stream_name":"stderr","time":52.745422398,"data":" + torchvision==0.28.0\n"}
,{"stream_name":"stderr","time":52.74548514,"data":" - tqdm==4.67.3\n"}
,{"stream_name":"stderr","time":52.745536957,"data":" + tqdm==4.69.1\n"}
,{"stream_name":"stderr","time":52.745567568,"data":" - traitlets==5.15.1\n"}
,{"stream_name":"stderr","time":52.745623987,"data":" + traitlets==5.16.0\n"}
,{"stream_name":"stderr","time":52.74567526,"data":" - transformers==5.0.0\n"}
,{"stream_name":"stderr","time":52.745723652,"data":" + transformers==5.14.1\n"}
,{"stream_name":"stderr","time":52.745756591,"data":" + triton==3.7.1\n"}
,{"stream_name":"stderr","time":52.745809976,"data":" + trl==1.9.0\n"}
,{"stream_name":"stderr","time":52.745900539,"data":" - typer==0.24.2\n"}
,{"stream_name":"stderr","time":52.74597288,"data":" + typer==0.27.0\n"}
,{"stream_name":"stderr","time":52.746049376,"data":" - typing-extensions==4.15.0\n"}
,{"stream_name":"stderr","time":52.746058597,"data":" + typing-extensions==4.16.0\n"}
,{"stream_name":"stderr","time":52.746062514,"data":" - tzdata==2026.1\n"}
,{"stream_name":"stderr","time":52.746082205,"data":" + tzdata==2026.3\n"}
,{"stream_name":"stderr","time":52.74613223,"data":" - urllib3==2.5.0\n"}
,{"stream_name":"stderr","time":52.746185164,"data":" + urllib3==2.7.0\n"}
,{"stream_name":"stderr","time":52.746263135,"data":" - wcwidth==0.6.0\n"}
,{"stream_name":"stderr","time":52.746304705,"data":" + wcwidth==0.8.2\n"}
,{"stream_name":"stderr","time":52.746339967,"data":" - wrapt==2.1.2\n"}
,{"stream_name":"stderr","time":52.74637653,"data":" + wrapt==2.3.0\n"}
,{"stream_name":"stderr","time":52.746434596,"data":" - xgboost==3.2.0\n"}
,{"stream_name":"stderr","time":52.746479129,"data":" + xgboost==3.3.0\n"}
,{"stream_name":"stderr","time":52.746526203,"data":" - xxhash==3.6.0\n"}
,{"stream_name":"stderr","time":52.746567898,"data":" + xxhash==3.8.1\n"}
,{"stream_name":"stderr","time":52.746614618,"data":" - yarl==1.23.0\n"}
,{"stream_name":"stderr","time":52.74666815,"data":" + yarl==1.24.5\n"}
,{"stream_name":"stdout","time":52.754586951,"data":"IOAI environment ready (wheels from /kaggle/input/datasets/kamalkhan/ioai-2026-wheel-dataset)\n"}
,{"stream_name":"stdout","time":64.148561034,"data":"wrote /kaggle/working/submission.csv with 200 rows\n"}
,{"stream_name":"stderr","time":66.725119255,"data":"/usr/local/lib/python3.12/dist-packages/mistune.py:435: SyntaxWarning: invalid escape sequence '\\|'\n"}
,{"stream_name":"stderr","time":66.725161861,"data":"  cells[i][c] = re.sub('\\\\\\\\\\|', '|', cell)\n"}
,{"stream_name":"stderr","time":67.045635137,"data":"/usr/local/lib/python3.12/dist-packages/nbconvert/filters/filter_links.py:36: SyntaxWarning: invalid escape sequence '\\_'\n"}
,{"stream_name":"stderr","time":67.045669685,"data":"  text = re.sub(r'_', '\\_', text) # Escape underscores in display text\n"}
,{"stream_name":"stderr","time":68.111316602,"data":"[NbConvertApp] Converting notebook __script__.ipynb to html\n"}
,{"stream_name":"stderr","time":69.886003607,"data":"[NbConvertApp] Writing 302036 bytes to __results__.html\n"}
]