[{"stream_name":"stderr","time":8.353348646,"data":"Using Python 3.12.13 environment at: /usr\n"}
,{"stream_name":"stderr","time":8.624716013,"data":"Resolved 159 packages in 172ms\n"}
,{"stream_name":"stderr","time":50.8385965,"data":"Prepared 123 packages in 42.21s\n"}
,{"stream_name":"stderr","time":56.377549427,"data":"Uninstalled 93 packages in 5.53s\n"}
,{"stream_name":"stderr","time":56.834971529,"data":"Installed 123 packages in 457ms\n"}
,{"stream_name":"stderr","time":56.835782023,"data":" - absl-py==1.4.0\n"}
,{"stream_name":"stderr","time":56.835809443,"data":" + absl-py==2.5.0\n"}
,{"stream_name":"stderr","time":56.835816013,"data":" - accelerate==1.13.0\n"}
,{"stream_name":"stderr","time":56.835821474,"data":" + accelerate==1.14.0\n"}
,{"stream_name":"stderr","time":56.835826619,"data":" - aiohappyeyeballs==2.6.1\n"}
,{"stream_name":"stderr","time":56.835844734,"data":" + aiohappyeyeballs==2.7.1\n"}
,{"stream_name":"stderr","time":56.835860851,"data":" - aiohttp==3.13.5\n"}
,{"stream_name":"stderr","time":56.835910324,"data":" + aiohttp==3.14.3\n"}
,{"stream_name":"stderr","time":56.836038677,"data":" - alembic==1.18.4\n"}
,{"stream_name":"stderr","time":56.836176367,"data":" + alembic==1.18.5\n"}
,{"stream_name":"stderr","time":56.836185859,"data":" - annotated-doc==0.0.4\n"}
,{"stream_name":"stderr","time":56.836229432,"data":" + annotated-doc==0.0.5\n"}
,{"stream_name":"stderr","time":56.836373272,"data":" - annotated-types==0.7.0\n"}
,{"stream_name":"stderr","time":56.836394214,"data":" + annotated-types==0.8.0\n"}
,{"stream_name":"stderr","time":56.836401698,"data":" - anyio==4.13.0\n"}
,{"stream_name":"stderr","time":56.836437138,"data":" + anyio==4.14.2\n"}
,{"stream_name":"stderr","time":56.836551814,"data":" - asttokens==3.0.1\n"}
,{"stream_name":"stderr","time":56.836559494,"data":" + asttokens==3.0.2\n"}
,{"stream_name":"stderr","time":56.836618436,"data":" + async-lru==2.3.0\n"}
,{"stream_name":"stderr","time":56.836714299,"data":" - beautifulsoup4==4.13.5\n"}
,{"stream_name":"stderr","time":56.836732624,"data":" + beautifulsoup4==4.15.0\n"}
,{"stream_name":"stderr","time":56.836778681,"data":" - blinker==1.9.0\n"}
,{"stream_name":"stderr","time":56.83683239,"data":" + blinker==1.7.0\n"}
,{"stream_name":"stderr","time":56.836887713,"data":" - certifi==2026.4.22\n"}
,{"stream_name":"stderr","time":56.836949687,"data":" + certifi==2026.7.22\n"}
,{"stream_name":"stderr","time":56.837021096,"data":" - cffi==2.0.0\n"}
,{"stream_name":"stderr","time":56.837090722,"data":" + cffi==2.1.0\n"}
,{"stream_name":"stderr","time":56.837178417,"data":" - charset-normalizer==3.4.7\n"}
,{"stream_name":"stderr","time":56.837269037,"data":" + charset-normalizer==3.4.9\n"}
,{"stream_name":"stderr","time":56.837289474,"data":" - click==8.3.3\n"}
,{"stream_name":"stderr","time":56.837382634,"data":" + click==8.4.2\n"}
,{"stream_name":"stderr","time":56.837399505,"data":" - cloudpathlib==0.23.0\n"}
,{"stream_name":"stderr","time":56.837477507,"data":" + cloudpathlib==0.24.0\n"}
,{"stream_name":"stderr","time":56.83754747,"data":" - cryptography==43.0.3\n"}
,{"stream_name":"stderr","time":56.837575274,"data":" + cryptography==41.0.7\n"}
,{"stream_name":"stderr","time":56.837634499,"data":" + cuda-bindings==12.9.4\n"}
,{"stream_name":"stderr","time":56.837703149,"data":" + cuda-pathfinder==1.2.2\n"}
,{"stream_name":"stderr","time":56.837734943,"data":" + cuda-toolkit==12.6.3\n"}
,{"stream_name":"stderr","time":56.837805116,"data":" + evaluate==0.4.6\n"}
,{"stream_name":"stderr","time":56.837867257,"data":" + executing==2.2.1\n"}
,{"stream_name":"stderr","time":56.837952382,"data":" + fasttext-numpy2==0.10.4\n"}
,{"stream_name":"stderr","time":56.838011956,"data":" - filelock==3.29.0\n"}
,{"stream_name":"stderr","time":56.838066764,"data":" + filelock==3.32.2\n"}
,{"stream_name":"stderr","time":56.838114104,"data":" - fonttools==4.62.1\n"}
,{"stream_name":"stderr","time":56.838201871,"data":" + fonttools==4.63.0\n"}
,{"stream_name":"stderr","time":56.838267936,"data":" - fsspec==2025.3.0\n"}
,{"stream_name":"stderr","time":56.83888606,"data":" + fsspec==2026.4.0\n"}
,{"stream_name":"stderr","time":56.838896536,"data":" - gitpython==3.1.47\n"}
,{"stream_name":"stderr","time":56.838900907,"data":" + gitpython==3.1.57\n"}
,{"stream_name":"stderr","time":56.838905099,"data":" - greenlet==3.4.0\n"}
,{"stream_name":"stderr","time":56.838909603,"data":" + greenlet==3.5.4\n"}
,{"stream_name":"stderr","time":56.838914371,"data":" - grpcio==1.81.1\n"}
,{"stream_name":"stderr","time":56.838918934,"data":" + grpcio==1.83.0\n"}
,{"stream_name":"stderr","time":56.838923409,"data":" - hf-xet==1.4.3\n"}
,{"stream_name":"stderr","time":56.838927673,"data":" + hf-xet==1.5.2\n"}
,{"stream_name":"stderr","time":56.838931987,"data":" - httplib2==0.31.2\n"}
,{"stream_name":"stderr","time":56.83893725,"data":" + httplib2==0.20.4\n"}
,{"stream_name":"stderr","time":56.839018306,"data":" - huggingface-hub==1.11.0\n"}
,{"stream_name":"stderr","time":56.839025884,"data":" + huggingface-hub==1.26.0\n"}
,{"stream_name":"stderr","time":56.839068411,"data":" - idna==3.13\n"}
,{"stream_name":"stderr","time":56.839140704,"data":" + idna==3.18\n"}
,{"stream_name":"stderr","time":56.839202139,"data":" - imageio==2.37.3\n"}
,{"stream_name":"stderr","time":56.839256727,"data":" + imageio==2.37.4\n"}
,{"stream_name":"stderr","time":56.839347366,"data":" + ioai-env==0.2.0\n"}
,{"stream_name":"stderr","time":56.839373517,"data":" - lightgbm==4.6.0\n"}
,{"stream_name":"stderr","time":56.839464934,"data":" + lightgbm==4.7.0\n"}
,{"stream_name":"stderr","time":56.839520839,"data":" - llvmlite==0.43.0\n"}
,{"stream_name":"stderr","time":56.839553442,"data":" + llvmlite==0.48.0\n"}
,{"stream_name":"stderr","time":56.839617023,"data":" - mako==1.3.11\n"}
,{"stream_name":"stderr","time":56.839694111,"data":" + mako==1.3.12\n"}
,{"stream_name":"stderr","time":56.839740966,"data":" - markdown==3.10.2\n"}
,{"stream_name":"stderr","time":56.839805687,"data":" + markdown==3.10.3\n"}
,{"stream_name":"stderr","time":56.83987524,"data":" - markdown-it-py==4.0.0\n"}
,{"stream_name":"stderr","time":56.839905294,"data":" + markdown-it-py==4.2.0\n"}
,{"stream_name":"stderr","time":56.839960721,"data":" - matplotlib==3.10.0\n"}
,{"stream_name":"stderr","time":56.840020472,"data":" + matplotlib==3.11.1\n"}
,{"stream_name":"stderr","time":56.840082271,"data":" - msgpack==1.1.2\n"}
,{"stream_name":"stderr","time":56.840186649,"data":" + msgpack==1.2.1\n"}
,{"stream_name":"stderr","time":56.840228298,"data":" - multiprocess==0.70.16\n"}
,{"stream_name":"stderr","time":56.840292632,"data":" + multiprocess==0.70.19\n"}
,{"stream_name":"stderr","time":56.840337518,"data":" - narwhals==2.20.0\n"}
,{"stream_name":"stderr","time":56.841205454,"data":" + narwhals==2.24.0\n"}
,{"stream_name":"stderr","time":56.841222407,"data":" + nest-asyncio2==1.7.2\n"}
,{"stream_name":"stderr","time":56.841227124,"data":" - nltk==3.9.1\n"}
,{"stream_name":"stderr","time":56.84123134,"data":" + nltk==3.10.0\n"}
,{"stream_name":"stderr","time":56.84124581,"data":" - numba==0.60.0\n"}
,{"stream_name":"stderr","time":56.841250275,"data":" + numba==0.66.0\n"}
,{"stream_name":"stderr","time":56.841269487,"data":" - numpy==2.0.2\n"}
,{"stream_name":"stderr","time":56.841274103,"data":" + numpy==2.4.6\n"}
,{"stream_name":"stderr","time":56.841278823,"data":" + nvidia-cublas-cu12==12.6.4.1\n"}
,{"stream_name":"stderr","time":56.841283514,"data":" + nvidia-cuda-cupti-cu12==12.6.80\n"}
,{"stream_name":"stderr","time":56.841288012,"data":" + nvidia-cuda-nvrtc-cu12==12.6.85\n"}
,{"stream_name":"stderr","time":56.84129223,"data":" + nvidia-cuda-runtime-cu12==12.6.77\n"}
,{"stream_name":"stderr","time":56.841296656,"data":" + nvidia-cudnn-cu12==9.10.2.21\n"}
,{"stream_name":"stderr","time":56.841301011,"data":" + nvidia-cufft-cu12==11.3.0.4\n"}
,{"stream_name":"stderr","time":56.841305393,"data":" + nvidia-cufile-cu12==1.11.1.6\n"}
,{"stream_name":"stderr","time":56.841309949,"data":" + nvidia-curand-cu12==10.3.7.77\n"}
,{"stream_name":"stderr","time":56.841324873,"data":" + nvidia-cusolver-cu12==11.7.1.2\n"}
,{"stream_name":"stderr","time":56.841329445,"data":" + nvidia-cusparse-cu12==12.5.4.2\n"}
,{"stream_name":"stderr","time":56.841362792,"data":" + nvidia-cusparselt-cu12==0.7.1\n"}
,{"stream_name":"stderr","time":56.841412695,"data":" - nvidia-nccl-cu12==2.30.4\n"}
,{"stream_name":"stderr","time":56.8414755,"data":" + nvidia-nccl-cu12==2.29.3\n"}
,{"stream_name":"stderr","time":56.841562084,"data":" + nvidia-nvjitlink-cu12==12.6.85\n"}
,{"stream_name":"stderr","time":56.841618806,"data":" + nvidia-nvshmem-cu12==3.4.5\n"}
,{"stream_name":"stderr","time":56.841702047,"data":" + nvidia-nvtx-cu12==12.6.77\n"}
,{"stream_name":"stderr","time":56.841767176,"data":" - oauthlib==3.3.1\n"}
,{"stream_name":"stderr","time":56.841804336,"data":" + oauthlib==3.2.2\n"}
,{"stream_name":"stderr","time":56.841854996,"data":" - opencv-python==4.13.0.92\n"}
,{"stream_name":"stderr","time":56.841936203,"data":" + opencv-python==5.0.0.93\n"}
,{"stream_name":"stderr","time":56.841987959,"data":" - opencv-python-headless==4.13.0.92\n"}
,{"stream_name":"stderr","time":56.842070779,"data":" + opencv-python-headless==5.0.0.93\n"}
,{"stream_name":"stderr","time":56.842110491,"data":" - packaging==26.1\n"}
,{"stream_name":"stderr","time":56.842191339,"data":" + packaging==26.2\n"}
,{"stream_name":"stderr","time":56.842245692,"data":" - pandas==2.3.3\n"}
,{"stream_name":"stderr","time":56.842295864,"data":" + pandas==3.0.5\n"}
,{"stream_name":"stderr","time":56.842371099,"data":" - pillow==11.3.0\n"}
,{"stream_name":"stderr","time":56.842443155,"data":" + pillow==12.3.0\n"}
,{"stream_name":"stderr","time":56.84247146,"data":" - platformdirs==4.9.6\n"}
,{"stream_name":"stderr","time":56.842550969,"data":" + platformdirs==4.11.0\n"}
,{"stream_name":"stderr","time":56.842616319,"data":" - plotly==5.24.1\n"}
,{"stream_name":"stderr","time":56.842643567,"data":" + plotly==6.9.0\n"}
,{"stream_name":"stderr","time":56.842712502,"data":" - polars==1.35.2\n"}
,{"stream_name":"stderr","time":56.842749026,"data":" + polars==1.43.0\n"}
,{"stream_name":"stderr","time":56.842829479,"data":" - polars-runtime-32==1.35.2\n"}
,{"stream_name":"stderr","time":56.842859046,"data":" + polars-runtime-32==1.43.0\n"}
,{"stream_name":"stderr","time":56.842930109,"data":" - prompt-toolkit==3.0.52\n"}
,{"stream_name":"stderr","time":56.842974409,"data":" + prompt-toolkit==3.0.53\n"}
,{"stream_name":"stderr","time":56.843024412,"data":" - propcache==0.4.1\n"}
,{"stream_name":"stderr","time":56.843082394,"data":" + propcache==0.5.2\n"}
,{"stream_name":"stderr","time":56.843205699,"data":" - protobuf==5.29.5\n"}
,{"stream_name":"stderr","time":56.843226851,"data":" + protobuf==7.35.1\n"}
,{"stream_name":"stderr","time":56.843283134,"data":" - psutil==5.9.5\n"}
,{"stream_name":"stderr","time":56.843351167,"data":" + psutil==7.2.2\n"}
,{"stream_name":"stderr","time":56.84341178,"data":" + pure-eval==0.2.3\n"}
,{"stream_name":"stderr","time":56.843465645,"data":" - pyarrow==24.0.0\n"}
,{"stream_name":"stderr","time":56.843529893,"data":" + pyarrow==25.0.0\n"}
,{"stream_name":"stderr","time":56.843584065,"data":" - pydantic==2.12.3\n"}
,{"stream_name":"stderr","time":56.843686824,"data":" + pydantic==2.13.4\n"}
,{"stream_name":"stderr","time":56.843702979,"data":" - pydantic-core==2.41.4\n"}
,{"stream_name":"stderr","time":56.843763204,"data":" + pydantic-core==2.46.4\n"}
,{"stream_name":"stderr","time":56.843822171,"data":" - pyjwt==2.12.1\n"}
,{"stream_name":"stderr","time":56.843881749,"data":" + pyjwt==2.7.0\n"}
,{"stream_name":"stderr","time":56.843942386,"data":" - pyparsing==3.3.2\n"}
,{"stream_name":"stderr","time":56.843994482,"data":" + pyparsing==3.1.1\n"}
,{"stream_name":"stderr","time":56.844053185,"data":" - regex==2025.11.3\n"}
,{"stream_name":"stderr","time":56.844111041,"data":" + regex==2026.7.19\n"}
,{"stream_name":"stderr","time":56.844210767,"data":" - requests==2.32.4\n"}
,{"stream_name":"stderr","time":56.844269522,"data":" + requests==2.34.2\n"}
,{"stream_name":"stderr","time":56.844313451,"data":" - rich==13.9.4\n"}
,{"stream_name":"stderr","time":56.844376202,"data":" + rich==15.0.0\n"}
,{"stream_name":"stderr","time":56.844443735,"data":" - rpds-py==0.30.0\n"}
,{"stream_name":"stderr","time":56.844504859,"data":" + rpds-py==2026.6.3\n"}
,{"stream_name":"stderr","time":56.844560973,"data":" - safetensors==0.7.0\n"}
,{"stream_name":"stderr","time":56.844597722,"data":" + safetensors==0.8.0\n"}
,{"stream_name":"stderr","time":56.844663964,"data":" - scikit-image==0.25.2\n"}
,{"stream_name":"stderr","time":56.844702481,"data":" + scikit-image==0.26.0\n"}
,{"stream_name":"stderr","time":56.844760283,"data":" - scikit-learn==1.6.1\n"}
,{"stream_name":"stderr","time":56.844841709,"data":" + scikit-learn==1.9.0\n"}
,{"stream_name":"stderr","time":56.844879497,"data":" - scipy==1.16.3\n"}
,{"stream_name":"stderr","time":56.844936338,"data":" + scipy==1.18.0\n"}
,{"stream_name":"stderr","time":56.84500068,"data":" - sentence-transformers==5.4.1\n"}
,{"stream_name":"stderr","time":56.845083933,"data":" + sentence-transformers==5.6.1\n"}
,{"stream_name":"stderr","time":56.845128804,"data":" - setuptools==81.0.0\n"}
,{"stream_name":"stderr","time":56.845245494,"data":" + setuptools==83.0.0\n"}
,{"stream_name":"stderr","time":56.845266024,"data":" - smart-open==7.6.0\n"}
,{"stream_name":"stderr","time":56.845330626,"data":" + smart-open==8.0.1\n"}
,{"stream_name":"stderr","time":56.845376454,"data":" - soundfile==0.13.1\n"}
,{"stream_name":"stderr","time":56.845439534,"data":" + soundfile==0.14.0\n"}
,{"stream_name":"stderr","time":56.845495658,"data":" - soupsieve==2.8.3\n"}
,{"stream_name":"stderr","time":56.845549867,"data":" + soupsieve==2.9.1\n"}
,{"stream_name":"stderr","time":56.845609579,"data":" - soxr==1.0.0\n"}
,{"stream_name":"stderr","time":56.845675109,"data":" + soxr==1.1.0\n"}
,{"stream_name":"stderr","time":56.845735613,"data":" - sqlalchemy==2.0.49\n"}
,{"stream_name":"stderr","time":56.845804791,"data":" + sqlalchemy==2.0.51\n"}
,{"stream_name":"stderr","time":56.845829241,"data":" + stack-data==0.6.3\n"}
,{"stream_name":"stderr","time":56.845888264,"data":" + standard-aifc==3.13.0\n"}
,{"stream_name":"stderr","time":56.845930524,"data":" + standard-chunk==3.13.0\n"}
,{"stream_name":"stderr","time":56.845990743,"data":" + standard-sunau==3.13.0\n"}
,{"stream_name":"stderr","time":56.846040853,"data":" - stringzilla==4.6.0\n"}
,{"stream_name":"stderr","time":56.846101337,"data":" + stringzilla==5.0.7\n"}
,{"stream_name":"stderr","time":56.846201612,"data":" - tensorboard==2.20.0\n"}
,{"stream_name":"stderr","time":56.846233344,"data":" + tensorboard==2.21.0\n"}
,{"stream_name":"stderr","time":56.846291397,"data":" - tifffile==2026.4.11\n"}
,{"stream_name":"stderr","time":56.846345263,"data":" + tifffile==2026.7.31\n"}
,{"stream_name":"stderr","time":56.846464104,"data":" - torch==2.10.0+cpu (from https://download.pytorch.org/whl/cpu/torch-2.10.0%2Bcpu-cp312-cp312-manylinux_2_28_x86_64.whl)\n"}
,{"stream_name":"stderr","time":56.846515687,"data":" + torch==2.13.0\n"}
,{"stream_name":"stderr","time":56.846591417,"data":" - torchaudio==2.10.0+cpu (from https://download.pytorch.org/whl/cpu/torchaudio-2.10.0%2Bcpu-cp312-cp312-manylinux_2_28_x86_64.whl)\n"}
,{"stream_name":"stderr","time":56.846673378,"data":" + torchaudio==2.11.0\n"}
,{"stream_name":"stderr","time":56.846745607,"data":" - torchvision==0.25.0+cpu (from https://download.pytorch.org/whl/cpu/torchvision-0.25.0%2Bcpu-cp312-cp312-manylinux_2_28_x86_64.whl)\n"}
,{"stream_name":"stderr","time":56.846829377,"data":" + torchvision==0.28.0\n"}
,{"stream_name":"stderr","time":56.846868291,"data":" - tqdm==4.67.3\n"}
,{"stream_name":"stderr","time":56.846926603,"data":" + tqdm==4.69.1\n"}
,{"stream_name":"stderr","time":56.846968587,"data":" - traitlets==5.15.1\n"}
,{"stream_name":"stderr","time":56.847020882,"data":" + traitlets==5.16.0\n"}
,{"stream_name":"stderr","time":56.847077937,"data":" - transformers==5.0.0\n"}
,{"stream_name":"stderr","time":56.847189392,"data":" + transformers==5.14.1\n"}
,{"stream_name":"stderr","time":56.847221574,"data":" + triton==3.7.1\n"}
,{"stream_name":"stderr","time":56.847279657,"data":" + trl==1.9.0\n"}
,{"stream_name":"stderr","time":56.847347744,"data":" - typer==0.24.2\n"}
,{"stream_name":"stderr","time":56.847404697,"data":" + typer==0.27.0\n"}
,{"stream_name":"stderr","time":56.847457276,"data":" - typing-extensions==4.15.0\n"}
,{"stream_name":"stderr","time":56.847523696,"data":" + typing-extensions==4.16.0\n"}
,{"stream_name":"stderr","time":56.847568947,"data":" - tzdata==2026.1\n"}
,{"stream_name":"stderr","time":56.847605682,"data":" + tzdata==2026.3\n"}
,{"stream_name":"stderr","time":56.847673517,"data":" - urllib3==2.5.0\n"}
,{"stream_name":"stderr","time":56.847735391,"data":" + urllib3==2.7.0\n"}
,{"stream_name":"stderr","time":56.84778052,"data":" - wcwidth==0.6.0\n"}
,{"stream_name":"stderr","time":56.84783139,"data":" + wcwidth==0.8.2\n"}
,{"stream_name":"stderr","time":56.847916775,"data":" - wrapt==2.1.2\n"}
,{"stream_name":"stderr","time":56.847947451,"data":" + wrapt==2.3.0\n"}
,{"stream_name":"stderr","time":56.847999196,"data":" - xgboost==3.2.0\n"}
,{"stream_name":"stderr","time":56.848058249,"data":" + xgboost==3.3.0\n"}
,{"stream_name":"stderr","time":56.848118951000004,"data":" - xxhash==3.6.0\n"}
,{"stream_name":"stderr","time":56.848202002,"data":" + xxhash==3.8.1\n"}
,{"stream_name":"stderr","time":56.848251542,"data":" - yarl==1.23.0\n"}
,{"stream_name":"stderr","time":56.848321607,"data":" + yarl==1.24.5\n"}
,{"stream_name":"stdout","time":56.86238858,"data":"IOAI environment ready (wheels from /kaggle/input/datasets/kamalkhan/ioai-2026-wheel-dataset)\n"}
,{"stream_name":"stdout","time":57.049751786,"data":"mean boundary fraction: 0.595188\n"}
,{"stream_name":"stdout","time":57.051407007,"data":"wrote /kaggle/working/submission.csv with 760 rows\n"}
,{"stream_name":"stdout","time":57.083415089,"data":"mean boundary fraction: 0.595188\n"}
,{"stream_name":"stdout","time":57.08377147,"data":"dev score: 28.57\n"}
,{"stream_name":"stderr","time":59.952350533,"data":"/usr/local/lib/python3.12/dist-packages/mistune.py:435: SyntaxWarning: invalid escape sequence '\\|'\n"}
,{"stream_name":"stderr","time":59.952386948,"data":"  cells[i][c] = re.sub('\\\\\\\\\\|', '|', cell)\n"}
,{"stream_name":"stderr","time":60.294240851,"data":"/usr/local/lib/python3.12/dist-packages/nbconvert/filters/filter_links.py:36: SyntaxWarning: invalid escape sequence '\\_'\n"}
,{"stream_name":"stderr","time":60.294274807,"data":"  text = re.sub(r'_', '\\_', text) # Escape underscores in display text\n"}
,{"stream_name":"stderr","time":61.625200532,"data":"[NbConvertApp] Converting notebook __script__.ipynb to html\n"}
,{"stream_name":"stderr","time":63.499676445,"data":"[NbConvertApp] Writing 305886 bytes to __results__.html\n"}
]