[{"stream_name":"stderr","time":6.090027893,"data":"Using Python 3.12.13 environment at: /usr\n"}
,{"stream_name":"stderr","time":6.268433762,"data":"Resolved 159 packages in 111ms\n"}
,{"stream_name":"stderr","time":28.425957676,"data":"Prepared 118 packages in 22.15s\n"}
,{"stream_name":"stderr","time":33.382037816,"data":"Uninstalled 106 packages in 4.95s\n"}
,{"stream_name":"stderr","time":35.139178883,"data":"Installed 118 packages in 1.75s\n"}
,{"stream_name":"stderr","time":35.140542807,"data":" - absl-py==1.4.0\n"}
,{"stream_name":"stderr","time":35.14056924,"data":" + absl-py==2.5.0\n"}
,{"stream_name":"stderr","time":35.14071456,"data":" - accelerate==1.13.0\n"}
,{"stream_name":"stderr","time":35.140727173,"data":" + accelerate==1.14.0\n"}
,{"stream_name":"stderr","time":35.140732753,"data":" - aiohappyeyeballs==2.6.1\n"}
,{"stream_name":"stderr","time":35.140737987,"data":" + aiohappyeyeballs==2.7.1\n"}
,{"stream_name":"stderr","time":35.142524049,"data":" - aiohttp==3.13.5\n"}
,{"stream_name":"stderr","time":35.142541844,"data":" + aiohttp==3.14.3\n"}
,{"stream_name":"stderr","time":35.142566361,"data":" - alembic==1.18.4\n"}
,{"stream_name":"stderr","time":35.142635091,"data":" + alembic==1.18.5\n"}
,{"stream_name":"stderr","time":35.142700432,"data":" - annotated-doc==0.0.4\n"}
,{"stream_name":"stderr","time":35.142740999,"data":" + annotated-doc==0.0.5\n"}
,{"stream_name":"stderr","time":35.142798478,"data":" - annotated-types==0.7.0\n"}
,{"stream_name":"stderr","time":35.142853836,"data":" + annotated-types==0.8.0\n"}
,{"stream_name":"stderr","time":35.142902156,"data":" - anyio==4.13.0\n"}
,{"stream_name":"stderr","time":35.142975701,"data":" + anyio==4.14.2\n"}
,{"stream_name":"stderr","time":35.143007255,"data":" - asttokens==3.0.1\n"}
,{"stream_name":"stderr","time":35.143057036,"data":" + asttokens==3.0.2\n"}
,{"stream_name":"stderr","time":35.143132119,"data":" + async-lru==2.3.0\n"}
,{"stream_name":"stderr","time":35.143168846,"data":" - beautifulsoup4==4.13.5\n"}
,{"stream_name":"stderr","time":35.143557207,"data":" + beautifulsoup4==4.15.0\n"}
,{"stream_name":"stderr","time":35.143581029,"data":" - blinker==1.9.0\n"}
,{"stream_name":"stderr","time":35.143587955,"data":" + blinker==1.7.0\n"}
,{"stream_name":"stderr","time":35.143593676,"data":" - certifi==2026.4.22\n"}
,{"stream_name":"stderr","time":35.143599288,"data":" + certifi==2026.7.22\n"}
,{"stream_name":"stderr","time":35.143605226,"data":" - cffi==2.0.0\n"}
,{"stream_name":"stderr","time":35.143681564,"data":" + cffi==2.1.0\n"}
,{"stream_name":"stderr","time":35.143693083,"data":" - charset-normalizer==3.4.7\n"}
,{"stream_name":"stderr","time":35.143697833,"data":" + charset-normalizer==3.4.9\n"}
,{"stream_name":"stderr","time":35.143702179,"data":" - click==8.3.3\n"}
,{"stream_name":"stderr","time":35.144887591,"data":" + click==8.4.2\n"}
,{"stream_name":"stderr","time":35.144902279,"data":" - cloudpathlib==0.23.0\n"}
,{"stream_name":"stderr","time":35.144908165,"data":" + cloudpathlib==0.24.0\n"}
,{"stream_name":"stderr","time":35.14550108,"data":" - cryptography==43.0.3\n"}
,{"stream_name":"stderr","time":35.145515772,"data":" + cryptography==41.0.7\n"}
,{"stream_name":"stderr","time":35.145522203,"data":" - cuda-toolkit==12.8.1\n"}
,{"stream_name":"stderr","time":35.145527715,"data":" + cuda-toolkit==12.6.3\n"}
,{"stream_name":"stderr","time":35.145533072,"data":" + evaluate==0.4.6\n"}
,{"stream_name":"stderr","time":35.145539241,"data":" + executing==2.2.1\n"}
,{"stream_name":"stderr","time":35.145544797,"data":" + fasttext-numpy2==0.10.4\n"}
,{"stream_name":"stderr","time":35.14556273,"data":" - filelock==3.29.0\n"}
,{"stream_name":"stderr","time":35.145567448,"data":" + filelock==3.32.2\n"}
,{"stream_name":"stderr","time":35.145571821,"data":" - fonttools==4.62.1\n"}
,{"stream_name":"stderr","time":35.14557612,"data":" + fonttools==4.63.0\n"}
,{"stream_name":"stderr","time":35.145580213,"data":" - fsspec==2025.3.0\n"}
,{"stream_name":"stderr","time":35.145585997,"data":" + fsspec==2026.4.0\n"}
,{"stream_name":"stderr","time":35.145665116,"data":" - gitpython==3.1.47\n"}
,{"stream_name":"stderr","time":35.145678677,"data":" + gitpython==3.1.57\n"}
,{"stream_name":"stderr","time":35.145807374,"data":" - greenlet==3.4.0\n"}
,{"stream_name":"stderr","time":35.145813464,"data":" + greenlet==3.5.4\n"}
,{"stream_name":"stderr","time":35.145817354,"data":" - grpcio==1.81.1\n"}
,{"stream_name":"stderr","time":35.145864766,"data":" + grpcio==1.83.0\n"}
,{"stream_name":"stderr","time":35.145983567,"data":" - hf-xet==1.4.3\n"}
,{"stream_name":"stderr","time":35.145988854,"data":" + hf-xet==1.5.2\n"}
,{"stream_name":"stderr","time":35.145993007,"data":" - httplib2==0.31.2\n"}
,{"stream_name":"stderr","time":35.146019958,"data":" + httplib2==0.20.4\n"}
,{"stream_name":"stderr","time":35.146079925,"data":" - huggingface-hub==1.11.0\n"}
,{"stream_name":"stderr","time":35.146223848,"data":" + huggingface-hub==1.26.0\n"}
,{"stream_name":"stderr","time":35.146229131,"data":" - idna==3.13\n"}
,{"stream_name":"stderr","time":35.146233127,"data":" + idna==3.18\n"}
,{"stream_name":"stderr","time":35.146358717,"data":" - imageio==2.37.3\n"}
,{"stream_name":"stderr","time":35.146363994,"data":" + imageio==2.37.4\n"}
,{"stream_name":"stderr","time":35.14636791,"data":" + ioai-env==0.2.0\n"}
,{"stream_name":"stderr","time":35.146395764,"data":" - lightgbm==4.6.0\n"}
,{"stream_name":"stderr","time":35.146445755,"data":" + lightgbm==4.7.0\n"}
,{"stream_name":"stderr","time":35.146522492,"data":" - llvmlite==0.43.0\n"}
,{"stream_name":"stderr","time":35.146633832,"data":" + llvmlite==0.48.0\n"}
,{"stream_name":"stderr","time":35.147737394,"data":" - mako==1.3.11\n"}
,{"stream_name":"stderr","time":35.147751832,"data":" + mako==1.3.12\n"}
,{"stream_name":"stderr","time":35.147756428,"data":" - markdown==3.10.2\n"}
,{"stream_name":"stderr","time":35.147760561,"data":" + markdown==3.10.3\n"}
,{"stream_name":"stderr","time":35.147809351,"data":" - markdown-it-py==4.0.0\n"}
,{"stream_name":"stderr","time":35.147813405,"data":" + markdown-it-py==4.2.0\n"}
,{"stream_name":"stderr","time":35.14783326,"data":" - matplotlib==3.10.0\n"}
,{"stream_name":"stderr","time":35.147837433,"data":" + matplotlib==3.11.1\n"}
,{"stream_name":"stderr","time":35.147877885,"data":" - msgpack==1.1.2\n"}
,{"stream_name":"stderr","time":35.147882731,"data":" + msgpack==1.2.1\n"}
,{"stream_name":"stderr","time":35.147886692,"data":" - multiprocess==0.70.16\n"}
,{"stream_name":"stderr","time":35.147890511,"data":" + multiprocess==0.70.19\n"}
,{"stream_name":"stderr","time":35.147894548,"data":" - narwhals==2.20.0\n"}
,{"stream_name":"stderr","time":35.147898293,"data":" + narwhals==2.24.0\n"}
,{"stream_name":"stderr","time":35.147902301,"data":" + nest-asyncio2==1.7.2\n"}
,{"stream_name":"stderr","time":35.147906323,"data":" - nltk==3.9.1\n"}
,{"stream_name":"stderr","time":35.147910817,"data":" + nltk==3.10.0\n"}
,{"stream_name":"stderr","time":35.147914716,"data":" - numba==0.60.0\n"}
,{"stream_name":"stderr","time":35.147927296,"data":" + numba==0.66.0\n"}
,{"stream_name":"stderr","time":35.148067676,"data":" - numpy==2.0.2\n"}
,{"stream_name":"stderr","time":35.148102058,"data":" + numpy==2.4.6\n"}
,{"stream_name":"stderr","time":35.148177833,"data":" - nvidia-cublas-cu12==12.8.4.1\n"}
,{"stream_name":"stderr","time":35.148212861,"data":" + nvidia-cublas-cu12==12.6.4.1\n"}
,{"stream_name":"stderr","time":35.148714401,"data":" - nvidia-cuda-cupti-cu12==12.8.90\n"}
,{"stream_name":"stderr","time":35.148727809,"data":" + nvidia-cuda-cupti-cu12==12.6.80\n"}
,{"stream_name":"stderr","time":35.148732506,"data":" - nvidia-cuda-nvrtc-cu12==12.8.93\n"}
,{"stream_name":"stderr","time":35.148745707,"data":" + nvidia-cuda-nvrtc-cu12==12.6.85\n"}
,{"stream_name":"stderr","time":35.1487498,"data":" - nvidia-cuda-runtime-cu12==12.8.90\n"}
,{"stream_name":"stderr","time":35.148754028,"data":" + nvidia-cuda-runtime-cu12==12.6.77\n"}
,{"stream_name":"stderr","time":35.148757891,"data":" - nvidia-cufft-cu12==11.3.3.83\n"}
,{"stream_name":"stderr","time":35.148761508,"data":" + nvidia-cufft-cu12==11.3.0.4\n"}
,{"stream_name":"stderr","time":35.148764986,"data":" - nvidia-cufile-cu12==1.13.1.3\n"}
,{"stream_name":"stderr","time":35.148776486,"data":" + nvidia-cufile-cu12==1.11.1.6\n"}
,{"stream_name":"stderr","time":35.148787712,"data":" - nvidia-curand-cu12==10.3.9.90\n"}
,{"stream_name":"stderr","time":35.148860313,"data":" + nvidia-curand-cu12==10.3.7.77\n"}
,{"stream_name":"stderr","time":35.148925016,"data":" - nvidia-cusolver-cu12==11.7.3.90\n"}
,{"stream_name":"stderr","time":35.148966549,"data":" + nvidia-cusolver-cu12==11.7.1.2\n"}
,{"stream_name":"stderr","time":35.149026011,"data":" - nvidia-cusparse-cu12==12.5.8.93\n"}
,{"stream_name":"stderr","time":35.149217979,"data":" + nvidia-cusparse-cu12==12.5.4.2\n"}
,{"stream_name":"stderr","time":35.149224992,"data":" - nvidia-nccl-cu12==2.27.5\n"}
,{"stream_name":"stderr","time":35.149321656,"data":" + nvidia-nccl-cu12==2.29.3\n"}
,{"stream_name":"stderr","time":35.149371517,"data":" - nvidia-nvjitlink-cu12==12.8.93\n"}
,{"stream_name":"stderr","time":35.149376055,"data":" + nvidia-nvjitlink-cu12==12.6.85\n"}
,{"stream_name":"stderr","time":35.149380435,"data":" - nvidia-nvtx-cu12==12.8.90\n"}
,{"stream_name":"stderr","time":35.149401179,"data":" + nvidia-nvtx-cu12==12.6.77\n"}
,{"stream_name":"stderr","time":35.149459234,"data":" - oauthlib==3.3.1\n"}
,{"stream_name":"stderr","time":35.149619778,"data":" + oauthlib==3.2.2\n"}
,{"stream_name":"stderr","time":35.149798002,"data":" - opencv-python==4.13.0.92\n"}
,{"stream_name":"stderr","time":35.149875458,"data":" + opencv-python==5.0.0.93\n"}
,{"stream_name":"stderr","time":35.149905981,"data":" - opencv-python-headless==4.13.0.92\n"}
,{"stream_name":"stderr","time":35.150017298,"data":" + opencv-python-headless==5.0.0.93\n"}
,{"stream_name":"stderr","time":35.15006451,"data":" - packaging==26.1\n"}
,{"stream_name":"stderr","time":35.150069458,"data":" + packaging==26.2\n"}
,{"stream_name":"stderr","time":35.150158326,"data":" - pandas==2.3.3\n"}
,{"stream_name":"stderr","time":35.150164075,"data":" + pandas==3.0.5\n"}
,{"stream_name":"stderr","time":35.150235414,"data":" - pillow==11.3.0\n"}
,{"stream_name":"stderr","time":35.150306928,"data":" + pillow==12.3.0\n"}
,{"stream_name":"stderr","time":35.150321472,"data":" - platformdirs==4.9.6\n"}
,{"stream_name":"stderr","time":35.150375317,"data":" + platformdirs==4.11.0\n"}
,{"stream_name":"stderr","time":35.150426385,"data":" - plotly==5.24.1\n"}
,{"stream_name":"stderr","time":35.150499274,"data":" + plotly==6.9.0\n"}
,{"stream_name":"stderr","time":35.150692408,"data":" - polars==1.35.2\n"}
,{"stream_name":"stderr","time":35.150726868,"data":" + polars==1.43.0\n"}
,{"stream_name":"stderr","time":35.150779301,"data":" - polars-runtime-32==1.35.2\n"}
,{"stream_name":"stderr","time":35.150883559,"data":" + polars-runtime-32==1.43.0\n"}
,{"stream_name":"stderr","time":35.150889197,"data":" - prompt-toolkit==3.0.52\n"}
,{"stream_name":"stderr","time":35.150946648,"data":" + prompt-toolkit==3.0.53\n"}
,{"stream_name":"stderr","time":35.150981582,"data":" - propcache==0.4.1\n"}
,{"stream_name":"stderr","time":35.151036451,"data":" + propcache==0.5.2\n"}
,{"stream_name":"stderr","time":35.151112834,"data":" - protobuf==5.29.5\n"}
,{"stream_name":"stderr","time":35.151163671,"data":" + protobuf==7.35.1\n"}
,{"stream_name":"stderr","time":35.151206436,"data":" - psutil==5.9.5\n"}
,{"stream_name":"stderr","time":35.151254875,"data":" + psutil==7.2.2\n"}
,{"stream_name":"stderr","time":35.151294877,"data":" + pure-eval==0.2.3\n"}
,{"stream_name":"stderr","time":35.151343724,"data":" - pyarrow==24.0.0\n"}
,{"stream_name":"stderr","time":35.151406947,"data":" + pyarrow==25.0.0\n"}
,{"stream_name":"stderr","time":35.151447739,"data":" - pydantic==2.12.3\n"}
,{"stream_name":"stderr","time":35.151764321,"data":" + pydantic==2.13.4\n"}
,{"stream_name":"stderr","time":35.151859038,"data":" - pydantic-core==2.41.4\n"}
,{"stream_name":"stderr","time":35.151949201,"data":" + pydantic-core==2.46.4\n"}
,{"stream_name":"stderr","time":35.151988921,"data":" - pyjwt==2.12.1\n"}
,{"stream_name":"stderr","time":35.152017705,"data":" + pyjwt==2.7.0\n"}
,{"stream_name":"stderr","time":35.152071246,"data":" - pyparsing==3.3.2\n"}
,{"stream_name":"stderr","time":35.152162812,"data":" + pyparsing==3.1.1\n"}
,{"stream_name":"stderr","time":35.152263707,"data":" - regex==2025.11.3\n"}
,{"stream_name":"stderr","time":35.152271852,"data":" + regex==2026.7.19\n"}
,{"stream_name":"stderr","time":35.152276407,"data":" - requests==2.32.4\n"}
,{"stream_name":"stderr","time":35.15237039,"data":" + requests==2.34.2\n"}
,{"stream_name":"stderr","time":35.152384802,"data":" - rich==13.9.4\n"}
,{"stream_name":"stderr","time":35.152435225,"data":" + rich==15.0.0\n"}
,{"stream_name":"stderr","time":35.152481207,"data":" - rpds-py==0.30.0\n"}
,{"stream_name":"stderr","time":35.152537249,"data":" + rpds-py==2026.6.3\n"}
,{"stream_name":"stderr","time":35.152582127,"data":" - safetensors==0.7.0\n"}
,{"stream_name":"stderr","time":35.152635184,"data":" + safetensors==0.8.0\n"}
,{"stream_name":"stderr","time":35.153459455,"data":" - scikit-image==0.25.2\n"}
,{"stream_name":"stderr","time":35.153473335,"data":" + scikit-image==0.26.0\n"}
,{"stream_name":"stderr","time":35.153478469,"data":" - scikit-learn==1.6.1\n"}
,{"stream_name":"stderr","time":35.153483005,"data":" + scikit-learn==1.9.0\n"}
,{"stream_name":"stderr","time":35.153487305,"data":" - scipy==1.16.3\n"}
,{"stream_name":"stderr","time":35.153491961,"data":" + scipy==1.18.0\n"}
,{"stream_name":"stderr","time":35.153496378,"data":" - sentence-transformers==5.4.1\n"}
,{"stream_name":"stderr","time":35.153500698,"data":" + sentence-transformers==5.6.1\n"}
,{"stream_name":"stderr","time":35.153505148,"data":" - setuptools==81.0.0\n"}
,{"stream_name":"stderr","time":35.153509465,"data":" + setuptools==83.0.0\n"}
,{"stream_name":"stderr","time":35.153513633,"data":" - smart-open==7.6.0\n"}
,{"stream_name":"stderr","time":35.15352599,"data":" + smart-open==8.0.1\n"}
,{"stream_name":"stderr","time":35.153693113,"data":" - soundfile==0.13.1\n"}
,{"stream_name":"stderr","time":35.153706435,"data":" + soundfile==0.14.0\n"}
,{"stream_name":"stderr","time":35.153710766,"data":" - soupsieve==2.8.3\n"}
,{"stream_name":"stderr","time":35.15371489,"data":" + soupsieve==2.9.1\n"}
,{"stream_name":"stderr","time":35.153718753,"data":" - soxr==1.0.0\n"}
,{"stream_name":"stderr","time":35.153722452,"data":" + soxr==1.1.0\n"}
,{"stream_name":"stderr","time":35.153726139,"data":" - sqlalchemy==2.0.49\n"}
,{"stream_name":"stderr","time":35.153730193,"data":" + sqlalchemy==2.0.51\n"}
,{"stream_name":"stderr","time":35.153796772,"data":" + stack-data==0.6.3\n"}
,{"stream_name":"stderr","time":35.153800928,"data":" + standard-aifc==3.13.0\n"}
,{"stream_name":"stderr","time":35.153834788,"data":" + standard-chunk==3.13.0\n"}
,{"stream_name":"stderr","time":35.153839298,"data":" + standard-sunau==3.13.0\n"}
,{"stream_name":"stderr","time":35.153887368,"data":" - stringzilla==4.6.0\n"}
,{"stream_name":"stderr","time":35.153992655,"data":" + stringzilla==5.0.7\n"}
,{"stream_name":"stderr","time":35.153998897,"data":" - tensorboard==2.20.0\n"}
,{"stream_name":"stderr","time":35.154145522,"data":" + tensorboard==2.21.0\n"}
,{"stream_name":"stderr","time":35.154152256,"data":" - tifffile==2026.4.11\n"}
,{"stream_name":"stderr","time":35.154156488,"data":" + tifffile==2026.7.31\n"}
,{"stream_name":"stderr","time":35.15422238,"data":" - torch==2.10.0+cu128\n"}
,{"stream_name":"stderr","time":35.154242078,"data":" + torch==2.13.0\n"}
,{"stream_name":"stderr","time":35.154386577,"data":" - torchaudio==2.10.0+cu128\n"}
,{"stream_name":"stderr","time":35.154393006,"data":" + torchaudio==2.11.0\n"}
,{"stream_name":"stderr","time":35.154407742,"data":" - torchvision==0.25.0+cu128\n"}
,{"stream_name":"stderr","time":35.154461073,"data":" + torchvision==0.28.0\n"}
,{"stream_name":"stderr","time":35.154681705,"data":" - tqdm==4.67.3\n"}
,{"stream_name":"stderr","time":35.154915951,"data":" + tqdm==4.69.1\n"}
,{"stream_name":"stderr","time":35.156757406,"data":" - traitlets==5.15.1\n"}
,{"stream_name":"stderr","time":35.156770789,"data":" + traitlets==5.16.0\n"}
,{"stream_name":"stderr","time":35.156774877,"data":" - transformers==5.0.0\n"}
,{"stream_name":"stderr","time":35.156778218,"data":" + transformers==5.14.1\n"}
,{"stream_name":"stderr","time":35.156781511,"data":" - triton==3.6.0\n"}
,{"stream_name":"stderr","time":35.156784753,"data":" + triton==3.7.1\n"}
,{"stream_name":"stderr","time":35.156787972,"data":" + trl==1.9.0\n"}
,{"stream_name":"stderr","time":35.156791273,"data":" - typer==0.24.2\n"}
,{"stream_name":"stderr","time":35.156794562,"data":" + typer==0.27.0\n"}
,{"stream_name":"stderr","time":35.156797789,"data":" - typing-extensions==4.15.0\n"}
,{"stream_name":"stderr","time":35.156812531,"data":" + typing-extensions==4.16.0\n"}
,{"stream_name":"stderr","time":35.156816334,"data":" - tzdata==2026.1\n"}
,{"stream_name":"stderr","time":35.156820044,"data":" + tzdata==2026.3\n"}
,{"stream_name":"stderr","time":35.156823964,"data":" - urllib3==2.5.0\n"}
,{"stream_name":"stderr","time":35.156827334,"data":" + urllib3==2.7.0\n"}
,{"stream_name":"stderr","time":35.156830548,"data":" - wcwidth==0.6.0\n"}
,{"stream_name":"stderr","time":35.156833783,"data":" + wcwidth==0.8.2\n"}
,{"stream_name":"stderr","time":35.156837069,"data":" - wrapt==2.1.2\n"}
,{"stream_name":"stderr","time":35.156848712,"data":" + wrapt==2.3.0\n"}
,{"stream_name":"stderr","time":35.156852015,"data":" - xgboost==3.2.0\n"}
,{"stream_name":"stderr","time":35.156855296,"data":" + xgboost==3.3.0\n"}
,{"stream_name":"stderr","time":35.156858446,"data":" - xxhash==3.6.0\n"}
,{"stream_name":"stderr","time":35.156861709,"data":" + xxhash==3.8.1\n"}
,{"stream_name":"stderr","time":35.156864936,"data":" - yarl==1.23.0\n"}
,{"stream_name":"stderr","time":35.156868181,"data":" + yarl==1.24.5\n"}
,{"stream_name":"stdout","time":35.174681443,"data":"IOAI environment ready (wheels from /kaggle/input/datasets/kamalkhan/ioai-2026-wheel-dataset)\n"}
,{"stream_name":"stdout","time":65.997884274,"data":"Double Agent root: /kaggle/input/competitions/ioai-2026-task-4-westlake-nlp-24/data\n"}
,{"stream_name":"stdout","time":65.997927982,"data":"Device: cuda:0\n"}
,{"stream_name":"stdout","time":65.997934243,"data":"completed 10 of 200 rows\n"}
,{"stream_name":"stdout","time":77.864912447,"data":"completed 20 of 200 rows\n"}
,{"stream_name":"stdout","time":89.602229875,"data":"completed 30 of 200 rows\n"}
,{"stream_name":"stdout","time":101.966223849,"data":"completed 40 of 200 rows\n"}
,{"stream_name":"stdout","time":115.824699553,"data":"completed 50 of 200 rows\n"}
,{"stream_name":"stdout","time":127.530181806,"data":"completed 60 of 200 rows\n"}
,{"stream_name":"stdout","time":142.16487698,"data":"completed 70 of 200 rows\n"}
,{"stream_name":"stdout","time":155.124001632,"data":"completed 80 of 200 rows\n"}
,{"stream_name":"stdout","time":166.683738809,"data":"completed 90 of 200 rows\n"}
,{"stream_name":"stdout","time":178.897170006,"data":"completed 100 of 200 rows\n"}
,{"stream_name":"stdout","time":192.212735999,"data":"completed 110 of 200 rows\n"}
,{"stream_name":"stdout","time":204.939106109,"data":"completed 120 of 200 rows\n"}
,{"stream_name":"stdout","time":217.403717292,"data":"completed 130 of 200 rows\n"}
,{"stream_name":"stdout","time":230.218286686,"data":"completed 140 of 200 rows\n"}
,{"stream_name":"stdout","time":244.145753458,"data":"completed 150 of 200 rows\n"}
,{"stream_name":"stdout","time":257.498768732,"data":"completed 160 of 200 rows\n"}
,{"stream_name":"stdout","time":273.271175134,"data":"completed 170 of 200 rows\n"}
,{"stream_name":"stdout","time":286.137529379,"data":"completed 180 of 200 rows\n"}
,{"stream_name":"stdout","time":298.988892942,"data":"completed 190 of 200 rows\n"}
,{"stream_name":"stdout","time":310.841234991,"data":"completed 200 of 200 rows\n"}
,{"stream_name":"stdout","time":315.957934901,"data":"wrote /kaggle/working/submission.csv with 200 rows 190117536 bytes\n"}
,{"stream_name":"stderr","time":319.422120687,"data":"/usr/local/lib/python3.12/dist-packages/mistune.py:435: SyntaxWarning: invalid escape sequence '\\|'\n"}
,{"stream_name":"stderr","time":319.422155743,"data":"  cells[i][c] = re.sub('\\\\\\\\\\|', '|', cell)\n"}
,{"stream_name":"stderr","time":319.61788958,"data":"/usr/local/lib/python3.12/dist-packages/nbconvert/filters/filter_links.py:36: SyntaxWarning: invalid escape sequence '\\_'\n"}
,{"stream_name":"stderr","time":319.617916592,"data":"  text = re.sub(r'_', '\\_', text) # Escape underscores in display text\n"}
,{"stream_name":"stderr","time":320.343526519,"data":"[NbConvertApp] Converting notebook __script__.ipynb to html\n"}
,{"stream_name":"stderr","time":321.609419295,"data":"[NbConvertApp] Writing 340424 bytes to __results__.html\n"}
]