[{"stream_name":"stderr","time":7.866218643,"data":"Using Python 3.12.13 environment at: /usr\n"}
,{"stream_name":"stderr","time":8.191122054,"data":"Resolved 159 packages in 170ms\n"}
,{"stream_name":"stderr","time":51.323897096,"data":"Prepared 118 packages in 43.13s\n"}
,{"stream_name":"stderr","time":57.072554867,"data":"Uninstalled 106 packages in 5.74s\n"}
,{"stream_name":"stderr","time":57.506999292,"data":"Installed 118 packages in 434ms\n"}
,{"stream_name":"stderr","time":57.507557815,"data":" - absl-py==1.4.0\n"}
,{"stream_name":"stderr","time":57.507583843,"data":" + absl-py==2.5.0\n"}
,{"stream_name":"stderr","time":57.50768033,"data":" - accelerate==1.13.0\n"}
,{"stream_name":"stderr","time":57.507710765,"data":" + accelerate==1.14.0\n"}
,{"stream_name":"stderr","time":57.507950994,"data":" - aiohappyeyeballs==2.6.1\n"}
,{"stream_name":"stderr","time":57.50798011,"data":" + aiohappyeyeballs==2.7.1\n"}
,{"stream_name":"stderr","time":57.507992369,"data":" - aiohttp==3.13.5\n"}
,{"stream_name":"stderr","time":57.507999806,"data":" + aiohttp==3.14.3\n"}
,{"stream_name":"stderr","time":57.508041624,"data":" - alembic==1.18.4\n"}
,{"stream_name":"stderr","time":57.508166776,"data":" + alembic==1.18.5\n"}
,{"stream_name":"stderr","time":57.508207425,"data":" - annotated-doc==0.0.4\n"}
,{"stream_name":"stderr","time":57.508220767,"data":" + annotated-doc==0.0.5\n"}
,{"stream_name":"stderr","time":57.508297295,"data":" - annotated-types==0.7.0\n"}
,{"stream_name":"stderr","time":57.508372306,"data":" + annotated-types==0.8.0\n"}
,{"stream_name":"stderr","time":57.508401375,"data":" - anyio==4.13.0\n"}
,{"stream_name":"stderr","time":57.508483588,"data":" + anyio==4.14.2\n"}
,{"stream_name":"stderr","time":57.508571757,"data":" - asttokens==3.0.1\n"}
,{"stream_name":"stderr","time":57.508587591,"data":" + asttokens==3.0.2\n"}
,{"stream_name":"stderr","time":57.508666239,"data":" + async-lru==2.3.0\n"}
,{"stream_name":"stderr","time":57.508689341,"data":" - beautifulsoup4==4.13.5\n"}
,{"stream_name":"stderr","time":57.508737851,"data":" + beautifulsoup4==4.15.0\n"}
,{"stream_name":"stderr","time":57.508822149,"data":" - blinker==1.9.0\n"}
,{"stream_name":"stderr","time":57.508866412,"data":" + blinker==1.7.0\n"}
,{"stream_name":"stderr","time":57.509010747,"data":" - certifi==2026.4.22\n"}
,{"stream_name":"stderr","time":57.509053469,"data":" + certifi==2026.7.22\n"}
,{"stream_name":"stderr","time":57.509062951,"data":" - cffi==2.0.0\n"}
,{"stream_name":"stderr","time":57.509089128,"data":" + cffi==2.1.0\n"}
,{"stream_name":"stderr","time":57.509180483,"data":" - charset-normalizer==3.4.7\n"}
,{"stream_name":"stderr","time":57.509275556,"data":" + charset-normalizer==3.4.9\n"}
,{"stream_name":"stderr","time":57.509287623,"data":" - click==8.3.3\n"}
,{"stream_name":"stderr","time":57.509383091,"data":" + click==8.4.2\n"}
,{"stream_name":"stderr","time":57.509391463,"data":" - cloudpathlib==0.23.0\n"}
,{"stream_name":"stderr","time":57.50943381,"data":" + cloudpathlib==0.24.0\n"}
,{"stream_name":"stderr","time":57.509463562,"data":" - cryptography==43.0.3\n"}
,{"stream_name":"stderr","time":57.509500661,"data":" + cryptography==41.0.7\n"}
,{"stream_name":"stderr","time":57.509535703,"data":" - cuda-toolkit==12.8.1\n"}
,{"stream_name":"stderr","time":57.509573987,"data":" + cuda-toolkit==12.6.3\n"}
,{"stream_name":"stderr","time":57.50961283,"data":" + evaluate==0.4.6\n"}
,{"stream_name":"stderr","time":57.509652846,"data":" + executing==2.2.1\n"}
,{"stream_name":"stderr","time":57.509679655,"data":" + fasttext-numpy2==0.10.4\n"}
,{"stream_name":"stderr","time":57.509725134,"data":" - filelock==3.29.0\n"}
,{"stream_name":"stderr","time":57.509750971,"data":" + filelock==3.32.2\n"}
,{"stream_name":"stderr","time":57.509788475,"data":" - fonttools==4.62.1\n"}
,{"stream_name":"stderr","time":57.509831291,"data":" + fonttools==4.63.0\n"}
,{"stream_name":"stderr","time":57.509868488,"data":" - fsspec==2025.3.0\n"}
,{"stream_name":"stderr","time":57.509909357,"data":" + fsspec==2026.4.0\n"}
,{"stream_name":"stderr","time":57.509944384,"data":" - gitpython==3.1.47\n"}
,{"stream_name":"stderr","time":57.50997795,"data":" + gitpython==3.1.57\n"}
,{"stream_name":"stderr","time":57.510012694,"data":" - greenlet==3.4.0\n"}
,{"stream_name":"stderr","time":57.510047951,"data":" + greenlet==3.5.4\n"}
,{"stream_name":"stderr","time":57.510092953,"data":" - grpcio==1.81.1\n"}
,{"stream_name":"stderr","time":57.510152662,"data":" + grpcio==1.83.0\n"}
,{"stream_name":"stderr","time":57.510272333,"data":" - hf-xet==1.4.3\n"}
,{"stream_name":"stderr","time":57.510280585,"data":" + hf-xet==1.5.2\n"}
,{"stream_name":"stderr","time":57.510299481,"data":" - httplib2==0.31.2\n"}
,{"stream_name":"stderr","time":57.511180818,"data":" + httplib2==0.20.4\n"}
,{"stream_name":"stderr","time":57.51118587,"data":" - huggingface-hub==1.11.0\n"}
,{"stream_name":"stderr","time":57.511190908,"data":" + huggingface-hub==1.26.0\n"}
,{"stream_name":"stderr","time":57.511195672,"data":" - idna==3.13\n"}
,{"stream_name":"stderr","time":57.511200839,"data":" + idna==3.18\n"}
,{"stream_name":"stderr","time":57.511205993,"data":" - imageio==2.37.3\n"}
,{"stream_name":"stderr","time":57.51125477,"data":" + imageio==2.37.4\n"}
,{"stream_name":"stderr","time":57.511261958,"data":" + ioai-env==0.2.0\n"}
,{"stream_name":"stderr","time":57.511267628,"data":" - lightgbm==4.6.0\n"}
,{"stream_name":"stderr","time":57.511272293,"data":" + lightgbm==4.7.0\n"}
,{"stream_name":"stderr","time":57.511277492,"data":" - llvmlite==0.43.0\n"}
,{"stream_name":"stderr","time":57.51128252,"data":" + llvmlite==0.48.0\n"}
,{"stream_name":"stderr","time":57.511287163,"data":" - mako==1.3.11\n"}
,{"stream_name":"stderr","time":57.511291418,"data":" + mako==1.3.12\n"}
,{"stream_name":"stderr","time":57.511296356,"data":" - markdown==3.10.2\n"}
,{"stream_name":"stderr","time":57.511301619,"data":" + markdown==3.10.3\n"}
,{"stream_name":"stderr","time":57.511306878,"data":" - markdown-it-py==4.0.0\n"}
,{"stream_name":"stderr","time":57.511343733,"data":" + markdown-it-py==4.2.0\n"}
,{"stream_name":"stderr","time":57.511352593,"data":" - matplotlib==3.10.0\n"}
,{"stream_name":"stderr","time":57.511357569,"data":" + matplotlib==3.11.1\n"}
,{"stream_name":"stderr","time":57.511362556,"data":" - msgpack==1.1.2\n"}
,{"stream_name":"stderr","time":57.511368672,"data":" + msgpack==1.2.1\n"}
,{"stream_name":"stderr","time":57.511373716,"data":" - multiprocess==0.70.16\n"}
,{"stream_name":"stderr","time":57.511380808,"data":" + multiprocess==0.70.19\n"}
,{"stream_name":"stderr","time":57.511385737,"data":" - narwhals==2.20.0\n"}
,{"stream_name":"stderr","time":57.511390806,"data":" + narwhals==2.24.0\n"}
,{"stream_name":"stderr","time":57.511425936,"data":" + nest-asyncio2==1.7.2\n"}
,{"stream_name":"stderr","time":57.511451835,"data":" - nltk==3.9.1\n"}
,{"stream_name":"stderr","time":57.511497063,"data":" + nltk==3.10.0\n"}
,{"stream_name":"stderr","time":57.511550846,"data":" - numba==0.60.0\n"}
,{"stream_name":"stderr","time":57.511633759,"data":" + numba==0.66.0\n"}
,{"stream_name":"stderr","time":57.511698407,"data":" - numpy==2.0.2\n"}
,{"stream_name":"stderr","time":57.511796616,"data":" + numpy==2.4.6\n"}
,{"stream_name":"stderr","time":57.511867971,"data":" - nvidia-cublas-cu12==12.8.4.1\n"}
,{"stream_name":"stderr","time":57.511885139,"data":" + nvidia-cublas-cu12==12.6.4.1\n"}
,{"stream_name":"stderr","time":57.512176843,"data":" - nvidia-cuda-cupti-cu12==12.8.90\n"}
,{"stream_name":"stderr","time":57.512194895,"data":" + nvidia-cuda-cupti-cu12==12.6.80\n"}
,{"stream_name":"stderr","time":57.512201093,"data":" - nvidia-cuda-nvrtc-cu12==12.8.93\n"}
,{"stream_name":"stderr","time":57.51220491,"data":" + nvidia-cuda-nvrtc-cu12==12.6.85\n"}
,{"stream_name":"stderr","time":57.512208735,"data":" - nvidia-cuda-runtime-cu12==12.8.90\n"}
,{"stream_name":"stderr","time":57.512247044,"data":" + nvidia-cuda-runtime-cu12==12.6.77\n"}
,{"stream_name":"stderr","time":57.512316812,"data":" - nvidia-cufft-cu12==11.3.3.83\n"}
,{"stream_name":"stderr","time":57.512376482,"data":" + nvidia-cufft-cu12==11.3.0.4\n"}
,{"stream_name":"stderr","time":57.512425446,"data":" - nvidia-cufile-cu12==1.13.1.3\n"}
,{"stream_name":"stderr","time":57.512497964,"data":" + nvidia-cufile-cu12==1.11.1.6\n"}
,{"stream_name":"stderr","time":57.512556922,"data":" - nvidia-curand-cu12==10.3.9.90\n"}
,{"stream_name":"stderr","time":57.51263686,"data":" + nvidia-curand-cu12==10.3.7.77\n"}
,{"stream_name":"stderr","time":57.51267699,"data":" - nvidia-cusolver-cu12==11.7.3.90\n"}
,{"stream_name":"stderr","time":57.51277535,"data":" + nvidia-cusolver-cu12==11.7.1.2\n"}
,{"stream_name":"stderr","time":57.512830514,"data":" - nvidia-cusparse-cu12==12.5.8.93\n"}
,{"stream_name":"stderr","time":57.512904503,"data":" + nvidia-cusparse-cu12==12.5.4.2\n"}
,{"stream_name":"stderr","time":57.512954466,"data":" - nvidia-nccl-cu12==2.27.5\n"}
,{"stream_name":"stderr","time":57.513013687,"data":" + nvidia-nccl-cu12==2.29.3\n"}
,{"stream_name":"stderr","time":57.513077134,"data":" - nvidia-nvjitlink-cu12==12.8.93\n"}
,{"stream_name":"stderr","time":57.513181502,"data":" + nvidia-nvjitlink-cu12==12.6.85\n"}
,{"stream_name":"stderr","time":57.513238608,"data":" - nvidia-nvtx-cu12==12.8.90\n"}
,{"stream_name":"stderr","time":57.513297324,"data":" + nvidia-nvtx-cu12==12.6.77\n"}
,{"stream_name":"stderr","time":57.513328169,"data":" - oauthlib==3.3.1\n"}
,{"stream_name":"stderr","time":57.513419255,"data":" + oauthlib==3.2.2\n"}
,{"stream_name":"stderr","time":57.513477096,"data":" - opencv-python==4.13.0.92\n"}
,{"stream_name":"stderr","time":57.513519532,"data":" + opencv-python==5.0.0.93\n"}
,{"stream_name":"stderr","time":57.513588982,"data":" - opencv-python-headless==4.13.0.92\n"}
,{"stream_name":"stderr","time":57.513651447,"data":" + opencv-python-headless==5.0.0.93\n"}
,{"stream_name":"stderr","time":57.513710145,"data":" - packaging==26.1\n"}
,{"stream_name":"stderr","time":57.513756604,"data":" + packaging==26.2\n"}
,{"stream_name":"stderr","time":57.513864247,"data":" - pandas==2.3.3\n"}
,{"stream_name":"stderr","time":57.513874281,"data":" + pandas==3.0.5\n"}
,{"stream_name":"stderr","time":57.513951927,"data":" - pillow==11.3.0\n"}
,{"stream_name":"stderr","time":57.514020859,"data":" + pillow==12.3.0\n"}
,{"stream_name":"stderr","time":57.514069804,"data":" - platformdirs==4.9.6\n"}
,{"stream_name":"stderr","time":57.514165897,"data":" + platformdirs==4.11.0\n"}
,{"stream_name":"stderr","time":57.514191087,"data":" - plotly==5.24.1\n"}
,{"stream_name":"stderr","time":57.51425096,"data":" + plotly==6.9.0\n"}
,{"stream_name":"stderr","time":57.514316978,"data":" - polars==1.35.2\n"}
,{"stream_name":"stderr","time":57.51438811,"data":" + polars==1.43.0\n"}
,{"stream_name":"stderr","time":57.514430095,"data":" - polars-runtime-32==1.35.2\n"}
,{"stream_name":"stderr","time":57.514491641,"data":" + polars-runtime-32==1.43.0\n"}
,{"stream_name":"stderr","time":57.514542554,"data":" - prompt-toolkit==3.0.52\n"}
,{"stream_name":"stderr","time":57.51459601,"data":" + prompt-toolkit==3.0.53\n"}
,{"stream_name":"stderr","time":57.514675086,"data":" - propcache==0.4.1\n"}
,{"stream_name":"stderr","time":57.514751989,"data":" + propcache==0.5.2\n"}
,{"stream_name":"stderr","time":57.514814654,"data":" - protobuf==5.29.5\n"}
,{"stream_name":"stderr","time":57.514836715,"data":" + protobuf==7.35.1\n"}
,{"stream_name":"stderr","time":57.514943428,"data":" - psutil==5.9.5\n"}
,{"stream_name":"stderr","time":57.514969976,"data":" + psutil==7.2.2\n"}
,{"stream_name":"stderr","time":57.515028686,"data":" + pure-eval==0.2.3\n"}
,{"stream_name":"stderr","time":57.515100022,"data":" - pyarrow==24.0.0\n"}
,{"stream_name":"stderr","time":57.515157256,"data":" + pyarrow==25.0.0\n"}
,{"stream_name":"stderr","time":57.515241807,"data":" - pydantic==2.12.3\n"}
,{"stream_name":"stderr","time":57.515273593,"data":" + pydantic==2.13.4\n"}
,{"stream_name":"stderr","time":57.515332463,"data":" - pydantic-core==2.41.4\n"}
,{"stream_name":"stderr","time":57.515413802,"data":" + pydantic-core==2.46.4\n"}
,{"stream_name":"stderr","time":57.51545048,"data":" - pyjwt==2.12.1\n"}
,{"stream_name":"stderr","time":57.515533927,"data":" + pyjwt==2.7.0\n"}
,{"stream_name":"stderr","time":57.515568974,"data":" - pyparsing==3.3.2\n"}
,{"stream_name":"stderr","time":57.515622832,"data":" + pyparsing==3.1.1\n"}
,{"stream_name":"stderr","time":57.515691342,"data":" - regex==2025.11.3\n"}
,{"stream_name":"stderr","time":57.515754282,"data":" + regex==2026.7.19\n"}
,{"stream_name":"stderr","time":57.515812563,"data":" - requests==2.32.4\n"}
,{"stream_name":"stderr","time":57.515875763,"data":" + requests==2.34.2\n"}
,{"stream_name":"stderr","time":57.515972916,"data":" - rich==13.9.4\n"}
,{"stream_name":"stderr","time":57.51598812,"data":" + rich==15.0.0\n"}
,{"stream_name":"stderr","time":57.516040665,"data":" - rpds-py==0.30.0\n"}
,{"stream_name":"stderr","time":57.516143172,"data":" + rpds-py==2026.6.3\n"}
,{"stream_name":"stderr","time":57.516197109,"data":" - safetensors==0.7.0\n"}
,{"stream_name":"stderr","time":57.516222424,"data":" + safetensors==0.8.0\n"}
,{"stream_name":"stderr","time":57.516292822,"data":" - scikit-image==0.25.2\n"}
,{"stream_name":"stderr","time":57.516352297,"data":" + scikit-image==0.26.0\n"}
,{"stream_name":"stderr","time":57.516403876,"data":" - scikit-learn==1.6.1\n"}
,{"stream_name":"stderr","time":57.516515448,"data":" + scikit-learn==1.9.0\n"}
,{"stream_name":"stderr","time":57.51653073,"data":" - scipy==1.16.3\n"}
,{"stream_name":"stderr","time":57.516598309,"data":" + scipy==1.18.0\n"}
,{"stream_name":"stderr","time":57.516639623,"data":" - sentence-transformers==5.4.1\n"}
,{"stream_name":"stderr","time":57.516708249,"data":" + sentence-transformers==5.6.1\n"}
,{"stream_name":"stderr","time":57.516799301,"data":" - setuptools==81.0.0\n"}
,{"stream_name":"stderr","time":57.516819407,"data":" + setuptools==83.0.0\n"}
,{"stream_name":"stderr","time":57.516873462,"data":" - smart-open==7.6.0\n"}
,{"stream_name":"stderr","time":57.516952572,"data":" + smart-open==8.0.1\n"}
,{"stream_name":"stderr","time":57.517011815000004,"data":" - soundfile==0.13.1\n"}
,{"stream_name":"stderr","time":57.517083092,"data":" + soundfile==0.14.0\n"}
,{"stream_name":"stderr","time":57.51717098,"data":" - soupsieve==2.8.3\n"}
,{"stream_name":"stderr","time":57.517196065,"data":" + soupsieve==2.9.1\n"}
,{"stream_name":"stderr","time":57.517250407,"data":" - soxr==1.0.0\n"}
,{"stream_name":"stderr","time":57.517319222,"data":" + soxr==1.1.0\n"}
,{"stream_name":"stderr","time":57.517379567,"data":" - sqlalchemy==2.0.49\n"}
,{"stream_name":"stderr","time":57.517443981,"data":" + sqlalchemy==2.0.51\n"}
,{"stream_name":"stderr","time":57.517491204,"data":" + stack-data==0.6.3\n"}
,{"stream_name":"stderr","time":57.517551268,"data":" + standard-aifc==3.13.0\n"}
,{"stream_name":"stderr","time":57.517623092,"data":" + standard-chunk==3.13.0\n"}
,{"stream_name":"stderr","time":57.517675709,"data":" + standard-sunau==3.13.0\n"}
,{"stream_name":"stderr","time":57.517772822,"data":" - stringzilla==4.6.0\n"}
,{"stream_name":"stderr","time":57.517838715,"data":" + stringzilla==5.0.7\n"}
,{"stream_name":"stderr","time":57.51788298,"data":" - tensorboard==2.20.0\n"}
,{"stream_name":"stderr","time":57.517957912,"data":" + tensorboard==2.21.0\n"}
,{"stream_name":"stderr","time":57.518018711,"data":" - tifffile==2026.4.11\n"}
,{"stream_name":"stderr","time":57.518063974,"data":" + tifffile==2026.7.31\n"}
,{"stream_name":"stderr","time":57.518137213,"data":" - torch==2.10.0+cu128\n"}
,{"stream_name":"stderr","time":57.518241505,"data":" + torch==2.13.0\n"}
,{"stream_name":"stderr","time":57.51825415,"data":" - torchaudio==2.10.0+cu128\n"}
,{"stream_name":"stderr","time":57.51832276,"data":" + torchaudio==2.11.0\n"}
,{"stream_name":"stderr","time":57.51841888,"data":" - torchvision==0.25.0+cu128\n"}
,{"stream_name":"stderr","time":57.51843859,"data":" + torchvision==0.28.0\n"}
,{"stream_name":"stderr","time":57.518507722,"data":" - tqdm==4.67.3\n"}
,{"stream_name":"stderr","time":57.518552733,"data":" + tqdm==4.69.1\n"}
,{"stream_name":"stderr","time":57.518652281,"data":" - traitlets==5.15.1\n"}
,{"stream_name":"stderr","time":57.518666449,"data":" + traitlets==5.16.0\n"}
,{"stream_name":"stderr","time":57.518727266,"data":" - transformers==5.0.0\n"}
,{"stream_name":"stderr","time":57.518803202,"data":" + transformers==5.14.1\n"}
,{"stream_name":"stderr","time":57.518860449,"data":" - triton==3.6.0\n"}
,{"stream_name":"stderr","time":57.51894695,"data":" + triton==3.7.1\n"}
,{"stream_name":"stderr","time":57.518968754,"data":" + trl==1.9.0\n"}
,{"stream_name":"stderr","time":57.519050697,"data":" - typer==0.24.2\n"}
,{"stream_name":"stderr","time":57.519144091,"data":" + typer==0.27.0\n"}
,{"stream_name":"stderr","time":57.519175615,"data":" - typing-extensions==4.15.0\n"}
,{"stream_name":"stderr","time":57.519252494,"data":" + typing-extensions==4.16.0\n"}
,{"stream_name":"stderr","time":57.519285733,"data":" - tzdata==2026.1\n"}
,{"stream_name":"stderr","time":57.519322502,"data":" + tzdata==2026.3\n"}
,{"stream_name":"stderr","time":57.519374004,"data":" - urllib3==2.5.0\n"}
,{"stream_name":"stderr","time":57.519429385,"data":" + urllib3==2.7.0\n"}
,{"stream_name":"stderr","time":57.519511125,"data":" - wcwidth==0.6.0\n"}
,{"stream_name":"stderr","time":57.519556587,"data":" + wcwidth==0.8.2\n"}
,{"stream_name":"stderr","time":57.519597284,"data":" - wrapt==2.1.2\n"}
,{"stream_name":"stderr","time":57.519707264,"data":" + wrapt==2.3.0\n"}
,{"stream_name":"stderr","time":57.519713863,"data":" - xgboost==3.2.0\n"}
,{"stream_name":"stderr","time":57.519778893,"data":" + xgboost==3.3.0\n"}
,{"stream_name":"stderr","time":57.519822213,"data":" - xxhash==3.6.0\n"}
,{"stream_name":"stderr","time":57.519872901,"data":" + xxhash==3.8.1\n"}
,{"stream_name":"stderr","time":57.519999472,"data":" - yarl==1.23.0\n"}
,{"stream_name":"stderr","time":57.520005379,"data":" + yarl==1.24.5\n"}
,{"stream_name":"stdout","time":57.52901007,"data":"IOAI environment ready (wheels from /kaggle/input/datasets/kamalkhan/ioai-2026-wheel-dataset)\n"}
,{"stream_name":"stdout","time":219.386849679,"data":"data root: /kaggle/input/competitions/ioai-2026-task-2-westlake-nlp-24/data\n"}
,{"stream_name":"stdout","time":219.386908832,"data":"allowed GPU device (unused): cuda:0\n"}
,{"stream_name":"stdout","time":219.386914468,"data":"feature shapes: (60000, 210) (3600, 210) (7200, 210)\n"}
,{"stream_name":"stdout","time":219.386918411,"data":"ensemble seeds: (2026, 4026, 6026, 7026)\n"}
,{"stream_name":"stdout","time":219.38692229,"data":"pickup probability multiplier: 1.0408107741923882\n"}
,{"stream_name":"stdout","time":219.386926073,"data":"phase timings: {'json_load': 3.048, 'feature_all_splits': 6.455, 'final_ensemble_fit_and_test_predict': 144.147, 'total_below_setup': 156.469}\n"}
,{"stream_name":"stdout","time":219.386930102,"data":"prediction counts: [1452, 1297, 1143, 1128, 1787, 393]\n"}
,{"stream_name":"stdout","time":219.386933921,"data":"wrote /kaggle/working/submission.csv with 7200 predictions\n"}
,{"stream_name":"stderr","time":224.879716521,"data":"/usr/local/lib/python3.12/dist-packages/mistune.py:435: SyntaxWarning: invalid escape sequence '\\|'\n"}
,{"stream_name":"stderr","time":224.879774744,"data":"  cells[i][c] = re.sub('\\\\\\\\\\|', '|', cell)\n"}
,{"stream_name":"stderr","time":225.167284829,"data":"/usr/local/lib/python3.12/dist-packages/nbconvert/filters/filter_links.py:36: SyntaxWarning: invalid escape sequence '\\_'\n"}
,{"stream_name":"stderr","time":225.167321745,"data":"  text = re.sub(r'_', '\\_', text) # Escape underscores in display text\n"}
,{"stream_name":"stderr","time":226.242630665,"data":"[NbConvertApp] Converting notebook __script__.ipynb to html\n"}
,{"stream_name":"stderr","time":227.964397236,"data":"[NbConvertApp] Writing 379616 bytes to __results__.html\n"}
]