[{"stream_name":"stderr","time":7.631693704,"data":"Using Python 3.12.13 environment at: /usr\n"}
,{"stream_name":"stderr","time":7.844769228,"data":"Resolved 159 packages in 125ms\n"}
,{"stream_name":"stderr","time":32.424382638,"data":"Prepared 118 packages in 24.57s\n"}
,{"stream_name":"stderr","time":37.922485167,"data":"Uninstalled 106 packages in 5.49s\n"}
,{"stream_name":"stderr","time":40.356352223,"data":"Installed 118 packages in 2.43s\n"}
,{"stream_name":"stderr","time":40.356943902,"data":" - absl-py==1.4.0\n"}
,{"stream_name":"stderr","time":40.356960122,"data":" + absl-py==2.5.0\n"}
,{"stream_name":"stderr","time":40.356977906,"data":" - accelerate==1.13.0\n"}
,{"stream_name":"stderr","time":40.35701964,"data":" + accelerate==1.14.0\n"}
,{"stream_name":"stderr","time":40.357071876,"data":" - aiohappyeyeballs==2.6.1\n"}
,{"stream_name":"stderr","time":40.357185433,"data":" + aiohappyeyeballs==2.7.1\n"}
,{"stream_name":"stderr","time":40.357208137,"data":" - aiohttp==3.13.5\n"}
,{"stream_name":"stderr","time":40.357225566,"data":" + aiohttp==3.14.3\n"}
,{"stream_name":"stderr","time":40.357309824,"data":" - alembic==1.18.4\n"}
,{"stream_name":"stderr","time":40.357412895,"data":" + alembic==1.18.5\n"}
,{"stream_name":"stderr","time":40.35746391,"data":" - annotated-doc==0.0.4\n"}
,{"stream_name":"stderr","time":40.357521757,"data":" + annotated-doc==0.0.5\n"}
,{"stream_name":"stderr","time":40.357550481,"data":" - annotated-types==0.7.0\n"}
,{"stream_name":"stderr","time":40.357599987,"data":" + annotated-types==0.8.0\n"}
,{"stream_name":"stderr","time":40.357635125,"data":" - anyio==4.13.0\n"}
,{"stream_name":"stderr","time":40.357709951,"data":" + anyio==4.14.2\n"}
,{"stream_name":"stderr","time":40.357744938,"data":" - asttokens==3.0.1\n"}
,{"stream_name":"stderr","time":40.35780836,"data":" + asttokens==3.0.2\n"}
,{"stream_name":"stderr","time":40.357852877,"data":" + async-lru==2.3.0\n"}
,{"stream_name":"stderr","time":40.357931711,"data":" - beautifulsoup4==4.13.5\n"}
,{"stream_name":"stderr","time":40.357951875,"data":" + beautifulsoup4==4.15.0\n"}
,{"stream_name":"stderr","time":40.358008474,"data":" - blinker==1.9.0\n"}
,{"stream_name":"stderr","time":40.358287219,"data":" + blinker==1.7.0\n"}
,{"stream_name":"stderr","time":40.358300033,"data":" - certifi==2026.4.22\n"}
,{"stream_name":"stderr","time":40.358305577,"data":" + certifi==2026.7.22\n"}
,{"stream_name":"stderr","time":40.358310456,"data":" - cffi==2.0.0\n"}
,{"stream_name":"stderr","time":40.358314798,"data":" + cffi==2.1.0\n"}
,{"stream_name":"stderr","time":40.358319124,"data":" - charset-normalizer==3.4.7\n"}
,{"stream_name":"stderr","time":40.358332372,"data":" + charset-normalizer==3.4.9\n"}
,{"stream_name":"stderr","time":40.358336844,"data":" - click==8.3.3\n"}
,{"stream_name":"stderr","time":40.358387197,"data":" + click==8.4.2\n"}
,{"stream_name":"stderr","time":40.35845373,"data":" - cloudpathlib==0.23.0\n"}
,{"stream_name":"stderr","time":40.358498391,"data":" + cloudpathlib==0.24.0\n"}
,{"stream_name":"stderr","time":40.358542344,"data":" - cryptography==43.0.3\n"}
,{"stream_name":"stderr","time":40.358608981,"data":" + cryptography==41.0.7\n"}
,{"stream_name":"stderr","time":40.358647397,"data":" - cuda-toolkit==12.8.1\n"}
,{"stream_name":"stderr","time":40.35871297,"data":" + cuda-toolkit==12.6.3\n"}
,{"stream_name":"stderr","time":40.358804664,"data":" + evaluate==0.4.6\n"}
,{"stream_name":"stderr","time":40.358842526,"data":" + executing==2.2.1\n"}
,{"stream_name":"stderr","time":40.358897203,"data":" + fasttext-numpy2==0.10.4\n"}
,{"stream_name":"stderr","time":40.358964643,"data":" - filelock==3.29.0\n"}
,{"stream_name":"stderr","time":40.35901368,"data":" + filelock==3.32.2\n"}
,{"stream_name":"stderr","time":40.359073381,"data":" - fonttools==4.62.1\n"}
,{"stream_name":"stderr","time":40.359133353,"data":" + fonttools==4.63.0\n"}
,{"stream_name":"stderr","time":40.359174332,"data":" - fsspec==2025.3.0\n"}
,{"stream_name":"stderr","time":40.359232752,"data":" + fsspec==2026.4.0\n"}
,{"stream_name":"stderr","time":40.359315455,"data":" - gitpython==3.1.47\n"}
,{"stream_name":"stderr","time":40.359356974,"data":" + gitpython==3.1.57\n"}
,{"stream_name":"stderr","time":40.359401327,"data":" - greenlet==3.4.0\n"}
,{"stream_name":"stderr","time":40.359444886,"data":" + greenlet==3.5.4\n"}
,{"stream_name":"stderr","time":40.359520861,"data":" - grpcio==1.81.1\n"}
,{"stream_name":"stderr","time":40.359552412,"data":" + grpcio==1.83.0\n"}
,{"stream_name":"stderr","time":40.359617231,"data":" - hf-xet==1.4.3\n"}
,{"stream_name":"stderr","time":40.35965915,"data":" + hf-xet==1.5.2\n"}
,{"stream_name":"stderr","time":40.359711755,"data":" - httplib2==0.31.2\n"}
,{"stream_name":"stderr","time":40.359761375,"data":" + httplib2==0.20.4\n"}
,{"stream_name":"stderr","time":40.359869506,"data":" - huggingface-hub==1.11.0\n"}
,{"stream_name":"stderr","time":40.359910176,"data":" + huggingface-hub==1.26.0\n"}
,{"stream_name":"stderr","time":40.359962881,"data":" - idna==3.13\n"}
,{"stream_name":"stderr","time":40.359989611,"data":" + idna==3.18\n"}
,{"stream_name":"stderr","time":40.360056783,"data":" - imageio==2.37.3\n"}
,{"stream_name":"stderr","time":40.360097008,"data":" + imageio==2.37.4\n"}
,{"stream_name":"stderr","time":40.360167473,"data":" + ioai-env==0.2.0\n"}
,{"stream_name":"stderr","time":40.360211613,"data":" - lightgbm==4.6.0\n"}
,{"stream_name":"stderr","time":40.360285046,"data":" + lightgbm==4.7.0\n"}
,{"stream_name":"stderr","time":40.360329061,"data":" - llvmlite==0.43.0\n"}
,{"stream_name":"stderr","time":40.360371721,"data":" + llvmlite==0.48.0\n"}
,{"stream_name":"stderr","time":40.360452635,"data":" - mako==1.3.11\n"}
,{"stream_name":"stderr","time":40.360487082,"data":" + mako==1.3.12\n"}
,{"stream_name":"stderr","time":40.360577882,"data":" - markdown==3.10.2\n"}
,{"stream_name":"stderr","time":40.360584256,"data":" + markdown==3.10.3\n"}
,{"stream_name":"stderr","time":40.360634395,"data":" - markdown-it-py==4.0.0\n"}
,{"stream_name":"stderr","time":40.36072815,"data":" + markdown-it-py==4.2.0\n"}
,{"stream_name":"stderr","time":40.360734037,"data":" - matplotlib==3.10.0\n"}
,{"stream_name":"stderr","time":40.36084168,"data":" + matplotlib==3.11.1\n"}
,{"stream_name":"stderr","time":40.360847874,"data":" - msgpack==1.1.2\n"}
,{"stream_name":"stderr","time":40.360888514,"data":" + msgpack==1.2.1\n"}
,{"stream_name":"stderr","time":40.360931007,"data":" - multiprocess==0.70.16\n"}
,{"stream_name":"stderr","time":40.361016772,"data":" + multiprocess==0.70.19\n"}
,{"stream_name":"stderr","time":40.361052045,"data":" - narwhals==2.20.0\n"}
,{"stream_name":"stderr","time":40.361098943,"data":" + narwhals==2.24.0\n"}
,{"stream_name":"stderr","time":40.36115604,"data":" + nest-asyncio2==1.7.2\n"}
,{"stream_name":"stderr","time":40.361219884,"data":" - nltk==3.9.1\n"}
,{"stream_name":"stderr","time":40.361314253,"data":" + nltk==3.10.0\n"}
,{"stream_name":"stderr","time":40.361330601,"data":" - numba==0.60.0\n"}
,{"stream_name":"stderr","time":40.361424171,"data":" + numba==0.66.0\n"}
,{"stream_name":"stderr","time":40.361436309,"data":" - numpy==2.0.2\n"}
,{"stream_name":"stderr","time":40.361509067,"data":" + numpy==2.4.6\n"}
,{"stream_name":"stderr","time":40.361544965,"data":" - nvidia-cublas-cu12==12.8.4.1\n"}
,{"stream_name":"stderr","time":40.361598547,"data":" + nvidia-cublas-cu12==12.6.4.1\n"}
,{"stream_name":"stderr","time":40.361664348,"data":" - nvidia-cuda-cupti-cu12==12.8.90\n"}
,{"stream_name":"stderr","time":40.361749972,"data":" + nvidia-cuda-cupti-cu12==12.6.80\n"}
,{"stream_name":"stderr","time":40.36175764,"data":" - nvidia-cuda-nvrtc-cu12==12.8.93\n"}
,{"stream_name":"stderr","time":40.361848674,"data":" + nvidia-cuda-nvrtc-cu12==12.6.85\n"}
,{"stream_name":"stderr","time":40.361864637,"data":" - nvidia-cuda-runtime-cu12==12.8.90\n"}
,{"stream_name":"stderr","time":40.361914926,"data":" + nvidia-cuda-runtime-cu12==12.6.77\n"}
,{"stream_name":"stderr","time":40.361978911,"data":" - nvidia-cufft-cu12==11.3.3.83\n"}
,{"stream_name":"stderr","time":40.362059308,"data":" + nvidia-cufft-cu12==11.3.0.4\n"}
,{"stream_name":"stderr","time":40.362109824,"data":" - nvidia-cufile-cu12==1.13.1.3\n"}
,{"stream_name":"stderr","time":40.362164296,"data":" + nvidia-cufile-cu12==1.11.1.6\n"}
,{"stream_name":"stderr","time":40.36226112,"data":" - nvidia-curand-cu12==10.3.9.90\n"}
,{"stream_name":"stderr","time":40.362307461,"data":" + nvidia-curand-cu12==10.3.7.77\n"}
,{"stream_name":"stderr","time":40.362363316,"data":" - nvidia-cusolver-cu12==11.7.3.90\n"}
,{"stream_name":"stderr","time":40.36243491,"data":" + nvidia-cusolver-cu12==11.7.1.2\n"}
,{"stream_name":"stderr","time":40.362488369,"data":" - nvidia-cusparse-cu12==12.5.8.93\n"}
,{"stream_name":"stderr","time":40.362551216,"data":" + nvidia-cusparse-cu12==12.5.4.2\n"}
,{"stream_name":"stderr","time":40.362599342,"data":" - nvidia-nccl-cu12==2.27.5\n"}
,{"stream_name":"stderr","time":40.362663092,"data":" + nvidia-nccl-cu12==2.29.3\n"}
,{"stream_name":"stderr","time":40.362717854,"data":" - nvidia-nvjitlink-cu12==12.8.93\n"}
,{"stream_name":"stderr","time":40.362775866,"data":" + nvidia-nvjitlink-cu12==12.6.85\n"}
,{"stream_name":"stderr","time":40.362830088,"data":" - nvidia-nvtx-cu12==12.8.90\n"}
,{"stream_name":"stderr","time":40.362908153,"data":" + nvidia-nvtx-cu12==12.6.77\n"}
,{"stream_name":"stderr","time":40.362915181,"data":" - oauthlib==3.3.1\n"}
,{"stream_name":"stderr","time":40.362967617,"data":" + oauthlib==3.2.2\n"}
,{"stream_name":"stderr","time":40.363057021,"data":" - opencv-python==4.13.0.92\n"}
,{"stream_name":"stderr","time":40.363086908,"data":" + opencv-python==5.0.0.93\n"}
,{"stream_name":"stderr","time":40.363153476,"data":" - opencv-python-headless==4.13.0.92\n"}
,{"stream_name":"stderr","time":40.363217824,"data":" + opencv-python-headless==5.0.0.93\n"}
,{"stream_name":"stderr","time":40.363290055,"data":" - packaging==26.1\n"}
,{"stream_name":"stderr","time":40.363304551,"data":" + packaging==26.2\n"}
,{"stream_name":"stderr","time":40.363363046,"data":" - pandas==2.3.3\n"}
,{"stream_name":"stderr","time":40.363450689,"data":" + pandas==3.0.5\n"}
,{"stream_name":"stderr","time":40.363464557,"data":" - pillow==11.3.0\n"}
,{"stream_name":"stderr","time":40.363521638,"data":" + pillow==12.3.0\n"}
,{"stream_name":"stderr","time":40.363612537,"data":" - platformdirs==4.9.6\n"}
,{"stream_name":"stderr","time":40.363620498,"data":" + platformdirs==4.11.0\n"}
,{"stream_name":"stderr","time":40.363671117,"data":" - plotly==5.24.1\n"}
,{"stream_name":"stderr","time":40.363723463,"data":" + plotly==6.9.0\n"}
,{"stream_name":"stderr","time":40.363789916,"data":" - polars==1.35.2\n"}
,{"stream_name":"stderr","time":40.363882763,"data":" + polars==1.43.0\n"}
,{"stream_name":"stderr","time":40.36389098,"data":" - polars-runtime-32==1.35.2\n"}
,{"stream_name":"stderr","time":40.363990145,"data":" + polars-runtime-32==1.43.0\n"}
,{"stream_name":"stderr","time":40.363996657,"data":" - prompt-toolkit==3.0.52\n"}
,{"stream_name":"stderr","time":40.364050035,"data":" + prompt-toolkit==3.0.53\n"}
,{"stream_name":"stderr","time":40.364128591,"data":" - propcache==0.4.1\n"}
,{"stream_name":"stderr","time":40.364147561,"data":" + propcache==0.5.2\n"}
,{"stream_name":"stderr","time":40.364208982,"data":" - protobuf==5.29.5\n"}
,{"stream_name":"stderr","time":40.364267442,"data":" + protobuf==7.35.1\n"}
,{"stream_name":"stderr","time":40.364318384,"data":" - psutil==5.9.5\n"}
,{"stream_name":"stderr","time":40.364369095,"data":" + psutil==7.2.2\n"}
,{"stream_name":"stderr","time":40.364434513,"data":" + pure-eval==0.2.3\n"}
,{"stream_name":"stderr","time":40.364480256,"data":" - pyarrow==24.0.0\n"}
,{"stream_name":"stderr","time":40.364532007,"data":" + pyarrow==25.0.0\n"}
,{"stream_name":"stderr","time":40.364605344,"data":" - pydantic==2.12.3\n"}
,{"stream_name":"stderr","time":40.364644946,"data":" + pydantic==2.13.4\n"}
,{"stream_name":"stderr","time":40.364698437,"data":" - pydantic-core==2.41.4\n"}
,{"stream_name":"stderr","time":40.364741147,"data":" + pydantic-core==2.46.4\n"}
,{"stream_name":"stderr","time":40.364800012,"data":" - pyjwt==2.12.1\n"}
,{"stream_name":"stderr","time":40.364856631,"data":" + pyjwt==2.7.0\n"}
,{"stream_name":"stderr","time":40.364927234,"data":" - pyparsing==3.3.2\n"}
,{"stream_name":"stderr","time":40.36497614,"data":" + pyparsing==3.1.1\n"}
,{"stream_name":"stderr","time":40.365001923,"data":" - regex==2025.11.3\n"}
,{"stream_name":"stderr","time":40.365059676,"data":" + regex==2026.7.19\n"}
,{"stream_name":"stderr","time":40.365113655,"data":" - requests==2.32.4\n"}
,{"stream_name":"stderr","time":40.365224333,"data":" + requests==2.34.2\n"}
,{"stream_name":"stderr","time":40.365229563,"data":" - rich==13.9.4\n"}
,{"stream_name":"stderr","time":40.365271855,"data":" + rich==15.0.0\n"}
,{"stream_name":"stderr","time":40.365326546,"data":" - rpds-py==0.30.0\n"}
,{"stream_name":"stderr","time":40.365389885,"data":" + rpds-py==2026.6.3\n"}
,{"stream_name":"stderr","time":40.365432556,"data":" - safetensors==0.7.0\n"}
,{"stream_name":"stderr","time":40.365489796,"data":" + safetensors==0.8.0\n"}
,{"stream_name":"stderr","time":40.365534757,"data":" - scikit-image==0.25.2\n"}
,{"stream_name":"stderr","time":40.365591723,"data":" + scikit-image==0.26.0\n"}
,{"stream_name":"stderr","time":40.365665821,"data":" - scikit-learn==1.6.1\n"}
,{"stream_name":"stderr","time":40.365693829,"data":" + scikit-learn==1.9.0\n"}
,{"stream_name":"stderr","time":40.365751027,"data":" - scipy==1.16.3\n"}
,{"stream_name":"stderr","time":40.365804845,"data":" + scipy==1.18.0\n"}
,{"stream_name":"stderr","time":40.36585703,"data":" - sentence-transformers==5.4.1\n"}
,{"stream_name":"stderr","time":40.3659267,"data":" + sentence-transformers==5.6.1\n"}
,{"stream_name":"stderr","time":40.365993885,"data":" - setuptools==81.0.0\n"}
,{"stream_name":"stderr","time":40.366057383,"data":" + setuptools==83.0.0\n"}
,{"stream_name":"stderr","time":40.366095935,"data":" - smart-open==7.6.0\n"}
,{"stream_name":"stderr","time":40.366164633,"data":" + smart-open==8.0.1\n"}
,{"stream_name":"stderr","time":40.366202498,"data":" - soundfile==0.13.1\n"}
,{"stream_name":"stderr","time":40.366284985,"data":" + soundfile==0.14.0\n"}
,{"stream_name":"stderr","time":40.366333667,"data":" - soupsieve==2.8.3\n"}
,{"stream_name":"stderr","time":40.366387579,"data":" + soupsieve==2.9.1\n"}
,{"stream_name":"stderr","time":40.366443674,"data":" - soxr==1.0.0\n"}
,{"stream_name":"stderr","time":40.366492768,"data":" + soxr==1.1.0\n"}
,{"stream_name":"stderr","time":40.36658226,"data":" - sqlalchemy==2.0.49\n"}
,{"stream_name":"stderr","time":40.366603285,"data":" + sqlalchemy==2.0.51\n"}
,{"stream_name":"stderr","time":40.366648502,"data":" + stack-data==0.6.3\n"}
,{"stream_name":"stderr","time":40.366728256,"data":" + standard-aifc==3.13.0\n"}
,{"stream_name":"stderr","time":40.366778634,"data":" + standard-chunk==3.13.0\n"}
,{"stream_name":"stderr","time":40.366903227,"data":" + standard-sunau==3.13.0\n"}
,{"stream_name":"stderr","time":40.366942045,"data":" - stringzilla==4.6.0\n"}
,{"stream_name":"stderr","time":40.366967149,"data":" + stringzilla==5.0.7\n"}
,{"stream_name":"stderr","time":40.367023997,"data":" - tensorboard==2.20.0\n"}
,{"stream_name":"stderr","time":40.367072349,"data":" + tensorboard==2.21.0\n"}
,{"stream_name":"stderr","time":40.367134447,"data":" - tifffile==2026.4.11\n"}
,{"stream_name":"stderr","time":40.367188143,"data":" + tifffile==2026.7.31\n"}
,{"stream_name":"stderr","time":40.36725847,"data":" - torch==2.10.0+cu128\n"}
,{"stream_name":"stderr","time":40.367316464,"data":" + torch==2.13.0\n"}
,{"stream_name":"stderr","time":40.367371815,"data":" - torchaudio==2.10.0+cu128\n"}
,{"stream_name":"stderr","time":40.367423523,"data":" + torchaudio==2.11.0\n"}
,{"stream_name":"stderr","time":40.367485265,"data":" - torchvision==0.25.0+cu128\n"}
,{"stream_name":"stderr","time":40.367533458,"data":" + torchvision==0.28.0\n"}
,{"stream_name":"stderr","time":40.367627184,"data":" - tqdm==4.67.3\n"}
,{"stream_name":"stderr","time":40.367632661,"data":" + tqdm==4.69.1\n"}
,{"stream_name":"stderr","time":40.367685336,"data":" - traitlets==5.15.1\n"}
,{"stream_name":"stderr","time":40.367750627,"data":" + traitlets==5.16.0\n"}
,{"stream_name":"stderr","time":40.367803517,"data":" - transformers==5.0.0\n"}
,{"stream_name":"stderr","time":40.367860644,"data":" + transformers==5.14.1\n"}
,{"stream_name":"stderr","time":40.367886447,"data":" - triton==3.6.0\n"}
,{"stream_name":"stderr","time":40.367973324,"data":" + triton==3.7.1\n"}
,{"stream_name":"stderr","time":40.368014907,"data":" + trl==1.9.0\n"}
,{"stream_name":"stderr","time":40.368064596,"data":" - typer==0.24.2\n"}
,{"stream_name":"stderr","time":40.368111925,"data":" + typer==0.27.0\n"}
,{"stream_name":"stderr","time":40.368172421,"data":" - typing-extensions==4.15.0\n"}
,{"stream_name":"stderr","time":40.368267545,"data":" + typing-extensions==4.16.0\n"}
,{"stream_name":"stderr","time":40.368301447,"data":" - tzdata==2026.1\n"}
,{"stream_name":"stderr","time":40.368312029,"data":" + tzdata==2026.3\n"}
,{"stream_name":"stderr","time":40.368366709,"data":" - urllib3==2.5.0\n"}
,{"stream_name":"stderr","time":40.368421587,"data":" + urllib3==2.7.0\n"}
,{"stream_name":"stderr","time":40.368469794,"data":" - wcwidth==0.6.0\n"}
,{"stream_name":"stderr","time":40.368529653,"data":" + wcwidth==0.8.2\n"}
,{"stream_name":"stderr","time":40.368578566,"data":" - wrapt==2.1.2\n"}
,{"stream_name":"stderr","time":40.368629708,"data":" + wrapt==2.3.0\n"}
,{"stream_name":"stderr","time":40.368676529,"data":" - xgboost==3.2.0\n"}
,{"stream_name":"stderr","time":40.368756037,"data":" + xgboost==3.3.0\n"}
,{"stream_name":"stderr","time":40.368779136,"data":" - xxhash==3.6.0\n"}
,{"stream_name":"stderr","time":40.36883261,"data":" + xxhash==3.8.1\n"}
,{"stream_name":"stderr","time":40.368889571,"data":" - yarl==1.23.0\n"}
,{"stream_name":"stderr","time":40.368963135,"data":" + yarl==1.24.5\n"}
,{"stream_name":"stdout","time":40.376874182,"data":"IOAI environment ready (wheels from /kaggle/input/datasets/kamalkhan/ioai-2026-wheel-dataset)\n"}
,{"stream_name":"stderr","time":69.407487534,"data":"\rLoading weights:   0%|          | 0/199 [00:00\u003c?, ?it/s]\rLoading weights:  20%|██        | 40/199 [00:00\u003c00:00, 337.65it/s]\rLoading weights:  43%|████▎     | 85/199 [00:00\u003c00:00, 384.90it/s]\rLoading weights:  62%|██████▏   | 124/199 [00:00\u003c00:00, 370.82it/s]\rLoading weights:  81%|████████▏ | 162/199 [00:00\u003c00:00, 359.04it/s]\rLoading weights:  99%|█████████▉| 198/199 [00:00\u003c00:00, 358.30it/s]\rLoading weights: 100%|██████████| 199/199 [00:00\u003c00:00, 363.08it/s]\n"}
,{"stream_name":"stdout","time":73.728389483,"data":"device=cuda:0 gpu=Tesla T4 train_sentences=43590\n"}
,{"stream_name":"stdout","time":74.623422324,"data":"train step 1/455 loss=0.70770 elapsed=0.9s\n"}
,{"stream_name":"stdout","time":154.81802541,"data":"train step 228/455 loss=0.07961 elapsed=81.1s\n"}
,{"stream_name":"stdout","time":245.220903246,"data":"train step 455/455 loss=0.01223 elapsed=171.5s\n"}
,{"stream_name":"stdout","time":291.75573938,"data":"wrote /kaggle/working/submission.csv with 760 rows\n"}
,{"stream_name":"stdout","time":291.756443665,"data":"in-sample refit dev check: 97.874 | exact: 368/380 | MAE: 5.83 | total: 224.8s | peak_vram_gb: 5.00\n"}
,{"stream_name":"stderr","time":295.497122069,"data":"/usr/local/lib/python3.12/dist-packages/mistune.py:435: SyntaxWarning: invalid escape sequence '\\|'\n"}
,{"stream_name":"stderr","time":295.497163735,"data":"  cells[i][c] = re.sub('\\\\\\\\\\|', '|', cell)\n"}
,{"stream_name":"stderr","time":295.738624212,"data":"/usr/local/lib/python3.12/dist-packages/nbconvert/filters/filter_links.py:36: SyntaxWarning: invalid escape sequence '\\_'\n"}
,{"stream_name":"stderr","time":295.738676932,"data":"  text = re.sub(r'_', '\\_', text) # Escape underscores in display text\n"}
,{"stream_name":"stderr","time":296.506697118,"data":"[NbConvertApp] Converting notebook __script__.ipynb to html\n"}
,{"stream_name":"stderr","time":297.888281061,"data":"[NbConvertApp] Writing 356810 bytes to __results__.html\n"}
]