[{"stream_name":"stderr","time":6.645848607,"data":"Using Python 3.12.13 environment at: /usr\n"}
,{"stream_name":"stderr","time":6.841057067,"data":"Resolved 159 packages in 115ms\n"}
,{"stream_name":"stderr","time":31.231538675,"data":"Prepared 118 packages in 24.38s\n"}
,{"stream_name":"stderr","time":36.456774224,"data":"Uninstalled 106 packages in 5.22s\n"}
,{"stream_name":"stderr","time":38.456463727,"data":"Installed 118 packages in 1.99s\n"}
,{"stream_name":"stderr","time":38.458129864,"data":" - absl-py==1.4.0\n"}
,{"stream_name":"stderr","time":38.45906251,"data":" + absl-py==2.5.0\n"}
,{"stream_name":"stderr","time":38.459283644,"data":" - accelerate==1.13.0\n"}
,{"stream_name":"stderr","time":38.459814657,"data":" + accelerate==1.14.0\n"}
,{"stream_name":"stderr","time":38.460502247,"data":" - aiohappyeyeballs==2.6.1\n"}
,{"stream_name":"stderr","time":38.46127244,"data":" + aiohappyeyeballs==2.7.1\n"}
,{"stream_name":"stderr","time":38.462016577,"data":" - aiohttp==3.13.5\n"}
,{"stream_name":"stderr","time":38.462033273,"data":" + aiohttp==3.14.3\n"}
,{"stream_name":"stderr","time":38.462039518,"data":" - alembic==1.18.4\n"}
,{"stream_name":"stderr","time":38.462044684,"data":" + alembic==1.18.5\n"}
,{"stream_name":"stderr","time":38.462049868,"data":" - annotated-doc==0.0.4\n"}
,{"stream_name":"stderr","time":38.462054961,"data":" + annotated-doc==0.0.5\n"}
,{"stream_name":"stderr","time":38.462059678,"data":" - annotated-types==0.7.0\n"}
,{"stream_name":"stderr","time":38.46206509,"data":" + annotated-types==0.8.0\n"}
,{"stream_name":"stderr","time":38.462070428,"data":" - anyio==4.13.0\n"}
,{"stream_name":"stderr","time":38.462076278,"data":" + anyio==4.14.2\n"}
,{"stream_name":"stderr","time":38.462081154,"data":" - asttokens==3.0.1\n"}
,{"stream_name":"stderr","time":38.46208658,"data":" + asttokens==3.0.2\n"}
,{"stream_name":"stderr","time":38.462421394,"data":" + async-lru==2.3.0\n"}
,{"stream_name":"stderr","time":38.462741053,"data":" - beautifulsoup4==4.13.5\n"}
,{"stream_name":"stderr","time":38.463486774,"data":" + beautifulsoup4==4.15.0\n"}
,{"stream_name":"stderr","time":38.464168598,"data":" - blinker==1.9.0\n"}
,{"stream_name":"stderr","time":38.46699464,"data":" + blinker==1.7.0\n"}
,{"stream_name":"stderr","time":38.467011317,"data":" - certifi==2026.4.22\n"}
,{"stream_name":"stderr","time":38.467017041,"data":" + certifi==2026.7.22\n"}
,{"stream_name":"stderr","time":38.467022176,"data":" - cffi==2.0.0\n"}
,{"stream_name":"stderr","time":38.467027198,"data":" + cffi==2.1.0\n"}
,{"stream_name":"stderr","time":38.467032414,"data":" - charset-normalizer==3.4.7\n"}
,{"stream_name":"stderr","time":38.467038081,"data":" + charset-normalizer==3.4.9\n"}
,{"stream_name":"stderr","time":38.467043181,"data":" - click==8.3.3\n"}
,{"stream_name":"stderr","time":38.46704827,"data":" + click==8.4.2\n"}
,{"stream_name":"stderr","time":38.467053525,"data":" - cloudpathlib==0.23.0\n"}
,{"stream_name":"stderr","time":38.46705898,"data":" + cloudpathlib==0.24.0\n"}
,{"stream_name":"stderr","time":38.467063888,"data":" - cryptography==43.0.3\n"}
,{"stream_name":"stderr","time":38.467068988,"data":" + cryptography==41.0.7\n"}
,{"stream_name":"stderr","time":38.467073984,"data":" - cuda-toolkit==12.8.1\n"}
,{"stream_name":"stderr","time":38.467078791,"data":" + cuda-toolkit==12.6.3\n"}
,{"stream_name":"stderr","time":38.467083753,"data":" + evaluate==0.4.6\n"}
,{"stream_name":"stderr","time":38.467088636,"data":" + executing==2.2.1\n"}
,{"stream_name":"stderr","time":38.467094121,"data":" + fasttext-numpy2==0.10.4\n"}
,{"stream_name":"stderr","time":38.467108729,"data":" - filelock==3.29.0\n"}
,{"stream_name":"stderr","time":38.467113206,"data":" + filelock==3.32.2\n"}
,{"stream_name":"stderr","time":38.467117192,"data":" - fonttools==4.62.1\n"}
,{"stream_name":"stderr","time":38.467121224,"data":" + fonttools==4.63.0\n"}
,{"stream_name":"stderr","time":38.467125086,"data":" - fsspec==2025.3.0\n"}
,{"stream_name":"stderr","time":38.467129032,"data":" + fsspec==2026.4.0\n"}
,{"stream_name":"stderr","time":38.467133126,"data":" - gitpython==3.1.47\n"}
,{"stream_name":"stderr","time":38.46713693,"data":" + gitpython==3.1.57\n"}
,{"stream_name":"stderr","time":38.467141203,"data":" - greenlet==3.4.0\n"}
,{"stream_name":"stderr","time":38.467145149,"data":" + greenlet==3.5.4\n"}
,{"stream_name":"stderr","time":38.467149143,"data":" - grpcio==1.81.1\n"}
,{"stream_name":"stderr","time":38.467152851,"data":" + grpcio==1.83.0\n"}
,{"stream_name":"stderr","time":38.467156934,"data":" - hf-xet==1.4.3\n"}
,{"stream_name":"stderr","time":38.467160647,"data":" + hf-xet==1.5.2\n"}
,{"stream_name":"stderr","time":38.46716463,"data":" - httplib2==0.31.2\n"}
,{"stream_name":"stderr","time":38.467168561,"data":" + httplib2==0.20.4\n"}
,{"stream_name":"stderr","time":38.467172378,"data":" - huggingface-hub==1.11.0\n"}
,{"stream_name":"stderr","time":38.467176143,"data":" + huggingface-hub==1.26.0\n"}
,{"stream_name":"stderr","time":38.46718004,"data":" - idna==3.13\n"}
,{"stream_name":"stderr","time":38.467183966,"data":" + idna==3.18\n"}
,{"stream_name":"stderr","time":38.467396754,"data":" - imageio==2.37.3\n"}
,{"stream_name":"stderr","time":38.467407001,"data":" + imageio==2.37.4\n"}
,{"stream_name":"stderr","time":38.467501518,"data":" + ioai-env==0.2.0\n"}
,{"stream_name":"stderr","time":38.467707999,"data":" - lightgbm==4.6.0\n"}
,{"stream_name":"stderr","time":38.470038579,"data":" + lightgbm==4.7.0\n"}
,{"stream_name":"stderr","time":38.470052908,"data":" - llvmlite==0.43.0\n"}
,{"stream_name":"stderr","time":38.470057588,"data":" + llvmlite==0.48.0\n"}
,{"stream_name":"stderr","time":38.470061794,"data":" - mako==1.3.11\n"}
,{"stream_name":"stderr","time":38.470065727,"data":" + mako==1.3.12\n"}
,{"stream_name":"stderr","time":38.470069993,"data":" - markdown==3.10.2\n"}
,{"stream_name":"stderr","time":38.470074134,"data":" + markdown==3.10.3\n"}
,{"stream_name":"stderr","time":38.470078129,"data":" - markdown-it-py==4.0.0\n"}
,{"stream_name":"stderr","time":38.470082029,"data":" + markdown-it-py==4.2.0\n"}
,{"stream_name":"stderr","time":38.470085976,"data":" - matplotlib==3.10.0\n"}
,{"stream_name":"stderr","time":38.470089798,"data":" + matplotlib==3.11.1\n"}
,{"stream_name":"stderr","time":38.470093774,"data":" - msgpack==1.1.2\n"}
,{"stream_name":"stderr","time":38.470097685,"data":" + msgpack==1.2.1\n"}
,{"stream_name":"stderr","time":38.470101708,"data":" - multiprocess==0.70.16\n"}
,{"stream_name":"stderr","time":38.470105813,"data":" + multiprocess==0.70.19\n"}
,{"stream_name":"stderr","time":38.47010997,"data":" - narwhals==2.20.0\n"}
,{"stream_name":"stderr","time":38.470113882,"data":" + narwhals==2.24.0\n"}
,{"stream_name":"stderr","time":38.470117936,"data":" + nest-asyncio2==1.7.2\n"}
,{"stream_name":"stderr","time":38.470121759,"data":" - nltk==3.9.1\n"}
,{"stream_name":"stderr","time":38.470125667,"data":" + nltk==3.10.0\n"}
,{"stream_name":"stderr","time":38.470129459,"data":" - numba==0.60.0\n"}
,{"stream_name":"stderr","time":38.470139359,"data":" + numba==0.66.0\n"}
,{"stream_name":"stderr","time":38.470143449,"data":" - numpy==2.0.2\n"}
,{"stream_name":"stderr","time":38.470147457,"data":" + numpy==2.4.6\n"}
,{"stream_name":"stderr","time":38.470151479,"data":" - nvidia-cublas-cu12==12.8.4.1\n"}
,{"stream_name":"stderr","time":38.470155831,"data":" + nvidia-cublas-cu12==12.6.4.1\n"}
,{"stream_name":"stderr","time":38.47015995,"data":" - nvidia-cuda-cupti-cu12==12.8.90\n"}
,{"stream_name":"stderr","time":38.470163867,"data":" + nvidia-cuda-cupti-cu12==12.6.80\n"}
,{"stream_name":"stderr","time":38.470167896,"data":" - nvidia-cuda-nvrtc-cu12==12.8.93\n"}
,{"stream_name":"stderr","time":38.47017193,"data":" + nvidia-cuda-nvrtc-cu12==12.6.85\n"}
,{"stream_name":"stderr","time":38.470176398,"data":" - nvidia-cuda-runtime-cu12==12.8.90\n"}
,{"stream_name":"stderr","time":38.470187466,"data":" + nvidia-cuda-runtime-cu12==12.6.77\n"}
,{"stream_name":"stderr","time":38.470191566,"data":" - nvidia-cufft-cu12==11.3.3.83\n"}
,{"stream_name":"stderr","time":38.470195845,"data":" + nvidia-cufft-cu12==11.3.0.4\n"}
,{"stream_name":"stderr","time":38.470199673,"data":" - nvidia-cufile-cu12==1.13.1.3\n"}
,{"stream_name":"stderr","time":38.470203497,"data":" + nvidia-cufile-cu12==1.11.1.6\n"}
,{"stream_name":"stderr","time":38.470207734,"data":" - nvidia-curand-cu12==10.3.9.90\n"}
,{"stream_name":"stderr","time":38.470211961,"data":" + nvidia-curand-cu12==10.3.7.77\n"}
,{"stream_name":"stderr","time":38.470216184,"data":" - nvidia-cusolver-cu12==11.7.3.90\n"}
,{"stream_name":"stderr","time":38.472026282,"data":" + nvidia-cusolver-cu12==11.7.1.2\n"}
,{"stream_name":"stderr","time":38.472040924,"data":" - nvidia-cusparse-cu12==12.5.8.93\n"}
,{"stream_name":"stderr","time":38.472045257,"data":" + nvidia-cusparse-cu12==12.5.4.2\n"}
,{"stream_name":"stderr","time":38.472049211,"data":" - nvidia-nccl-cu12==2.27.5\n"}
,{"stream_name":"stderr","time":38.472053924,"data":" + nvidia-nccl-cu12==2.29.3\n"}
,{"stream_name":"stderr","time":38.472057922,"data":" - nvidia-nvjitlink-cu12==12.8.93\n"}
,{"stream_name":"stderr","time":38.472062056,"data":" + nvidia-nvjitlink-cu12==12.6.85\n"}
,{"stream_name":"stderr","time":38.472065992,"data":" - nvidia-nvtx-cu12==12.8.90\n"}
,{"stream_name":"stderr","time":38.472069719,"data":" + nvidia-nvtx-cu12==12.6.77\n"}
,{"stream_name":"stderr","time":38.472073875,"data":" - oauthlib==3.3.1\n"}
,{"stream_name":"stderr","time":38.472077829,"data":" + oauthlib==3.2.2\n"}
,{"stream_name":"stderr","time":38.472081646,"data":" - opencv-python==4.13.0.92\n"}
,{"stream_name":"stderr","time":38.472085756,"data":" + opencv-python==5.0.0.93\n"}
,{"stream_name":"stderr","time":38.472089948,"data":" - opencv-python-headless==4.13.0.92\n"}
,{"stream_name":"stderr","time":38.472094124,"data":" + opencv-python-headless==5.0.0.93\n"}
,{"stream_name":"stderr","time":38.472098051,"data":" - packaging==26.1\n"}
,{"stream_name":"stderr","time":38.472101986,"data":" + packaging==26.2\n"}
,{"stream_name":"stderr","time":38.472106065,"data":" - pandas==2.3.3\n"}
,{"stream_name":"stderr","time":38.472109919,"data":" + pandas==3.0.5\n"}
,{"stream_name":"stderr","time":38.472113738,"data":" - pillow==11.3.0\n"}
,{"stream_name":"stderr","time":38.472117644,"data":" + pillow==12.3.0\n"}
,{"stream_name":"stderr","time":38.472121611,"data":" - platformdirs==4.9.6\n"}
,{"stream_name":"stderr","time":38.472125518,"data":" + platformdirs==4.11.0\n"}
,{"stream_name":"stderr","time":38.472129361,"data":" - plotly==5.24.1\n"}
,{"stream_name":"stderr","time":38.472139105,"data":" + plotly==6.9.0\n"}
,{"stream_name":"stderr","time":38.472143243,"data":" - polars==1.35.2\n"}
,{"stream_name":"stderr","time":38.472147191,"data":" + polars==1.43.0\n"}
,{"stream_name":"stderr","time":38.474016758,"data":" - polars-runtime-32==1.35.2\n"}
,{"stream_name":"stderr","time":38.474028278,"data":" + polars-runtime-32==1.43.0\n"}
,{"stream_name":"stderr","time":38.474031447,"data":" - prompt-toolkit==3.0.52\n"}
,{"stream_name":"stderr","time":38.474033913,"data":" + prompt-toolkit==3.0.53\n"}
,{"stream_name":"stderr","time":38.474036315,"data":" - propcache==0.4.1\n"}
,{"stream_name":"stderr","time":38.47403854,"data":" + propcache==0.5.2\n"}
,{"stream_name":"stderr","time":38.474040717,"data":" - protobuf==5.29.5\n"}
,{"stream_name":"stderr","time":38.474042881,"data":" + protobuf==7.35.1\n"}
,{"stream_name":"stderr","time":38.474045161,"data":" - psutil==5.9.5\n"}
,{"stream_name":"stderr","time":38.474047344,"data":" + psutil==7.2.2\n"}
,{"stream_name":"stderr","time":38.474049499,"data":" + pure-eval==0.2.3\n"}
,{"stream_name":"stderr","time":38.474051673,"data":" - pyarrow==24.0.0\n"}
,{"stream_name":"stderr","time":38.4740544,"data":" + pyarrow==25.0.0\n"}
,{"stream_name":"stderr","time":38.474071,"data":" - pydantic==2.12.3\n"}
,{"stream_name":"stderr","time":38.474074962,"data":" + pydantic==2.13.4\n"}
,{"stream_name":"stderr","time":38.474078753,"data":" - pydantic-core==2.41.4\n"}
,{"stream_name":"stderr","time":38.474082442,"data":" + pydantic-core==2.46.4\n"}
,{"stream_name":"stderr","time":38.474086538,"data":" - pyjwt==2.12.1\n"}
,{"stream_name":"stderr","time":38.474090372,"data":" + pyjwt==2.7.0\n"}
,{"stream_name":"stderr","time":38.474093665,"data":" - pyparsing==3.3.2\n"}
,{"stream_name":"stderr","time":38.474097545,"data":" + pyparsing==3.1.1\n"}
,{"stream_name":"stderr","time":38.474101135,"data":" - regex==2025.11.3\n"}
,{"stream_name":"stderr","time":38.474104392,"data":" + regex==2026.7.19\n"}
,{"stream_name":"stderr","time":38.474107639,"data":" - requests==2.32.4\n"}
,{"stream_name":"stderr","time":38.474110861,"data":" + requests==2.34.2\n"}
,{"stream_name":"stderr","time":38.474115892,"data":" - rich==13.9.4\n"}
,{"stream_name":"stderr","time":38.474122276,"data":" + rich==15.0.0\n"}
,{"stream_name":"stderr","time":38.474124579,"data":" - rpds-py==0.30.0\n"}
,{"stream_name":"stderr","time":38.474126816,"data":" + rpds-py==2026.6.3\n"}
,{"stream_name":"stderr","time":38.474178018,"data":" - safetensors==0.7.0\n"}
,{"stream_name":"stderr","time":38.475616935,"data":" + safetensors==0.8.0\n"}
,{"stream_name":"stderr","time":38.475634535,"data":" - scikit-image==0.25.2\n"}
,{"stream_name":"stderr","time":38.475639459,"data":" + scikit-image==0.26.0\n"}
,{"stream_name":"stderr","time":38.475643895,"data":" - scikit-learn==1.6.1\n"}
,{"stream_name":"stderr","time":38.475648777,"data":" + scikit-learn==1.9.0\n"}
,{"stream_name":"stderr","time":38.475652865,"data":" - scipy==1.16.3\n"}
,{"stream_name":"stderr","time":38.475657258,"data":" + scipy==1.18.0\n"}
,{"stream_name":"stderr","time":38.475661602,"data":" - sentence-transformers==5.4.1\n"}
,{"stream_name":"stderr","time":38.475665742,"data":" + sentence-transformers==5.6.1\n"}
,{"stream_name":"stderr","time":38.475670103,"data":" - setuptools==81.0.0\n"}
,{"stream_name":"stderr","time":38.47567426,"data":" + setuptools==83.0.0\n"}
,{"stream_name":"stderr","time":38.475678646,"data":" - smart-open==7.6.0\n"}
,{"stream_name":"stderr","time":38.47569414,"data":" + smart-open==8.0.1\n"}
,{"stream_name":"stderr","time":38.475706109,"data":" - soundfile==0.13.1\n"}
,{"stream_name":"stderr","time":38.475710135,"data":" + soundfile==0.14.0\n"}
,{"stream_name":"stderr","time":38.475714608,"data":" - soupsieve==2.8.3\n"}
,{"stream_name":"stderr","time":38.475718873,"data":" + soupsieve==2.9.1\n"}
,{"stream_name":"stderr","time":38.475723302,"data":" - soxr==1.0.0\n"}
,{"stream_name":"stderr","time":38.47572728,"data":" + soxr==1.1.0\n"}
,{"stream_name":"stderr","time":38.475731547,"data":" - sqlalchemy==2.0.49\n"}
,{"stream_name":"stderr","time":38.475735788,"data":" + sqlalchemy==2.0.51\n"}
,{"stream_name":"stderr","time":38.475739718,"data":" + stack-data==0.6.3\n"}
,{"stream_name":"stderr","time":38.475744075,"data":" + standard-aifc==3.13.0\n"}
,{"stream_name":"stderr","time":38.47574864,"data":" + standard-chunk==3.13.0\n"}
,{"stream_name":"stderr","time":38.475752813,"data":" + standard-sunau==3.13.0\n"}
,{"stream_name":"stderr","time":38.475756735,"data":" - stringzilla==4.6.0\n"}
,{"stream_name":"stderr","time":38.47576109,"data":" + stringzilla==5.0.7\n"}
,{"stream_name":"stderr","time":38.47576525,"data":" - tensorboard==2.20.0\n"}
,{"stream_name":"stderr","time":38.475769508,"data":" + tensorboard==2.21.0\n"}
,{"stream_name":"stderr","time":38.4757738,"data":" - tifffile==2026.4.11\n"}
,{"stream_name":"stderr","time":38.475777885,"data":" + tifffile==2026.7.31\n"}
,{"stream_name":"stderr","time":38.475782146,"data":" - torch==2.10.0+cu128\n"}
,{"stream_name":"stderr","time":38.475855507,"data":" + torch==2.13.0\n"}
,{"stream_name":"stderr","time":38.475865043,"data":" - torchaudio==2.10.0+cu128\n"}
,{"stream_name":"stderr","time":38.475868639,"data":" + torchaudio==2.11.0\n"}
,{"stream_name":"stderr","time":38.475872035,"data":" - torchvision==0.25.0+cu128\n"}
,{"stream_name":"stderr","time":38.475875337,"data":" + torchvision==0.28.0\n"}
,{"stream_name":"stderr","time":38.475885243,"data":" - tqdm==4.67.3\n"}
,{"stream_name":"stderr","time":38.475947486,"data":" + tqdm==4.69.1\n"}
,{"stream_name":"stderr","time":38.476021126,"data":" - traitlets==5.15.1\n"}
,{"stream_name":"stderr","time":38.476055525,"data":" + traitlets==5.16.0\n"}
,{"stream_name":"stderr","time":38.476148924,"data":" - transformers==5.0.0\n"}
,{"stream_name":"stderr","time":38.476159606,"data":" + transformers==5.14.1\n"}
,{"stream_name":"stderr","time":38.476219283,"data":" - triton==3.6.0\n"}
,{"stream_name":"stderr","time":38.47629129,"data":" + triton==3.7.1\n"}
,{"stream_name":"stderr","time":38.476310697,"data":" + trl==1.9.0\n"}
,{"stream_name":"stderr","time":38.47636762,"data":" - typer==0.24.2\n"}
,{"stream_name":"stderr","time":38.476452073,"data":" + typer==0.27.0\n"}
,{"stream_name":"stderr","time":38.476496273,"data":" - typing-extensions==4.15.0\n"}
,{"stream_name":"stderr","time":38.47652027,"data":" + typing-extensions==4.16.0\n"}
,{"stream_name":"stderr","time":38.47656347,"data":" - tzdata==2026.1\n"}
,{"stream_name":"stderr","time":38.47663319,"data":" + tzdata==2026.3\n"}
,{"stream_name":"stderr","time":38.476664122,"data":" - urllib3==2.5.0\n"}
,{"stream_name":"stderr","time":38.476723493,"data":" + urllib3==2.7.0\n"}
,{"stream_name":"stderr","time":38.476801387,"data":" - wcwidth==0.6.0\n"}
,{"stream_name":"stderr","time":38.476839475,"data":" + wcwidth==0.8.2\n"}
,{"stream_name":"stderr","time":38.47690101,"data":" - wrapt==2.1.2\n"}
,{"stream_name":"stderr","time":38.476928762,"data":" + wrapt==2.3.0\n"}
,{"stream_name":"stderr","time":38.477002842,"data":" - xgboost==3.2.0\n"}
,{"stream_name":"stderr","time":38.477061836,"data":" + xgboost==3.3.0\n"}
,{"stream_name":"stderr","time":38.47712322,"data":" - xxhash==3.6.0\n"}
,{"stream_name":"stderr","time":38.477160403,"data":" + xxhash==3.8.1\n"}
,{"stream_name":"stderr","time":38.477210332,"data":" - yarl==1.23.0\n"}
,{"stream_name":"stderr","time":38.47727691,"data":" + yarl==1.24.5\n"}
,{"stream_name":"stdout","time":38.489144967,"data":"IOAI environment ready (wheels from /kaggle/input/datasets/kamalkhan/ioai-2026-wheel-dataset)\n"}
,{"stream_name":"stderr","time":64.623841903,"data":"\rLoading weights:   0%|          | 0/199 [00:00\u003c?, ?it/s]\rLoading weights:  23%|██▎       | 45/199 [00:00\u003c00:00, 437.55it/s]\rLoading weights:  45%|████▍     | 89/199 [00:00\u003c00:00, 435.07it/s]\rLoading weights:  67%|██████▋   | 133/199 [00:00\u003c00:00, 374.55it/s]\rLoading weights:  86%|████████▋ | 172/199 [00:00\u003c00:00, 377.70it/s]\rLoading weights: 100%|██████████| 199/199 [00:00\u003c00:00, 422.79it/s]\n"}
,{"stream_name":"stdout","time":68.659801935,"data":"device=cuda:0 gpu=Tesla T4 train_sentences=43590\n"}
,{"stream_name":"stdout","time":69.56256548,"data":"train step 1/455 loss=0.70770 elapsed=0.9s\n"}
,{"stream_name":"stdout","time":150.116716899,"data":"train step 228/455 loss=0.07965 elapsed=81.5s\n"}
,{"stream_name":"stdout","time":242.028870375,"data":"train step 455/455 loss=0.01221 elapsed=173.4s\n"}
,{"stream_name":"stdout","time":289.271937085,"data":"wrote /kaggle/working/submission.csv with 760 rows\n"}
,{"stream_name":"stdout","time":289.27249493,"data":"in-sample refit dev check: 97.384 | exact: 366/380 | MAE: 6.12 | total: 227.0s | peak_vram_gb: 5.00\n"}
,{"stream_name":"stderr","time":292.798422484,"data":"/usr/local/lib/python3.12/dist-packages/mistune.py:435: SyntaxWarning: invalid escape sequence '\\|'\n"}
,{"stream_name":"stderr","time":292.798454108,"data":"  cells[i][c] = re.sub('\\\\\\\\\\|', '|', cell)\n"}
,{"stream_name":"stderr","time":292.99234149,"data":"/usr/local/lib/python3.12/dist-packages/nbconvert/filters/filter_links.py:36: SyntaxWarning: invalid escape sequence '\\_'\n"}
,{"stream_name":"stderr","time":292.992367864,"data":"  text = re.sub(r'_', '\\_', text) # Escape underscores in display text\n"}
,{"stream_name":"stderr","time":293.747688233,"data":"[NbConvertApp] Converting notebook __script__.ipynb to html\n"}
,{"stream_name":"stderr","time":295.034680065,"data":"[NbConvertApp] Writing 356845 bytes to __results__.html\n"}
]