[{"stream_name":"stderr","time":7.858107375,"data":"Using Python 3.12.13 environment at: /usr\n"}
,{"stream_name":"stderr","time":8.071413179,"data":"Resolved 159 packages in 124ms\n"}
,{"stream_name":"stderr","time":33.248030431,"data":"Prepared 118 packages in 25.17s\n"}
,{"stream_name":"stderr","time":39.356861612,"data":"Uninstalled 106 packages in 6.10s\n"}
,{"stream_name":"stderr","time":39.75287096,"data":"Installed 118 packages in 395ms\n"}
,{"stream_name":"stderr","time":39.753672775,"data":" - absl-py==1.4.0\n"}
,{"stream_name":"stderr","time":39.753698249,"data":" + absl-py==2.5.0\n"}
,{"stream_name":"stderr","time":39.753705495,"data":" - accelerate==1.13.0\n"}
,{"stream_name":"stderr","time":39.753711665,"data":" + accelerate==1.14.0\n"}
,{"stream_name":"stderr","time":39.753719106,"data":" - aiohappyeyeballs==2.6.1\n"}
,{"stream_name":"stderr","time":39.753725983,"data":" + aiohappyeyeballs==2.7.1\n"}
,{"stream_name":"stderr","time":39.753732815,"data":" - aiohttp==3.13.5\n"}
,{"stream_name":"stderr","time":39.753778867,"data":" + aiohttp==3.14.3\n"}
,{"stream_name":"stderr","time":39.753866673,"data":" - alembic==1.18.4\n"}
,{"stream_name":"stderr","time":39.753897049,"data":" + alembic==1.18.5\n"}
,{"stream_name":"stderr","time":39.753908479,"data":" - annotated-doc==0.0.4\n"}
,{"stream_name":"stderr","time":39.754026723,"data":" + annotated-doc==0.0.5\n"}
,{"stream_name":"stderr","time":39.754041723,"data":" - annotated-types==0.7.0\n"}
,{"stream_name":"stderr","time":39.754256211,"data":" + annotated-types==0.8.0\n"}
,{"stream_name":"stderr","time":39.754411697,"data":" - anyio==4.13.0\n"}
,{"stream_name":"stderr","time":39.754418988,"data":" + anyio==4.14.2\n"}
,{"stream_name":"stderr","time":39.754425008,"data":" - asttokens==3.0.1\n"}
,{"stream_name":"stderr","time":39.754432825,"data":" + asttokens==3.0.2\n"}
,{"stream_name":"stderr","time":39.754439321,"data":" + async-lru==2.3.0\n"}
,{"stream_name":"stderr","time":39.754444982,"data":" - beautifulsoup4==4.13.5\n"}
,{"stream_name":"stderr","time":39.754492522,"data":" + beautifulsoup4==4.15.0\n"}
,{"stream_name":"stderr","time":39.754629212,"data":" - blinker==1.9.0\n"}
,{"stream_name":"stderr","time":39.754649749,"data":" + blinker==1.7.0\n"}
,{"stream_name":"stderr","time":39.754657449,"data":" - certifi==2026.4.22\n"}
,{"stream_name":"stderr","time":39.754708883,"data":" + certifi==2026.7.22\n"}
,{"stream_name":"stderr","time":39.75474717,"data":" - cffi==2.0.0\n"}
,{"stream_name":"stderr","time":39.754787224,"data":" + cffi==2.1.0\n"}
,{"stream_name":"stderr","time":39.754837427,"data":" - charset-normalizer==3.4.7\n"}
,{"stream_name":"stderr","time":39.754897385,"data":" + charset-normalizer==3.4.9\n"}
,{"stream_name":"stderr","time":39.755067843,"data":" - click==8.3.3\n"}
,{"stream_name":"stderr","time":39.755272151,"data":" + click==8.4.2\n"}
,{"stream_name":"stderr","time":39.755290128,"data":" - cloudpathlib==0.23.0\n"}
,{"stream_name":"stderr","time":39.755296442,"data":" + cloudpathlib==0.24.0\n"}
,{"stream_name":"stderr","time":39.755301659,"data":" - cryptography==43.0.3\n"}
,{"stream_name":"stderr","time":39.755411673,"data":" + cryptography==41.0.7\n"}
,{"stream_name":"stderr","time":39.755422499,"data":" - cuda-toolkit==12.8.1\n"}
,{"stream_name":"stderr","time":39.755429205,"data":" + cuda-toolkit==12.6.3\n"}
,{"stream_name":"stderr","time":39.755481237,"data":" + evaluate==0.4.6\n"}
,{"stream_name":"stderr","time":39.755489692,"data":" + executing==2.2.1\n"}
,{"stream_name":"stderr","time":39.755530937,"data":" + fasttext-numpy2==0.10.4\n"}
,{"stream_name":"stderr","time":39.755603385,"data":" - filelock==3.29.0\n"}
,{"stream_name":"stderr","time":39.755682306,"data":" + filelock==3.32.2\n"}
,{"stream_name":"stderr","time":39.755722356,"data":" - fonttools==4.62.1\n"}
,{"stream_name":"stderr","time":39.755819018,"data":" + fonttools==4.63.0\n"}
,{"stream_name":"stderr","time":39.755826725,"data":" - fsspec==2025.3.0\n"}
,{"stream_name":"stderr","time":39.755855541,"data":" + fsspec==2026.4.0\n"}
,{"stream_name":"stderr","time":39.755948809,"data":" - gitpython==3.1.47\n"}
,{"stream_name":"stderr","time":39.756075099,"data":" + gitpython==3.1.57\n"}
,{"stream_name":"stderr","time":39.756084828,"data":" - greenlet==3.4.0\n"}
,{"stream_name":"stderr","time":39.756089179,"data":" + greenlet==3.5.4\n"}
,{"stream_name":"stderr","time":39.756150618,"data":" - grpcio==1.81.1\n"}
,{"stream_name":"stderr","time":39.756236129,"data":" + grpcio==1.83.0\n"}
,{"stream_name":"stderr","time":39.756244075,"data":" - hf-xet==1.4.3\n"}
,{"stream_name":"stderr","time":39.756267411,"data":" + hf-xet==1.5.2\n"}
,{"stream_name":"stderr","time":39.756401175,"data":" - httplib2==0.31.2\n"}
,{"stream_name":"stderr","time":39.756415833,"data":" + httplib2==0.20.4\n"}
,{"stream_name":"stderr","time":39.756565569,"data":" - huggingface-hub==1.11.0\n"}
,{"stream_name":"stderr","time":39.756575942,"data":" + huggingface-hub==1.26.0\n"}
,{"stream_name":"stderr","time":39.756581624,"data":" - idna==3.13\n"}
,{"stream_name":"stderr","time":39.756586787,"data":" + idna==3.18\n"}
,{"stream_name":"stderr","time":39.756716808,"data":" - imageio==2.37.3\n"}
,{"stream_name":"stderr","time":39.756782963,"data":" + imageio==2.37.4\n"}
,{"stream_name":"stderr","time":39.756844986,"data":" + ioai-env==0.2.0\n"}
,{"stream_name":"stderr","time":39.756909116,"data":" - lightgbm==4.6.0\n"}
,{"stream_name":"stderr","time":39.756996845,"data":" + lightgbm==4.7.0\n"}
,{"stream_name":"stderr","time":39.757065459,"data":" - llvmlite==0.43.0\n"}
,{"stream_name":"stderr","time":39.757127175,"data":" + llvmlite==0.48.0\n"}
,{"stream_name":"stderr","time":39.757185781,"data":" - mako==1.3.11\n"}
,{"stream_name":"stderr","time":39.757234065,"data":" + mako==1.3.12\n"}
,{"stream_name":"stderr","time":39.75729535,"data":" - markdown==3.10.2\n"}
,{"stream_name":"stderr","time":39.757361905,"data":" + markdown==3.10.3\n"}
,{"stream_name":"stderr","time":39.757423362,"data":" - markdown-it-py==4.0.0\n"}
,{"stream_name":"stderr","time":39.757481923,"data":" + markdown-it-py==4.2.0\n"}
,{"stream_name":"stderr","time":39.757548083,"data":" - matplotlib==3.10.0\n"}
,{"stream_name":"stderr","time":39.757612334,"data":" + matplotlib==3.11.1\n"}
,{"stream_name":"stderr","time":39.757680133,"data":" - msgpack==1.1.2\n"}
,{"stream_name":"stderr","time":39.757753284,"data":" + msgpack==1.2.1\n"}
,{"stream_name":"stderr","time":39.757800306,"data":" - multiprocess==0.70.16\n"}
,{"stream_name":"stderr","time":39.757862925,"data":" + multiprocess==0.70.19\n"}
,{"stream_name":"stderr","time":39.757949508,"data":" - narwhals==2.20.0\n"}
,{"stream_name":"stderr","time":39.758047221,"data":" + narwhals==2.24.0\n"}
,{"stream_name":"stderr","time":39.758110559,"data":" + nest-asyncio2==1.7.2\n"}
,{"stream_name":"stderr","time":39.758178785,"data":" - nltk==3.9.1\n"}
,{"stream_name":"stderr","time":39.75821703,"data":" + nltk==3.10.0\n"}
,{"stream_name":"stderr","time":39.758279816,"data":" - numba==0.60.0\n"}
,{"stream_name":"stderr","time":39.75836687,"data":" + numba==0.66.0\n"}
,{"stream_name":"stderr","time":39.758406867,"data":" - numpy==2.0.2\n"}
,{"stream_name":"stderr","time":39.758462283,"data":" + numpy==2.4.6\n"}
,{"stream_name":"stderr","time":39.758517576,"data":" - nvidia-cublas-cu12==12.8.4.1\n"}
,{"stream_name":"stderr","time":39.758632753,"data":" + nvidia-cublas-cu12==12.6.4.1\n"}
,{"stream_name":"stderr","time":39.758712204,"data":" - nvidia-cuda-cupti-cu12==12.8.90\n"}
,{"stream_name":"stderr","time":39.758800344,"data":" + nvidia-cuda-cupti-cu12==12.6.80\n"}
,{"stream_name":"stderr","time":39.758807438,"data":" - nvidia-cuda-nvrtc-cu12==12.8.93\n"}
,{"stream_name":"stderr","time":39.758875034,"data":" + nvidia-cuda-nvrtc-cu12==12.6.85\n"}
,{"stream_name":"stderr","time":39.758969956,"data":" - nvidia-cuda-runtime-cu12==12.8.90\n"}
,{"stream_name":"stderr","time":39.758984375,"data":" + nvidia-cuda-runtime-cu12==12.6.77\n"}
,{"stream_name":"stderr","time":39.759049160000004,"data":" - nvidia-cufft-cu12==11.3.3.83\n"}
,{"stream_name":"stderr","time":39.759140807,"data":" + nvidia-cufft-cu12==11.3.0.4\n"}
,{"stream_name":"stderr","time":39.759196717,"data":" - nvidia-cufile-cu12==1.13.1.3\n"}
,{"stream_name":"stderr","time":39.759320416,"data":" + nvidia-cufile-cu12==1.11.1.6\n"}
,{"stream_name":"stderr","time":39.759333931,"data":" - nvidia-curand-cu12==10.3.9.90\n"}
,{"stream_name":"stderr","time":39.759384988,"data":" + nvidia-curand-cu12==10.3.7.77\n"}
,{"stream_name":"stderr","time":39.75942066,"data":" - nvidia-cusolver-cu12==11.7.3.90\n"}
,{"stream_name":"stderr","time":39.759469174,"data":" + nvidia-cusolver-cu12==11.7.1.2\n"}
,{"stream_name":"stderr","time":39.75958149,"data":" - nvidia-cusparse-cu12==12.5.8.93\n"}
,{"stream_name":"stderr","time":39.759588828,"data":" + nvidia-cusparse-cu12==12.5.4.2\n"}
,{"stream_name":"stderr","time":39.759641425,"data":" - nvidia-nccl-cu12==2.27.5\n"}
,{"stream_name":"stderr","time":39.759745305,"data":" + nvidia-nccl-cu12==2.29.3\n"}
,{"stream_name":"stderr","time":39.759753666,"data":" - nvidia-nvjitlink-cu12==12.8.93\n"}
,{"stream_name":"stderr","time":39.759820133,"data":" + nvidia-nvjitlink-cu12==12.6.85\n"}
,{"stream_name":"stderr","time":39.759854667,"data":" - nvidia-nvtx-cu12==12.8.90\n"}
,{"stream_name":"stderr","time":39.759890923,"data":" + nvidia-nvtx-cu12==12.6.77\n"}
,{"stream_name":"stderr","time":39.759953847,"data":" - oauthlib==3.3.1\n"}
,{"stream_name":"stderr","time":39.7600389,"data":" + oauthlib==3.2.2\n"}
,{"stream_name":"stderr","time":39.760132752,"data":" - opencv-python==4.13.0.92\n"}
,{"stream_name":"stderr","time":39.760138486,"data":" + opencv-python==5.0.0.93\n"}
,{"stream_name":"stderr","time":39.760196437,"data":" - opencv-python-headless==4.13.0.92\n"}
,{"stream_name":"stderr","time":39.760305842,"data":" + opencv-python-headless==5.0.0.93\n"}
,{"stream_name":"stderr","time":39.760312868,"data":" - packaging==26.1\n"}
,{"stream_name":"stderr","time":39.760329877,"data":" + packaging==26.2\n"}
,{"stream_name":"stderr","time":39.760366037,"data":" - pandas==2.3.3\n"}
,{"stream_name":"stderr","time":39.760436189,"data":" + pandas==3.0.5\n"}
,{"stream_name":"stderr","time":39.760473027,"data":" - pillow==11.3.0\n"}
,{"stream_name":"stderr","time":39.760608769,"data":" + pillow==12.3.0\n"}
,{"stream_name":"stderr","time":39.760616271,"data":" - platformdirs==4.9.6\n"}
,{"stream_name":"stderr","time":39.760664951,"data":" + platformdirs==4.11.0\n"}
,{"stream_name":"stderr","time":39.760718382,"data":" - plotly==5.24.1\n"}
,{"stream_name":"stderr","time":39.760799792,"data":" + plotly==6.9.0\n"}
,{"stream_name":"stderr","time":39.760836645,"data":" - polars==1.35.2\n"}
,{"stream_name":"stderr","time":39.760875776,"data":" + polars==1.43.0\n"}
,{"stream_name":"stderr","time":39.76096349,"data":" - polars-runtime-32==1.35.2\n"}
,{"stream_name":"stderr","time":39.760999865,"data":" + polars-runtime-32==1.43.0\n"}
,{"stream_name":"stderr","time":39.761047078,"data":" - prompt-toolkit==3.0.52\n"}
,{"stream_name":"stderr","time":39.761097238,"data":" + prompt-toolkit==3.0.53\n"}
,{"stream_name":"stderr","time":39.761138948,"data":" - propcache==0.4.1\n"}
,{"stream_name":"stderr","time":39.7612034,"data":" + propcache==0.5.2\n"}
,{"stream_name":"stderr","time":39.761282457,"data":" - protobuf==5.29.5\n"}
,{"stream_name":"stderr","time":39.76131371,"data":" + protobuf==7.35.1\n"}
,{"stream_name":"stderr","time":39.76136633,"data":" - psutil==5.9.5\n"}
,{"stream_name":"stderr","time":39.761411235,"data":" + psutil==7.2.2\n"}
,{"stream_name":"stderr","time":39.761469517,"data":" + pure-eval==0.2.3\n"}
,{"stream_name":"stderr","time":39.761577333,"data":" - pyarrow==24.0.0\n"}
,{"stream_name":"stderr","time":39.761609848,"data":" + pyarrow==25.0.0\n"}
,{"stream_name":"stderr","time":39.761688202,"data":" - pydantic==2.12.3\n"}
,{"stream_name":"stderr","time":39.761694995,"data":" + pydantic==2.13.4\n"}
,{"stream_name":"stderr","time":39.761743999,"data":" - pydantic-core==2.41.4\n"}
,{"stream_name":"stderr","time":39.761805507,"data":" + pydantic-core==2.46.4\n"}
,{"stream_name":"stderr","time":39.761836712,"data":" - pyjwt==2.12.1\n"}
,{"stream_name":"stderr","time":39.761895819,"data":" + pyjwt==2.7.0\n"}
,{"stream_name":"stderr","time":39.762038573,"data":" - pyparsing==3.3.2\n"}
,{"stream_name":"stderr","time":39.762050811,"data":" + pyparsing==3.1.1\n"}
,{"stream_name":"stderr","time":39.76207384,"data":" - regex==2025.11.3\n"}
,{"stream_name":"stderr","time":39.762179521,"data":" + regex==2026.7.19\n"}
,{"stream_name":"stderr","time":39.762187365,"data":" - requests==2.32.4\n"}
,{"stream_name":"stderr","time":39.762237541,"data":" + requests==2.34.2\n"}
,{"stream_name":"stderr","time":39.762323938,"data":" - rich==13.9.4\n"}
,{"stream_name":"stderr","time":39.762360144,"data":" + rich==15.0.0\n"}
,{"stream_name":"stderr","time":39.762396996,"data":" - rpds-py==0.30.0\n"}
,{"stream_name":"stderr","time":39.762474924,"data":" + rpds-py==2026.6.3\n"}
,{"stream_name":"stderr","time":39.762511803,"data":" - safetensors==0.7.0\n"}
,{"stream_name":"stderr","time":39.762580631,"data":" + safetensors==0.8.0\n"}
,{"stream_name":"stderr","time":39.763035629,"data":" - scikit-image==0.25.2\n"}
,{"stream_name":"stderr","time":39.763050395,"data":" + scikit-image==0.26.0\n"}
,{"stream_name":"stderr","time":39.763055503,"data":" - scikit-learn==1.6.1\n"}
,{"stream_name":"stderr","time":39.763059959,"data":" + scikit-learn==1.9.0\n"}
,{"stream_name":"stderr","time":39.763064541,"data":" - scipy==1.16.3\n"}
,{"stream_name":"stderr","time":39.763069094,"data":" + scipy==1.18.0\n"}
,{"stream_name":"stderr","time":39.763073224,"data":" - sentence-transformers==5.4.1\n"}
,{"stream_name":"stderr","time":39.763076439,"data":" + sentence-transformers==5.6.1\n"}
,{"stream_name":"stderr","time":39.763080076,"data":" - setuptools==81.0.0\n"}
,{"stream_name":"stderr","time":39.763083753,"data":" + setuptools==83.0.0\n"}
,{"stream_name":"stderr","time":39.763088672,"data":" - smart-open==7.6.0\n"}
,{"stream_name":"stderr","time":39.763131158,"data":" + smart-open==8.0.1\n"}
,{"stream_name":"stderr","time":39.763192211,"data":" - soundfile==0.13.1\n"}
,{"stream_name":"stderr","time":39.763511221,"data":" + soundfile==0.14.0\n"}
,{"stream_name":"stderr","time":39.763518766,"data":" - soupsieve==2.8.3\n"}
,{"stream_name":"stderr","time":39.763522681,"data":" + soupsieve==2.9.1\n"}
,{"stream_name":"stderr","time":39.763526198,"data":" - soxr==1.0.0\n"}
,{"stream_name":"stderr","time":39.763529821,"data":" + soxr==1.1.0\n"}
,{"stream_name":"stderr","time":39.763633871,"data":" - sqlalchemy==2.0.49\n"}
,{"stream_name":"stderr","time":39.763647499,"data":" + sqlalchemy==2.0.51\n"}
,{"stream_name":"stderr","time":39.763712512,"data":" + stack-data==0.6.3\n"}
,{"stream_name":"stderr","time":39.763742376,"data":" + standard-aifc==3.13.0\n"}
,{"stream_name":"stderr","time":39.763780613,"data":" + standard-chunk==3.13.0\n"}
,{"stream_name":"stderr","time":39.763832217,"data":" + standard-sunau==3.13.0\n"}
,{"stream_name":"stderr","time":39.763928163,"data":" - stringzilla==4.6.0\n"}
,{"stream_name":"stderr","time":39.763994018,"data":" + stringzilla==5.0.7\n"}
,{"stream_name":"stderr","time":39.764971209,"data":" - tensorboard==2.20.0\n"}
,{"stream_name":"stderr","time":39.764998581,"data":" + tensorboard==2.21.0\n"}
,{"stream_name":"stderr","time":39.765003919,"data":" - tifffile==2026.4.11\n"}
,{"stream_name":"stderr","time":39.765008573,"data":" + tifffile==2026.7.31\n"}
,{"stream_name":"stderr","time":39.76501323,"data":" - torch==2.10.0+cu128\n"}
,{"stream_name":"stderr","time":39.765018116,"data":" + torch==2.13.0\n"}
,{"stream_name":"stderr","time":39.765022573,"data":" - torchaudio==2.10.0+cu128\n"}
,{"stream_name":"stderr","time":39.765027325,"data":" + torchaudio==2.11.0\n"}
,{"stream_name":"stderr","time":39.765032454,"data":" - torchvision==0.25.0+cu128\n"}
,{"stream_name":"stderr","time":39.765037031,"data":" + torchvision==0.28.0\n"}
,{"stream_name":"stderr","time":39.765041746,"data":" - tqdm==4.67.3\n"}
,{"stream_name":"stderr","time":39.76504638,"data":" + tqdm==4.69.1\n"}
,{"stream_name":"stderr","time":39.765050899,"data":" - traitlets==5.15.1\n"}
,{"stream_name":"stderr","time":39.76505558,"data":" + traitlets==5.16.0\n"}
,{"stream_name":"stderr","time":39.765060221,"data":" - transformers==5.0.0\n"}
,{"stream_name":"stderr","time":39.765064834,"data":" + transformers==5.14.1\n"}
,{"stream_name":"stderr","time":39.765153419,"data":" - triton==3.6.0\n"}
,{"stream_name":"stderr","time":39.765161673,"data":" + triton==3.7.1\n"}
,{"stream_name":"stderr","time":39.765165579,"data":" + trl==1.9.0\n"}
,{"stream_name":"stderr","time":39.765169332,"data":" - typer==0.24.2\n"}
,{"stream_name":"stderr","time":39.765465395,"data":" + typer==0.27.0\n"}
,{"stream_name":"stderr","time":39.765478774,"data":" - typing-extensions==4.15.0\n"}
,{"stream_name":"stderr","time":39.765483319,"data":" + typing-extensions==4.16.0\n"}
,{"stream_name":"stderr","time":39.765487512,"data":" - tzdata==2026.1\n"}
,{"stream_name":"stderr","time":39.765491574,"data":" + tzdata==2026.3\n"}
,{"stream_name":"stderr","time":39.765495578,"data":" - urllib3==2.5.0\n"}
,{"stream_name":"stderr","time":39.765662053,"data":" + urllib3==2.7.0\n"}
,{"stream_name":"stderr","time":39.765673643,"data":" - wcwidth==0.6.0\n"}
,{"stream_name":"stderr","time":39.765678615,"data":" + wcwidth==0.8.2\n"}
,{"stream_name":"stderr","time":39.765683163,"data":" - wrapt==2.1.2\n"}
,{"stream_name":"stderr","time":39.765694886,"data":" + wrapt==2.3.0\n"}
,{"stream_name":"stderr","time":39.765796657,"data":" - xgboost==3.2.0\n"}
,{"stream_name":"stderr","time":39.76580302,"data":" + xgboost==3.3.0\n"}
,{"stream_name":"stderr","time":39.765860049,"data":" - xxhash==3.6.0\n"}
,{"stream_name":"stderr","time":39.765899857,"data":" + xxhash==3.8.1\n"}
,{"stream_name":"stderr","time":39.765981847,"data":" - yarl==1.23.0\n"}
,{"stream_name":"stderr","time":39.766003819,"data":" + yarl==1.24.5\n"}
,{"stream_name":"stdout","time":39.774199806,"data":"IOAI environment ready (wheels from /kaggle/input/datasets/kamalkhan/ioai-2026-wheel-dataset)\n"}
,{"stream_name":"stderr","time":68.88510286100001,"data":"\rLoading weights:   0%|          | 0/199 [00:00\u003c?, ?it/s]\rLoading weights:  28%|██▊       | 56/199 [00:00\u003c00:00, 554.09it/s]\rLoading weights:  62%|██████▏   | 123/199 [00:00\u003c00:00, 606.42it/s]\rLoading weights:  95%|█████████▌| 190/199 [00:00\u003c00:00, 634.83it/s]\rLoading weights: 100%|██████████| 199/199 [00:00\u003c00:00, 635.03it/s]\n"}
,{"stream_name":"stdout","time":72.90182173,"data":"device=cuda:0 gpu=Tesla T4 train_sentences=33337\n"}
,{"stream_name":"stdout","time":73.823768165,"data":"train step 1/348 loss=0.70238 elapsed=0.9s\n"}
,{"stream_name":"stdout","time":132.236377639,"data":"train step 175/348 loss=0.12004 elapsed=59.3s\n"}
,{"stream_name":"stdout","time":193.260069567,"data":"train step 348/348 loss=0.01264 elapsed=120.4s\n"}
,{"stream_name":"stdout","time":238.094687433,"data":"wrote /kaggle/working/submission.csv with 760 rows\n"}
,{"stream_name":"stdout","time":238.095292528,"data":"dev score: 95.688 | exact: 358/380 | MAE: 13.03 | total: 171.4s | peak_vram_gb: 5.00\n"}
,{"stream_name":"stderr","time":241.920863196,"data":"/usr/local/lib/python3.12/dist-packages/mistune.py:435: SyntaxWarning: invalid escape sequence '\\|'\n"}
,{"stream_name":"stderr","time":241.920937288,"data":"  cells[i][c] = re.sub('\\\\\\\\\\|', '|', cell)\n"}
,{"stream_name":"stderr","time":242.154489953,"data":"/usr/local/lib/python3.12/dist-packages/nbconvert/filters/filter_links.py:36: SyntaxWarning: invalid escape sequence '\\_'\n"}
,{"stream_name":"stderr","time":242.154532696,"data":"  text = re.sub(r'_', '\\_', text) # Escape underscores in display text\n"}
,{"stream_name":"stderr","time":242.951997163,"data":"[NbConvertApp] Converting notebook __script__.ipynb to html\n"}
,{"stream_name":"stderr","time":244.351644864,"data":"[NbConvertApp] Writing 356302 bytes to __results__.html\n"}
]