[{"stream_name":"stderr","time":6.517283001,"data":"Using Python 3.12.13 environment at: /usr\n"}
,{"stream_name":"stderr","time":6.703237021,"data":"Resolved 159 packages in 115ms\n"}
,{"stream_name":"stderr","time":30.755644842,"data":"Prepared 118 packages in 24.05s\n"}
,{"stream_name":"stderr","time":34.93705615,"data":"Uninstalled 106 packages in 4.18s\n"}
,{"stream_name":"stderr","time":35.333811878,"data":"Installed 118 packages in 396ms\n"}
,{"stream_name":"stderr","time":35.334188313,"data":" - absl-py==1.4.0\n"}
,{"stream_name":"stderr","time":35.334303437,"data":" + absl-py==2.5.0\n"}
,{"stream_name":"stderr","time":35.334313467,"data":" - accelerate==1.13.0\n"}
,{"stream_name":"stderr","time":35.334457658,"data":" + accelerate==1.14.0\n"}
,{"stream_name":"stderr","time":35.334492855,"data":" - aiohappyeyeballs==2.6.1\n"}
,{"stream_name":"stderr","time":35.334500943,"data":" + aiohappyeyeballs==2.7.1\n"}
,{"stream_name":"stderr","time":35.334529382,"data":" - aiohttp==3.13.5\n"}
,{"stream_name":"stderr","time":35.334656633,"data":" + aiohttp==3.14.3\n"}
,{"stream_name":"stderr","time":35.334667406,"data":" - alembic==1.18.4\n"}
,{"stream_name":"stderr","time":35.334741813,"data":" + alembic==1.18.5\n"}
,{"stream_name":"stderr","time":35.3348464,"data":" - annotated-doc==0.0.4\n"}
,{"stream_name":"stderr","time":35.334903227,"data":" + annotated-doc==0.0.5\n"}
,{"stream_name":"stderr","time":35.334911758,"data":" - annotated-types==0.7.0\n"}
,{"stream_name":"stderr","time":35.334968624,"data":" + annotated-types==0.8.0\n"}
,{"stream_name":"stderr","time":35.335041619,"data":" - anyio==4.13.0\n"}
,{"stream_name":"stderr","time":35.335125313,"data":" + anyio==4.14.2\n"}
,{"stream_name":"stderr","time":35.335161276,"data":" - asttokens==3.0.1\n"}
,{"stream_name":"stderr","time":35.335227824,"data":" + asttokens==3.0.2\n"}
,{"stream_name":"stderr","time":35.335281473,"data":" + async-lru==2.3.0\n"}
,{"stream_name":"stderr","time":35.335409931,"data":" - beautifulsoup4==4.13.5\n"}
,{"stream_name":"stderr","time":35.335421646,"data":" + beautifulsoup4==4.15.0\n"}
,{"stream_name":"stderr","time":35.33548329,"data":" - blinker==1.9.0\n"}
,{"stream_name":"stderr","time":35.335533463,"data":" + blinker==1.7.0\n"}
,{"stream_name":"stderr","time":35.335594264,"data":" - certifi==2026.4.22\n"}
,{"stream_name":"stderr","time":35.335678604,"data":" + certifi==2026.7.22\n"}
,{"stream_name":"stderr","time":35.335706659,"data":" - cffi==2.0.0\n"}
,{"stream_name":"stderr","time":35.335775723,"data":" + cffi==2.1.0\n"}
,{"stream_name":"stderr","time":35.335829946,"data":" - charset-normalizer==3.4.7\n"}
,{"stream_name":"stderr","time":35.335877319,"data":" + charset-normalizer==3.4.9\n"}
,{"stream_name":"stderr","time":35.335941167,"data":" - click==8.3.3\n"}
,{"stream_name":"stderr","time":35.336001734,"data":" + click==8.4.2\n"}
,{"stream_name":"stderr","time":35.336036956,"data":" - cloudpathlib==0.23.0\n"}
,{"stream_name":"stderr","time":35.336085877,"data":" + cloudpathlib==0.24.0\n"}
,{"stream_name":"stderr","time":35.336164998,"data":" - cryptography==43.0.3\n"}
,{"stream_name":"stderr","time":35.336180012,"data":" + cryptography==41.0.7\n"}
,{"stream_name":"stderr","time":35.336247674,"data":" - cuda-toolkit==12.8.1\n"}
,{"stream_name":"stderr","time":35.336287577,"data":" + cuda-toolkit==12.6.3\n"}
,{"stream_name":"stderr","time":35.336433889,"data":" + evaluate==0.4.6\n"}
,{"stream_name":"stderr","time":35.336458681,"data":" + executing==2.2.1\n"}
,{"stream_name":"stderr","time":35.336464847,"data":" + fasttext-numpy2==0.10.4\n"}
,{"stream_name":"stderr","time":35.336650371,"data":" - filelock==3.29.0\n"}
,{"stream_name":"stderr","time":35.336657394,"data":" + filelock==3.32.2\n"}
,{"stream_name":"stderr","time":35.336719877,"data":" - fonttools==4.62.1\n"}
,{"stream_name":"stderr","time":35.336724846,"data":" + fonttools==4.63.0\n"}
,{"stream_name":"stderr","time":35.336729609,"data":" - fsspec==2025.3.0\n"}
,{"stream_name":"stderr","time":35.336780723,"data":" + fsspec==2026.4.0\n"}
,{"stream_name":"stderr","time":35.336796474,"data":" - gitpython==3.1.47\n"}
,{"stream_name":"stderr","time":35.336887858,"data":" + gitpython==3.1.57\n"}
,{"stream_name":"stderr","time":35.336904842,"data":" - greenlet==3.4.0\n"}
,{"stream_name":"stderr","time":35.336948574,"data":" + greenlet==3.5.4\n"}
,{"stream_name":"stderr","time":35.337017065,"data":" - grpcio==1.81.1\n"}
,{"stream_name":"stderr","time":35.337060693,"data":" + grpcio==1.83.0\n"}
,{"stream_name":"stderr","time":35.33722122,"data":" - hf-xet==1.4.3\n"}
,{"stream_name":"stderr","time":35.337228562,"data":" + hf-xet==1.5.2\n"}
,{"stream_name":"stderr","time":35.337233135,"data":" - httplib2==0.31.2\n"}
,{"stream_name":"stderr","time":35.337256951,"data":" + httplib2==0.20.4\n"}
,{"stream_name":"stderr","time":35.337436179,"data":" - huggingface-hub==1.11.0\n"}
,{"stream_name":"stderr","time":35.33744749,"data":" + huggingface-hub==1.26.0\n"}
,{"stream_name":"stderr","time":35.337452072,"data":" - idna==3.13\n"}
,{"stream_name":"stderr","time":35.337561512,"data":" + idna==3.18\n"}
,{"stream_name":"stderr","time":35.3375676,"data":" - imageio==2.37.3\n"}
,{"stream_name":"stderr","time":35.337572397,"data":" + imageio==2.37.4\n"}
,{"stream_name":"stderr","time":35.337643059,"data":" + ioai-env==0.2.0\n"}
,{"stream_name":"stderr","time":35.33765913,"data":" - lightgbm==4.6.0\n"}
,{"stream_name":"stderr","time":35.337724812,"data":" + lightgbm==4.7.0\n"}
,{"stream_name":"stderr","time":35.337764327,"data":" - llvmlite==0.43.0\n"}
,{"stream_name":"stderr","time":35.337826468,"data":" + llvmlite==0.48.0\n"}
,{"stream_name":"stderr","time":35.337840833,"data":" - mako==1.3.11\n"}
,{"stream_name":"stderr","time":35.337914684,"data":" + mako==1.3.12\n"}
,{"stream_name":"stderr","time":35.337962324,"data":" - markdown==3.10.2\n"}
,{"stream_name":"stderr","time":35.337995325,"data":" + markdown==3.10.3\n"}
,{"stream_name":"stderr","time":35.338070484,"data":" - markdown-it-py==4.0.0\n"}
,{"stream_name":"stderr","time":35.338126444,"data":" + markdown-it-py==4.2.0\n"}
,{"stream_name":"stderr","time":35.338189452,"data":" - matplotlib==3.10.0\n"}
,{"stream_name":"stderr","time":35.338232074,"data":" + matplotlib==3.11.1\n"}
,{"stream_name":"stderr","time":35.338292537,"data":" - msgpack==1.1.2\n"}
,{"stream_name":"stderr","time":35.338340589,"data":" + msgpack==1.2.1\n"}
,{"stream_name":"stderr","time":35.339452119,"data":" - multiprocess==0.70.16\n"}
,{"stream_name":"stderr","time":35.339469641,"data":" + multiprocess==0.70.19\n"}
,{"stream_name":"stderr","time":35.339476254,"data":" - narwhals==2.20.0\n"}
,{"stream_name":"stderr","time":35.339481667,"data":" + narwhals==2.24.0\n"}
,{"stream_name":"stderr","time":35.339486767,"data":" + nest-asyncio2==1.7.2\n"}
,{"stream_name":"stderr","time":35.339491399,"data":" - nltk==3.9.1\n"}
,{"stream_name":"stderr","time":35.339496484,"data":" + nltk==3.10.0\n"}
,{"stream_name":"stderr","time":35.339501449,"data":" - numba==0.60.0\n"}
,{"stream_name":"stderr","time":35.339518465,"data":" + numba==0.66.0\n"}
,{"stream_name":"stderr","time":35.339523716,"data":" - numpy==2.0.2\n"}
,{"stream_name":"stderr","time":35.33952877,"data":" + numpy==2.4.6\n"}
,{"stream_name":"stderr","time":35.339533435,"data":" - nvidia-cublas-cu12==12.8.4.1\n"}
,{"stream_name":"stderr","time":35.339538764,"data":" + nvidia-cublas-cu12==12.6.4.1\n"}
,{"stream_name":"stderr","time":35.33954392,"data":" - nvidia-cuda-cupti-cu12==12.8.90\n"}
,{"stream_name":"stderr","time":35.339548965,"data":" + nvidia-cuda-cupti-cu12==12.6.80\n"}
,{"stream_name":"stderr","time":35.339553922,"data":" - nvidia-cuda-nvrtc-cu12==12.8.93\n"}
,{"stream_name":"stderr","time":35.33955869,"data":" + nvidia-cuda-nvrtc-cu12==12.6.85\n"}
,{"stream_name":"stderr","time":35.339563399,"data":" - nvidia-cuda-runtime-cu12==12.8.90\n"}
,{"stream_name":"stderr","time":35.339568451,"data":" + nvidia-cuda-runtime-cu12==12.6.77\n"}
,{"stream_name":"stderr","time":35.339572924,"data":" - nvidia-cufft-cu12==11.3.3.83\n"}
,{"stream_name":"stderr","time":35.33957744,"data":" + nvidia-cufft-cu12==11.3.0.4\n"}
,{"stream_name":"stderr","time":35.339581881,"data":" - nvidia-cufile-cu12==1.13.1.3\n"}
,{"stream_name":"stderr","time":35.339586411,"data":" + nvidia-cufile-cu12==1.11.1.6\n"}
,{"stream_name":"stderr","time":35.339590754,"data":" - nvidia-curand-cu12==10.3.9.90\n"}
,{"stream_name":"stderr","time":35.339595464,"data":" + nvidia-curand-cu12==10.3.7.77\n"}
,{"stream_name":"stderr","time":35.339599547,"data":" - nvidia-cusolver-cu12==11.7.3.90\n"}
,{"stream_name":"stderr","time":35.339604733,"data":" + nvidia-cusolver-cu12==11.7.1.2\n"}
,{"stream_name":"stderr","time":35.339612388,"data":" - nvidia-cusparse-cu12==12.5.8.93\n"}
,{"stream_name":"stderr","time":35.339617259,"data":" + nvidia-cusparse-cu12==12.5.4.2\n"}
,{"stream_name":"stderr","time":35.339621733,"data":" - nvidia-nccl-cu12==2.27.5\n"}
,{"stream_name":"stderr","time":35.339691531,"data":" + nvidia-nccl-cu12==2.29.3\n"}
,{"stream_name":"stderr","time":35.339727755,"data":" - nvidia-nvjitlink-cu12==12.8.93\n"}
,{"stream_name":"stderr","time":35.339802454,"data":" + nvidia-nvjitlink-cu12==12.6.85\n"}
,{"stream_name":"stderr","time":35.339859957,"data":" - nvidia-nvtx-cu12==12.8.90\n"}
,{"stream_name":"stderr","time":35.33991099,"data":" + nvidia-nvtx-cu12==12.6.77\n"}
,{"stream_name":"stderr","time":35.339984859,"data":" - oauthlib==3.3.1\n"}
,{"stream_name":"stderr","time":35.340030576,"data":" + oauthlib==3.2.2\n"}
,{"stream_name":"stderr","time":35.34010909,"data":" - opencv-python==4.13.0.92\n"}
,{"stream_name":"stderr","time":35.340173493,"data":" + opencv-python==5.0.0.93\n"}
,{"stream_name":"stderr","time":35.340264577,"data":" - opencv-python-headless==4.13.0.92\n"}
,{"stream_name":"stderr","time":35.340351217,"data":" + opencv-python-headless==5.0.0.93\n"}
,{"stream_name":"stderr","time":35.340394754,"data":" - packaging==26.1\n"}
,{"stream_name":"stderr","time":35.340449994,"data":" + packaging==26.2\n"}
,{"stream_name":"stderr","time":35.340518799,"data":" - pandas==2.3.3\n"}
,{"stream_name":"stderr","time":35.340619987,"data":" + pandas==3.0.5\n"}
,{"stream_name":"stderr","time":35.340653814,"data":" - pillow==11.3.0\n"}
,{"stream_name":"stderr","time":35.340734095,"data":" + pillow==12.3.0\n"}
,{"stream_name":"stderr","time":35.340821406,"data":" - platformdirs==4.9.6\n"}
,{"stream_name":"stderr","time":35.340827854,"data":" + platformdirs==4.11.0\n"}
,{"stream_name":"stderr","time":35.340936084,"data":" - plotly==5.24.1\n"}
,{"stream_name":"stderr","time":35.34096334,"data":" + plotly==6.9.0\n"}
,{"stream_name":"stderr","time":35.340999867,"data":" - polars==1.35.2\n"}
,{"stream_name":"stderr","time":35.341067407,"data":" + polars==1.43.0\n"}
,{"stream_name":"stderr","time":35.341115106,"data":" - polars-runtime-32==1.35.2\n"}
,{"stream_name":"stderr","time":35.341180029,"data":" + polars-runtime-32==1.43.0\n"}
,{"stream_name":"stderr","time":35.341248387,"data":" - prompt-toolkit==3.0.52\n"}
,{"stream_name":"stderr","time":35.341423095,"data":" + prompt-toolkit==3.0.53\n"}
,{"stream_name":"stderr","time":35.341433559,"data":" - propcache==0.4.1\n"}
,{"stream_name":"stderr","time":35.341445818,"data":" + propcache==0.5.2\n"}
,{"stream_name":"stderr","time":35.341507981,"data":" - protobuf==5.29.5\n"}
,{"stream_name":"stderr","time":35.341561845,"data":" + protobuf==7.35.1\n"}
,{"stream_name":"stderr","time":35.341602234,"data":" - psutil==5.9.5\n"}
,{"stream_name":"stderr","time":35.341670558,"data":" + psutil==7.2.2\n"}
,{"stream_name":"stderr","time":35.341743125,"data":" + pure-eval==0.2.3\n"}
,{"stream_name":"stderr","time":35.341756505,"data":" - pyarrow==24.0.0\n"}
,{"stream_name":"stderr","time":35.341827888,"data":" + pyarrow==25.0.0\n"}
,{"stream_name":"stderr","time":35.341882251,"data":" - pydantic==2.12.3\n"}
,{"stream_name":"stderr","time":35.341909747,"data":" + pydantic==2.13.4\n"}
,{"stream_name":"stderr","time":35.342001266,"data":" - pydantic-core==2.41.4\n"}
,{"stream_name":"stderr","time":35.342011435,"data":" + pydantic-core==2.46.4\n"}
,{"stream_name":"stderr","time":35.34208819,"data":" - pyjwt==2.12.1\n"}
,{"stream_name":"stderr","time":35.342123368,"data":" + pyjwt==2.7.0\n"}
,{"stream_name":"stderr","time":35.342177523,"data":" - pyparsing==3.3.2\n"}
,{"stream_name":"stderr","time":35.342280609,"data":" + pyparsing==3.1.1\n"}
,{"stream_name":"stderr","time":35.342286667,"data":" - regex==2025.11.3\n"}
,{"stream_name":"stderr","time":35.342372209,"data":" + regex==2026.7.19\n"}
,{"stream_name":"stderr","time":35.342439971,"data":" - requests==2.32.4\n"}
,{"stream_name":"stderr","time":35.342477683,"data":" + requests==2.34.2\n"}
,{"stream_name":"stderr","time":35.342533787,"data":" - rich==13.9.4\n"}
,{"stream_name":"stderr","time":35.342572589,"data":" + rich==15.0.0\n"}
,{"stream_name":"stderr","time":35.342634849,"data":" - rpds-py==0.30.0\n"}
,{"stream_name":"stderr","time":35.342677526,"data":" + rpds-py==2026.6.3\n"}
,{"stream_name":"stderr","time":35.342727947,"data":" - safetensors==0.7.0\n"}
,{"stream_name":"stderr","time":35.342781903,"data":" + safetensors==0.8.0\n"}
,{"stream_name":"stderr","time":35.342841108,"data":" - scikit-image==0.25.2\n"}
,{"stream_name":"stderr","time":35.342897099,"data":" + scikit-image==0.26.0\n"}
,{"stream_name":"stderr","time":35.342934095,"data":" - scikit-learn==1.6.1\n"}
,{"stream_name":"stderr","time":35.343001243,"data":" + scikit-learn==1.9.0\n"}
,{"stream_name":"stderr","time":35.343038907,"data":" - scipy==1.16.3\n"}
,{"stream_name":"stderr","time":35.343088387,"data":" + scipy==1.18.0\n"}
,{"stream_name":"stderr","time":35.343137434,"data":" - sentence-transformers==5.4.1\n"}
,{"stream_name":"stderr","time":35.343217711,"data":" + sentence-transformers==5.6.1\n"}
,{"stream_name":"stderr","time":35.343245183,"data":" - setuptools==81.0.0\n"}
,{"stream_name":"stderr","time":35.343304238,"data":" + setuptools==83.0.0\n"}
,{"stream_name":"stderr","time":35.343373366,"data":" - smart-open==7.6.0\n"}
,{"stream_name":"stderr","time":35.343424165,"data":" + smart-open==8.0.1\n"}
,{"stream_name":"stderr","time":35.343867547,"data":" - soundfile==0.13.1\n"}
,{"stream_name":"stderr","time":35.343872867,"data":" + soundfile==0.14.0\n"}
,{"stream_name":"stderr","time":35.343875421999996,"data":" - soupsieve==2.8.3\n"}
,{"stream_name":"stderr","time":35.343877664,"data":" + soupsieve==2.9.1\n"}
,{"stream_name":"stderr","time":35.343879813,"data":" - soxr==1.0.0\n"}
,{"stream_name":"stderr","time":35.343882062,"data":" + soxr==1.1.0\n"}
,{"stream_name":"stderr","time":35.343934624,"data":" - sqlalchemy==2.0.49\n"}
,{"stream_name":"stderr","time":35.343942017,"data":" + sqlalchemy==2.0.51\n"}
,{"stream_name":"stderr","time":35.343946629,"data":" + stack-data==0.6.3\n"}
,{"stream_name":"stderr","time":35.343968316,"data":" + standard-aifc==3.13.0\n"}
,{"stream_name":"stderr","time":35.344019496,"data":" + standard-chunk==3.13.0\n"}
,{"stream_name":"stderr","time":35.344050804,"data":" + standard-sunau==3.13.0\n"}
,{"stream_name":"stderr","time":35.344095762,"data":" - stringzilla==4.6.0\n"}
,{"stream_name":"stderr","time":35.344172536,"data":" + stringzilla==5.0.7\n"}
,{"stream_name":"stderr","time":35.34424678,"data":" - tensorboard==2.20.0\n"}
,{"stream_name":"stderr","time":35.344252205,"data":" + tensorboard==2.21.0\n"}
,{"stream_name":"stderr","time":35.344305723,"data":" - tifffile==2026.4.11\n"}
,{"stream_name":"stderr","time":35.344357982,"data":" + tifffile==2026.7.31\n"}
,{"stream_name":"stderr","time":35.344472647,"data":" - torch==2.10.0+cu128\n"}
,{"stream_name":"stderr","time":35.344479544,"data":" + torch==2.13.0\n"}
,{"stream_name":"stderr","time":35.34454544,"data":" - torchaudio==2.10.0+cu128\n"}
,{"stream_name":"stderr","time":35.344594049,"data":" + torchaudio==2.11.0\n"}
,{"stream_name":"stderr","time":35.344664686,"data":" - torchvision==0.25.0+cu128\n"}
,{"stream_name":"stderr","time":35.344709565,"data":" + torchvision==0.28.0\n"}
,{"stream_name":"stderr","time":35.344752213,"data":" - tqdm==4.67.3\n"}
,{"stream_name":"stderr","time":35.344830322,"data":" + tqdm==4.69.1\n"}
,{"stream_name":"stderr","time":35.344857885,"data":" - traitlets==5.15.1\n"}
,{"stream_name":"stderr","time":35.344902467,"data":" + traitlets==5.16.0\n"}
,{"stream_name":"stderr","time":35.344975858,"data":" - transformers==5.0.0\n"}
,{"stream_name":"stderr","time":35.345036975,"data":" + transformers==5.14.1\n"}
,{"stream_name":"stderr","time":35.345061918,"data":" - triton==3.6.0\n"}
,{"stream_name":"stderr","time":35.345114076,"data":" + triton==3.7.1\n"}
,{"stream_name":"stderr","time":35.345161144,"data":" + trl==1.9.0\n"}
,{"stream_name":"stderr","time":35.345264494,"data":" - typer==0.24.2\n"}
,{"stream_name":"stderr","time":35.345338136,"data":" + typer==0.27.0\n"}
,{"stream_name":"stderr","time":35.345356812,"data":" - typing-extensions==4.15.0\n"}
,{"stream_name":"stderr","time":35.345415562,"data":" + typing-extensions==4.16.0\n"}
,{"stream_name":"stderr","time":35.3454721,"data":" - tzdata==2026.1\n"}
,{"stream_name":"stderr","time":35.34554924,"data":" + tzdata==2026.3\n"}
,{"stream_name":"stderr","time":35.345579012,"data":" - urllib3==2.5.0\n"}
,{"stream_name":"stderr","time":35.345634061,"data":" + urllib3==2.7.0\n"}
,{"stream_name":"stderr","time":35.345689494,"data":" - wcwidth==0.6.0\n"}
,{"stream_name":"stderr","time":35.345783566,"data":" + wcwidth==0.8.2\n"}
,{"stream_name":"stderr","time":35.345806555,"data":" - wrapt==2.1.2\n"}
,{"stream_name":"stderr","time":35.345858676,"data":" + wrapt==2.3.0\n"}
,{"stream_name":"stderr","time":35.345919792,"data":" - xgboost==3.2.0\n"}
,{"stream_name":"stderr","time":35.345967957,"data":" + xgboost==3.3.0\n"}
,{"stream_name":"stderr","time":35.346028513,"data":" - xxhash==3.6.0\n"}
,{"stream_name":"stderr","time":35.346776438,"data":" + xxhash==3.8.1\n"}
,{"stream_name":"stderr","time":35.346790401,"data":" - yarl==1.23.0\n"}
,{"stream_name":"stderr","time":35.346830803,"data":" + yarl==1.24.5\n"}
,{"stream_name":"stdout","time":35.357073423,"data":"IOAI environment ready (wheels from /kaggle/input/datasets/kamalkhan/ioai-2026-wheel-dataset)\n"}
,{"stream_name":"stdout","time":207.598207523,"data":"encoded all splits in 167.46s\n"}
,{"stream_name":"stdout","time":215.822763104,"data":"epoch=1 score=24.7222 per_robot=[25.667, 25.333, 22.0, 23.667, 26.667, 25.0]\n"}
,{"stream_name":"stdout","time":217.868529888,"data":"epoch=2 score=44.0833 per_robot=[46.667, 45.0, 43.0, 44.667, 40.833, 44.333]\n"}
,{"stream_name":"stdout","time":219.933672697,"data":"epoch=3 score=45.0278 per_robot=[44.833, 47.667, 42.333, 45.333, 45.333, 44.667]\n"}
,{"stream_name":"stdout","time":221.80978516,"data":"epoch=4 score=52.0278 per_robot=[49.5, 51.5, 54.0, 51.833, 52.333, 53.0]\n"}
,{"stream_name":"stdout","time":223.855463126,"data":"epoch=5 score=49.4722 per_robot=[45.667, 49.667, 52.333, 51.167, 48.833, 49.167]\n"}
,{"stream_name":"stdout","time":225.904044781,"data":"epoch=6 score=52.0833 per_robot=[50.167, 54.667, 53.5, 50.333, 50.833, 53.0]\n"}
,{"stream_name":"stdout","time":227.947918444,"data":"epoch=7 score=54.0556 per_robot=[51.167, 57.5, 57.333, 50.667, 52.167, 55.5]\n"}
,{"stream_name":"stdout","time":230.00022572,"data":"epoch=8 score=51.6667 per_robot=[50.0, 53.167, 56.167, 50.167, 47.833, 52.667]\n"}
,{"stream_name":"stdout","time":231.876117586,"data":"epoch=9 score=52.0833 per_robot=[48.333, 53.5, 54.167, 52.333, 50.0, 54.167]\n"}
,{"stream_name":"stdout","time":233.929260621,"data":"epoch=10 score=54.4445 per_robot=[54.0, 57.5, 58.167, 51.5, 49.333, 56.167]\n"}
,{"stream_name":"stdout","time":236.001295209,"data":"epoch=11 score=53.6944 per_robot=[52.5, 56.0, 56.5, 53.167, 51.0, 53.0]\n"}
,{"stream_name":"stdout","time":238.041062752,"data":"epoch=12 score=54.0000 per_robot=[53.333, 55.5, 55.667, 54.833, 50.667, 54.0]\n"}
,{"stream_name":"stdout","time":240.114654264,"data":"epoch=13 score=54.8056 per_robot=[54.5, 56.833, 56.0, 53.667, 51.667, 56.167]\n"}
,{"stream_name":"stdout","time":242.00230936,"data":"epoch=14 score=54.3611 per_robot=[54.0, 55.667, 56.333, 54.667, 50.5, 55.0]\n"}
,{"stream_name":"stdout","time":244.05315222,"data":"epoch=15 score=54.4167 per_robot=[53.833, 55.667, 56.0, 55.0, 50.833, 55.167]\n"}
,{"stream_name":"stdout","time":244.164244159,"data":"best_epoch=13 validation=54.8056 wrote=/kaggle/working/submission.csv rows=7200 elapsed=204.02s\n"}
,{"stream_name":"stderr","time":247.757052239,"data":"/usr/local/lib/python3.12/dist-packages/mistune.py:435: SyntaxWarning: invalid escape sequence '\\|'\n"}
,{"stream_name":"stderr","time":247.757082051,"data":"  cells[i][c] = re.sub('\\\\\\\\\\|', '|', cell)\n"}
,{"stream_name":"stderr","time":247.969710195,"data":"/usr/local/lib/python3.12/dist-packages/nbconvert/filters/filter_links.py:36: SyntaxWarning: invalid escape sequence '\\_'\n"}
,{"stream_name":"stderr","time":247.969733122,"data":"  text = re.sub(r'_', '\\_', text) # Escape underscores in display text\n"}
,{"stream_name":"stderr","time":248.726266317,"data":"[NbConvertApp] Converting notebook __script__.ipynb to html\n"}
,{"stream_name":"stderr","time":250.052386104,"data":"[NbConvertApp] Writing 365067 bytes to __results__.html\n"}
]